backend/data/features.csv
date,product_id,product_name,category,brand,cost,base_price,price,demand,revenue,profit,margin,competitor_price,stock,is_weekend,day_of_week,month,holiday_name,holiday_boost,elasticity,price_lag_7d,price_to_base,price_to_competitor,demand_lag_1d,demand_lag_7d,demand_lag_30d,stock_level,log_price_ratio,log_demand
2026-03-20,E002,Smart Watch Ultra,Electronics,TechFit,85.0,199.99,159.06,67,10657.02,4962.02,46.56,207.99,56,0,4,3,Easter,0.0,-1.8,175.06,0.7953397669883494,0.7647483052069811,66.0,59.714285714285715,49.36666666666667,1.0,-0.22898587576900586,4.204692619390966
2026-03-21,E002,Smart Watch Ultra,Electronics,TechFit,85.0,199.99,176.21,59,10396.39,5381.39,51.76,180.9,76,1,5,3,Easter,0.0,-1.8,172.4157142857143,0.8810940547027352,0.9740740740740741,67.0,59.42857142857143,49.06666666666667,1.0,-0.12659089971735574,4.07753744390572
2026-03-22,E002,Smart Watch Ultra,Electronics,TechFit,85.0,199.99,177.32,68,12057.76,6277.76,52.06,210.04,51,1,6,3,Easter,0.0,-1.8,171.8085714285714,0.8866443322166108,0.8442201485431347,59.0,59.57142857142857,49.36666666666667,1.0,-0.12031135542114231,4.219507705176107
2026-03-23,E002,Smart Watch Ultra,Electronics,TechFit,85.0,199.99,179.18,51,9138.18,4803.18,52.56,180.61,82,0,0,3,Easter,0.0,-1.8,171.64000000000001,0.895944797239862,0.9920823874647029,68.0,60.285714285714285,48.8,2.0,-0.10987647812856267,3.9318256327243257
2026-03-24,E002,Smart Watch Ultra,Electronics,TechFit,85.0,199.99,187.15,46,8608.9,4698.9,54.58,182.37,103,0,1,3,Easter,0.0,-1.8,174.11285714285714,0.935796789839492,1.026210451280364,51.0,57.857142857142854,48.4,2.0,-0.06635693094755701,3.828641396489095
2026-03-25,E002,Smart Watch Ultra,Electronics,TechFit,85.0,199.99,205.54,42,8632.68,5062.68,58.65,172.35,128,0,2,3,Easter,0.0,-1.8,177.77142857142857,1.0277513875693784,1.1925732521032781,46.0,57.0,48.166666666666664,2.0,0.027373296898932004,3.7376696182833684
2026-03-26,E002,Smart Watch Ultra,Electronics,TechFit,85.0,199.99,195.79,47,9202.13,5207.13,56.59,222.4,123,0,3,3,Easter,0.0,-1.8,182.89285714285714,0.9789989499474973,0.8803507194244604,42.0,54.285714285714285,48.3,2.0,-0.02122470902881347,3.8501476017100584
2026-03-27,E002,Smart Watch Ultra,Electronics,TechFit,85.0,199.99,205.55,42,8633.1,5063.1,58.65,218.36,126,0,4,3,Easter,0.0,-1.8,189.53428571428572,1.0278013900695036,0.9413354094156439,47.0,50.714285714285715,48.2,2.0,0.027421948045892482,3.7376696182833684
2026-03-28,E002,Smart Watch Ultra,Electronics,TechFit,85.0,199.99,209.01,45,9405.45,5580.45,59.33,192.22,109,1,5,3,Easter,0.0,-1.8,194.22,1.0451022551127556,1.0873478306107585,42.0,48.714285714285715,48.333333333333336,2.0,0.04411473241214215,3.8066624897703196
2026-03-29,E002,Smart Watch Ultra,Electronics,TechFit,85.0,199.99,208.53,53,11052.09,6547.09,59.24,197.74,104,1,6,3,Easter,0.0,-1.8,198.67857142857142,1.0427021351067554,1.054566602609487,45.0,46.57142857142857,48.766666666666666,2.0,0.04181555048250923,3.970291913552122
2026-03-30,E002,Smart Watch Ultra,Electronics,TechFit,85.0,199.99,225.74,37,8352.38,5207.38,62.35,200.69,127,0,0,3,Easter,0.0,-1.8,205.32999999999998,1.128756437821891,1.124819373162589,53.0,44.57142857142857,48.8,2.0,0.12111652922948521,3.6109179126442243
2026-03-31,E002,Smart Watch Ultra,Electronics,TechFit,85.0,199.99,225.2,33,7431.6,4626.6,62.26,201.95,124,0,1,3,Easter,0.0,-1.8,210.76571428571427,1.1260563028151407,1.115127506808616,37.0,42.714285714285715,48.733333333333334,2.0,0.11872153096754025,3.4965075614664802
2026-04-01,E002,Smart Watch Ultra,Electronics,TechFit,85.0,199.99,223.98,32,7167.36,4447.36,62.05,171.2,129,0,2,4,Easter,0.0,-1.8,213.4,1.1199559977998899,1.3082943925233645,33.0,41.285714285714285,48.56666666666667,2.0,0.11328939685655234,3.4657359027997265
2026-04-02,E002,Smart Watch Ultra,Electronics,TechFit,85.0,199.99,225.94,33,7456.02,4651.02,62.38,177.18,150,0,3,4,Easter,0.0071,-1.8,217.70714285714286,1.129756487824391,1.275200361214584,32.0,39.285714285714285,48.36666666666667,2.0,0.12200211200078759,3.4965075614664802
2026-04-03,E002,Smart Watch Ultra,Electronics,TechFit,85.0,199.99,239.95,35,8398.25,5423.25,64.58,217.34,130,0,4,4,Easter,0.0143,-1.8,222.62142857142857,1.199809990499525,1.1040305512100854,33.0,38.285714285714285,48.3,2.0,0.18216320300625952,3.5553480614894135
2026-04-04,E002,Smart Watch Ultra,Electronics,TechFit,85.0,199.99,228.98,38,8701.24,5471.24,62.88,205.2,134,1,5,4,Easter,0.0214,-1.8,225.4742857142857,1.144957247862393,1.1158869395711501,35.0,37.285714285714285,48.13333333333333,2.0,0.13536729819767124,3.6375861597263857
2026-04-05,E002,Smart Watch Ultra,Electronics,TechFit,85.0,199.99,219.75,44,9669.0,5929.0,61.32,187.02,107,1,6,4,Easter,0.0286,-1.8,227.07714285714286,1.0988049402470124,1.1750080205325633,38.0,36.0,48.53333333333333,2.0,0.09422317126729138,3.784189633918261
2026-04-06,E002,Smart Watch Ultra,Electronics,TechFit,85.0,199.99,227.84,42,9569.28,5999.28,62.69,191.36,135,0,0,4,Easter,0.0357,-1.8,227.37714285714287,1.1392569628481424,1.1906354515050166,44.0,36.714285714285715,48.233333333333334,2.0,0.1303762629256159,3.7376696182833684
2026-04-07,E002,Smart Watch Ultra,Electronics,TechFit,85.0,199.99,209.23,45,9415.35,5590.35,59.37,176.1,96,0,1,4,Easter,0.0429,-1.8,225.0957142857143,1.0462023101155056,1.1881317433276548,42.0,38.42857142857143,48.13333333333333,2.0,0.0451667600531646,3.8066624897703196
2026-04-08,E002,Smart Watch Ultra,Electronics,TechFit,85.0,199.99,208.29,42,8748.18,5178.18,59.19,181.18,107,0,2,4,Easter,0.05,-1.8,222.8542857142857,1.0415020751037551,1.1496302020090516,45.0,39.857142857142854,48.2,2.0,0.04066397413529665,3.7376696182833684
2026-04-09,E002,Smart Watch Ultra,Electronics,TechFit,85.0,199.99,206.52,41,8467.32,4982.32,58.84,194.61,137,0,3,4,Easter,0.0571,-1.8,220.07999999999998,1.032651632581629,1.0611993217203637,42.0,41.0,48.06666666666667,2.0,0.03212989471345334,3.713572066704308
2026-04-10,E002,Smart Watch Ultra,Electronics,TechFit,85.0,199.99,198.56,44,8736.64,4996.64,57.19,228.16,127,0,4,4,Easter,0.0643,-1.8,214.16714285714286,0.992849642482124,0.8702664796633941,41.0,42.285714285714285,48.0,2.0,-0.007176043841697998,3.784189633918261
2026-04-11,E002,Smart Watch Ultra,Electronics,TechFit,85.0,199.99,190.29,63,11988.27,6633.27,55.33,180.24,81,1,5,4,Easter,0.0714,-1.8,208.64000000000001,0.9514975748787439,1.0557589880159786,44.0,45.857142857142854,48.2,2.0,-0.04971814098407962,4.143134726391533
2026-04-12,E002,Smart Watch Ultra,Electronics,TechFit,85.0,199.99,188.38,66,12433.08,6823.08,54.88,204.29,59,1,6,4,Easter,0.1,-1.8,204.15857142857143,0.9419470973548677,0.9221205149542318,63.0,49.0,48.86666666666667,1.0,-0.059806165903323986,4.189654742026425
2026-04-13,E002,Smart Watch Ultra,Electronics,TechFit,85.0,199.99,178.38,63,11237.94,5882.94,52.35,189.41,71,0,0,4,Easter,0.1,-1.8,197.09285714285713,0.8919445972298614,0.9417665381975608,66.0,52.0,48.93333333333333,1.0,-0.11435125905993379,4.143134726391533
2026-04-14,E002,Smart Watch Ultra,Electronics,TechFit,85.0,199.99,167.93,67,11251.31,5556.31,49.38,176.88,70,0,1,4,Easter,0.1,-1.8,191.19285714285712,0.83969198459923,0.949400723654455,63.0,55.142857142857146,48.93333333333333,1.0,-0.17472013939107844,4.204692619390966
2026-04-15,E002,Smart Watch Ultra,Electronics,TechFit,85.0,199.99,177.84,52,9247.68,4827.68,52.2,179.25,95,0,2,4,Easter,0.1,-1.8,186.84285714285713,0.8892444622231112,0.9921338912133891,67.0,56.57142857142857,49.13333333333333,2.0,-0.11738309564205388,3.9512437185814275
2026-04-16,E002,Smart Watch Ultra,Electronics,TechFit,85.0,199.99,167.55,67,11225.85,5530.85,49.27,190.19,51,0,3,4,Easter,0.1,-1.8,181.2757142857143,0.8377918895944797,0.8809611441190389,52.0,60.285714285714285,49.266666666666666,1.0,-0.17698555111467562,4.204692619390966
2026-04-17,E002,Smart Watch Ultra,Electronics,TechFit,85.0,199.99,176.19,59,10395.21,5380.21,51.76,185.27,89,0,4,4,Easter,0.1,-1.8,178.07999999999998,0.8809940497024851,0.95099044637556,67.0,62.42857142857143,49.63333333333333,2.0,-0.12670440709545727,4.07753744390572
2026-04-18,E002,Smart Watch Ultra,Electronics,TechFit,85.0,199.99,173.33,81,14039.73,7154.73,50.96,198.28,34,1,5,4,Easter,0.1,-1.8,175.65714285714287,0.8666933346667334,0.8741678434537019,59.0,65.0,50.13333333333333,1.0,-0.143070073344776,4.394449154672439
2026-04-19,E002,Smart Watch Ultra,Electronics,TechFit,85.0,199.99,174.92,68,11894.56,6114.56,51.41,219.83,83,1,6,4,Easter,0.0714,-1.8,173.7342857142857,0.8746437321866092,0.7957057726424964,81.0,65.28571428571429,50.166666666666664,2.0,-0.13393863875327533,4.219507705176107
2026-04-20,E002,Smart Watch Ultra,Electronics,TechFit,85.0,199.99,176.24,56,9869.44,5109.44,51.77,226.29,75,0,0,4,Easter,0.0643,-1.8,173.42857142857142,0.8812440622031101,0.7788236333907818,68.0,64.28571428571429,50.06666666666667,1.0,-0.12642066280390735,4.02535169073515
2026-04-21,E002,Smart Watch Ultra,Electronics,TechFit,85.0,199.99,178.22,57,10158.54,5313.54,52.31,204.46,100,0,1,4,Easter,0.0571,-1.8,174.89857142857142,0.8911445572278613,0.8716619387655287,56.0,62.857142857142854,49.7,2.0,-0.1152486231134213,4.04305126783455
2026-04-22,E002,Smart Watch Ultra,Electronics,TechFit,85.0,199.99,184.38,52,9587.76,5167.76,53.9,182.09,83,0,2,4,Easter,0.05,-1.8,175.83285714285716,0.9219460973048652,1.012576198583118,57.0,62.857142857142854,49.733333333333334,2.0,-0.08126851992754676,3.9512437185814275
2026-04-23,E002,Smart Watch Ultra,Electronics,TechFit,85.0,199.99,190.16,49,9317.84,5152.84,55.3,209.9,103,0,3,4,Easter,0.0429,-1.8,179.06285714285713,0.9508475423771188,0.9059552167698904,52.0,60.285714285714285,49.833333333333336,2.0,-0.05040154224605661,3.8918202981106265
2026-04-24,E002,Smart Watch Ultra,Electronics,TechFit,85.0,199.99,198.98,45,8954.1,5129.1,57.28,193.54,123,0,4,4,Easter,0.0357,-1.8,182.31857142857143,0.9949497474873743,1.0281078846750025,49.0,58.285714285714285,49.93333333333333,2.0,-0.005063048136781419,3.8066624897703196
2026-04-25,E002,Smart Watch Ultra,Electronics,TechFit,85.0,199.99,187.76,54,10139.04,5549.04,54.73,197.75,84,1,5,4,Easter,0.0286,-1.8,184.37999999999997,0.9388469423471173,0.9494816687737041,45.0,54.42857142857143,50.166666666666664,2.0,-0.063102813755227,3.9889840465642745
2026-04-26,E002,Smart Watch Ultra,Electronics,TechFit,85.0,199.99,206.34,56,11555.04,6795.04,58.81,183.92,104,1,6,4,Easter,0.0214,-1.8,188.86857142857144,1.031751587579379,1.121900826446281,54.0,52.714285714285715,50.63333333333333,2.0,0.031257928374234877,4.02535169073515
2026-04-27,E002,Smart Watch Ultra,Electronics,TechFit,85.0,199.99,217.17,32,6949.44,4229.44,60.86,224.38,141,0,0,4,Easter,0.0143,-1.8,194.71571428571428,1.0859042952147606,0.967867011320082,56.0,49.285714285714285,50.2,2.0,0.08241309167516463,3.4657359027997265
2026-04-28,E002,Smart Watch Ultra,Electronics,TechFit,85.0,199.99,208.75,45,9393.75,5568.75,59.28,178.35,122,0,1,4,Easter,0.0071,-1.8,199.07714285714286,1.0438021901095054,1.1704513596860107,32.0,47.57142857142857,49.93333333333333,2.0,0.04286999843296975,3.8066624897703196
2026-04-29,E002,Smart Watch Ultra,Electronics,TechFit,85.0,199.99,226.08,43,9721.44,6066.44,62.4,223.62,126,0,2,4,Mothers Day,0.0129,-1.8,205.03428571428572,1.1304565228261414,1.0110008049369466,45.0,46.285714285714285,50.13333333333333,2.0,0.12262155363822239,3.7612001156935624
2026-04-30,E002,Smart Watch Ultra,Electronics,TechFit,85.0,199.99,223.21,35,7812.35,4837.35,61.92,184.9,140,0,3,4,Mothers Day,0.0257,-1.8,209.75571428571428,1.1161058052902646,1.2071930773391022,43.0,44.285714285714285,50.2,2.0,0.10984566707292596,3.5553480614894135
2026-05-01,E002,Smart Watch Ultra,Electronics,TechFit,85.0,199.99,228.95,35,8013.25,5038.25,62.87,215.74,145,0,4,5,Mothers Day,0.0386,-1.8,214.03714285714287,1.144807240362018,1.0612311115231297,35.0,42.857142857142854,50.3,2.0,0.13523627380510933,3.5553480614894135
2026-05-02,E002,Smart Watch Ultra,Electronics,TechFit,85.0,199.99,236.05,38,8969.9,5739.9,63.99,176.63,138,1,5,5,Mothers Day,0.0514,-1.8,220.9357142857143,1.1803090154507725,1.3364094434693994,35.0,40.57142857142857,50.46666666666667,2.0,0.1657762816943007,3.6375861597263857
2026-05-03,E002,Smart Watch Ultra,Electronics,TechFit,85.0,199.99,228.2,39,8899.8,5584.8,62.75,217.83,108,1,6,5,Mothers Day,0.0643,-1.8,224.0585714285714,1.1410570528526425,1.0476059312307762,38.0,38.142857142857146,50.6,2.0,0.13195507212998012,3.6635616461296463
2026-05-04,E002,Smart Watch Ultra,Electronics,TechFit,85.0,199.99,233.06,34,7924.04,5034.04,63.53,213.19,138,0,0,5,Mothers Day,0.0771,-1.8,226.32857142857145,1.1653582679133956,1.0932032459308598,39.0,38.42857142857143,50.46666666666667,2.0,0.15302856584712218,3.5263605246161616
2026-05-05,E002,Smart Watch Ultra,Electronics,TechFit,85.0,199.99,228.45,44,10051.8,6311.8,62.79,185.1,106,0,1,5,Mothers Day,0.09,-1.8,229.14285714285714,1.1423071153557678,1.2341977309562397,34.0,38.285714285714285,50.46666666666667,2.0,0.1330500027112855,3.784189633918261
2026-05-06,E002,Smart Watch Ultra,Electronics,TechFit,85.0,199.99,211.61,50,10580.5,6330.5,59.83,197.71,118,0,2,5,Mothers Day,0.1029,-1.8,227.07571428571427,1.0581029051452573,1.0703049921602348,44.0,39.285714285714285,50.733333333333334,2.0,0.05647759254868501,3.912023005428146
2026-05-07,E002,Smart Watch Ultra,Electronics,TechFit,85.0,199.99,219.3,38,8333.4,5103.4,61.24,200.34,128,0,3,5,Mothers Day,0.1157,-1.8,226.5171428571429,1.096554827741387,1.0946391135070381,50.0,39.714285714285715,50.5,2.0,0.09217329012584745,3.6375861597263857
2026-05-08,E002,Smart Watch Ultra,Electronics,TechFit,85.0,199.99,212.85,47,10003.95,6008.95,60.07,211.79,123,0,4,5,Mothers Day,0.1286,-1.8,224.21714285714285,1.0643032151607579,1.0050049577411586,38.0,41.42857142857143,50.666666666666664,2.0,0.0623203269761662,3.8501476017100584
2026-05-09,E002,Smart Watch Ultra,Electronics,TechFit,85.0,199.99,201.48,62,12491.76,7221.76,57.81,204.57,80,1,5,5,Mothers Day,0.18,-1.8,219.2785714285714,1.007450372518626,0.9848951459158234,47.0,44.857142857142854,51.36666666666667,1.0,0.007422755579454724,4.127134385045092
2026-05-10,E002,Smart Watch Ultra,Electronics,TechFit,85.0,199.99,209.55,53,11106.15,6601.15,59.44,226.05,111,1,6,5,Mothers Day,0.18,-1.8,216.61428571428573,1.047802390119506,0.927007299270073,62.0,46.857142857142854,51.666666666666664,2.0,0.046695009073085464,3.970291913552122
2026-02-09,E003,Portable Charger 20K,Electronics,PowerMax,12.0,34.99,33.95,60,2037.0,1317.0,64.65,40.08,94,0,0,2,Valentines Day,0.1286,-2.5,33.95,0.9702772220634467,0.847055888223553,60.0,60.0,60.0,2.0,-0.030173452374891538,4.0943445622221
2026-02-10,E003,Portable Charger 20K,Electronics,PowerMax,12.0,34.99,33.96,67,2275.32,1471.32,64.66,35.95,62,0,1,2,Valentines Day,0.1429,-2.5,33.955,0.9705630180051443,0.9446453407510431,60.0,63.5,63.5,1.0,-0.02987894493645009,4.204692619390966
2026-02-11,E003,Portable Charger 20K,Electronics,PowerMax,12.0,34.99,32.69,69,2255.61,1427.61,63.29,38.17,42,0,2,2,Valentines Day,0.2,-2.5,33.53333333333333,0.9342669334095455,0.8564317526853549,67.0,65.33333333333333,65.33333333333333,1.0,-0.06799308564347753,4.23410650459726
2026-02-12,E003,Portable Charger 20K,Electronics,PowerMax,12.0,34.99,30.84,71,2189.64,1337.64,61.09,35.38,75,0,3,2,Valentines Day,0.2,-2.5,32.86,0.8813946841954844,0.8716789146410401,69.0,66.75,66.75,1.0,-0.12624975768446794,4.2626798770413155
2026-02-13,E003,Portable Charger 20K,Electronics,PowerMax,12.0,34.99,29.74,81,2408.94,1436.94,59.65,37.48,36,0,4,2,Valentines Day,0.2,-2.5,32.236000000000004,0.8499571306087452,0.7934898612593383,71.0,69.6,69.6,1.0,-0.16256936534758779,4.394449154672439
2026-02-14,E003,Portable Charger 20K,Electronics,PowerMax,12.0,34.99,30.17,88,2654.96,1598.96,60.23,31.22,11,1,5,2,Valentines Day,0.2,-2.5,31.891666666666666,0.8622463561017434,0.9663677130044844,81.0,72.66666666666667,72.66666666666667,0.0,-0.1482142532086269,4.477336814478207
2026-02-15,E003,Portable Charger 20K,Electronics,PowerMax,12.0,34.99,27.17,129,3504.93,1956.93,55.83,39.34,5,1,6,2,Valentines Day,0.2,-2.5,31.217142857142857,0.776507573592455,0.6906456532791052,88.0,80.71428571428571,80.71428571428571,0.0,-0.2529488829413402,4.859812404361672
2026-02-16,E003,Portable Charger 20K,Electronics,PowerMax,12.0,34.99,31.71,84,2663.64,1655.64,62.16,29.88,39,0,0,2,Valentines Day,0.2,-2.5,30.897142857142853,0.906258931123178,1.0612449799196788,129.0,84.14285714285714,81.125,1.0,-0.09843021782934075,4.430816798843313
2026-02-17,E003,Portable Charger 20K,Electronics,PowerMax,12.0,34.99,29.49,84,2477.16,1469.16,59.31,30.64,52,0,1,2,Valentines Day,0.2,-2.5,30.25857142857143,0.8428122320663045,0.9624673629242819,84.0,86.57142857142857,81.44444444444444,1.0,-0.17101108355241196,4.430816798843313
2026-02-18,E003,Portable Charger 20K,Electronics,PowerMax,12.0,34.99,32.7,68,2223.6,1407.6,63.3,30.45,74,0,2,2,Valentines Day,0.1429,-2.5,30.259999999999998,0.9345527293512432,1.0738916256157636,84.0,86.42857142857143,80.1,1.0,-0.06768722847638893,4.219507705176107
2026-02-19,E003,Portable Charger 20K,Electronics,PowerMax,12.0,34.99,30.65,78,2390.7,1454.7,60.85,31.89,32,0,3,2,Valentines Day,0.1286,-2.5,30.232857142857142,0.8759645613032294,0.9611163374098463,68.0,87.42857142857143,79.9090909090909,1.0,-0.13242964399737633,4.356708826689592
2026-02-20,E003,Portable Charger 20K,Electronics,PowerMax,12.0,34.99,31.06,72,2236.32,1372.32,61.37,35.67,39,0,4,2,Valentines Day,0.1143,-2.5,30.42142857142857,0.8876821949128322,0.8707597420801794,78.0,86.14285714285714,79.25,1.0,-0.11914148865905572,4.276666119016055
2026-02-21,E003,Portable Charger 20K,Electronics,PowerMax,12.0,34.99,31.64,91,2879.24,1787.24,62.07,35.25,16,1,5,2,Valentines Day,0.1,-2.5,30.631428571428575,0.9042583595312946,0.8975886524822695,72.0,86.57142857142857,80.15384615384616,0.0,-0.10064016348014355,4.51085950651685
