backend/data/features.csv
date,product_id,product_name,category,brand,cost,base_price,price,demand,revenue,profit,margin,competitor_price,stock,is_weekend,day_of_week,month,holiday_name,holiday_boost,elasticity,price_lag_7d,price_to_base,price_to_competitor,demand_lag_1d,demand_lag_7d,demand_lag_30d,stock_level,log_price_ratio,log_demand
2026-02-22,E003,Portable Charger 20K,Electronics,PowerMax,12.0,34.99,34.16,55,1878.8,1218.8,64.87,31.37,77,1,6,2,Valentines Day,0.0857,-2.5,31.629999999999995,0.9762789368390967,1.0889384762511953,91.0,76.0,78.35714285714286,1.0,-0.02400693745922771,4.007333185232471
2026-02-23,E003,Portable Charger 20K,Electronics,PowerMax,12.0,34.99,32.42,61,1977.62,1245.62,62.99,36.5,74,0,0,2,Valentines Day,0.0714,-2.5,31.731428571428573,0.9265504429837096,0.8882191780821919,55.0,72.71428571428571,77.2,1.0,-0.07628679007206667,4.110873864173311
2026-02-24,E003,Portable Charger 20K,Electronics,PowerMax,12.0,34.99,35.97,54,1942.38,1294.38,66.64,30.03,81,0,1,2,Valentines Day,0.0571,-2.5,32.65714285714286,1.0280080022863674,1.1978021978021978,61.0,68.42857142857143,75.75,2.0,0.02762295132793573,3.9889840465642745
2026-02-25,E003,Portable Charger 20K,Electronics,PowerMax,12.0,34.99,36.84,42,1547.28,1043.28,67.43,29.95,100,0,2,2,Valentines Day,0.0429,-2.5,33.248571428571424,1.0528722492140612,1.2300500834724541,54.0,64.71428571428571,73.76470588235294,2.0,0.05152190500750947,3.7376696182833684
2026-02-26,E003,Portable Charger 20K,Electronics,PowerMax,12.0,34.99,36.57,48,1755.36,1179.36,67.19,36.59,94,0,3,2,Valentines Day,0.0286,-2.5,34.09428571428571,1.0451557587882252,0.9994534025690078,42.0,60.42857142857143,72.33333333333333,2.0,0.04416592578169318,3.871201010907891
2026-02-27,E003,Portable Charger 20K,Electronics,PowerMax,12.0,34.99,37.82,41,1550.62,1058.62,68.27,37.32,132,0,4,2,Valentines Day,0.0143,-2.5,35.06,1.0808802515004285,1.0133976420150053,48.0,56.0,70.6842105263158,2.0,0.07777575685071464,3.713572066704308
2026-02-28,E003,Portable Charger 20K,Electronics,PowerMax,12.0,34.99,38.51,49,1886.99,1298.99,68.84,36.75,90,1,5,2,Valentines Day,0.0,-2.5,36.04142857142857,1.1006001714775648,1.047891156462585,41.0,50.0,69.6,2.0,0.0958556414472207,3.8918202981106265
2026-03-01,E003,Portable Charger 20K,Electronics,PowerMax,12.0,34.99,40.16,40,1606.4,1126.4,70.12,29.88,103,1,6,3,Valentines Day,0.0,-2.5,36.89857142857142,1.1477565018576734,1.3440428380187415,49.0,47.857142857142854,68.19047619047619,2.0,0.1378091690038769,3.6888794541139363
2026-03-02,E003,Portable Charger 20K,Electronics,PowerMax,12.0,34.99,40.32,32,1290.24,906.24,70.24,34.17,152,0,0,3,Valentines Day,0.0,-2.5,38.027142857142856,1.1523292369248357,1.179982440737489,40.0,43.714285714285715,66.54545454545455,2.0,0.14178531738351655,3.4657359027997265
2026-03-03,E003,Portable Charger 20K,Electronics,PowerMax,12.0,34.99,39.66,40,1586.4,1106.4,69.74,32.46,115,0,1,3,Valentines Day,0.0,-2.5,38.55428571428571,1.133466704772792,1.22181146025878,32.0,41.714285714285715,65.3913043478261,2.0,0.12528081671205304,3.6888794541139363
2026-03-04,E003,Portable Charger 20K,Electronics,PowerMax,12.0,34.99,38.58,41,1581.78,1089.78,68.9,36.29,114,0,2,3,Valentines Day,0.0,-2.5,38.80285714285714,1.1026007430694482,1.0631027831358502,40.0,41.57142857142857,64.375,2.0,0.09767170109798619,3.713572066704308
2026-03-05,E003,Portable Charger 20K,Electronics,PowerMax,12.0,34.99,37.8,47,1776.6,1212.6,68.25,32.83,124,0,3,3,Valentines Day,0.0,-2.5,38.978571428571435,1.0803086596170333,1.1513859275053304,41.0,41.42857142857143,63.68,2.0,0.07724679624594519,3.8501476017100584
2026-03-06,E003,Portable Charger 20K,Electronics,PowerMax,12.0,34.99,38.96,39,1519.44,1051.44,69.2,38.86,121,0,4,3,Valentines Day,0.0,-2.5,39.14142857142857,1.1134609888539582,1.0025733401955739,47.0,41.142857142857146,62.73076923076923,2.0,0.1074731723947376,3.6635616461296463
2026-03-07,E003,Portable Charger 20K,Electronics,PowerMax,12.0,34.99,39.01,44,1716.44,1188.44,69.24,34.2,93,1,5,3,Valentines Day,0.0,-2.5,39.212857142857146,1.1148899685624463,1.1406432748538011,39.0,40.42857142857143,62.03703703703704,2.0,0.10875571713896835,3.784189633918261
2026-03-08,E003,Portable Charger 20K,Electronics,PowerMax,12.0,34.99,38.4,39,1497.6,1029.6,68.75,36.39,112,1,6,3,Valentines Day,0.0,-2.5,38.96142857142856,1.097456416118891,1.055234954657873,44.0,40.285714285714285,61.214285714285715,2.0,0.09299515321408451,3.6635616461296463
2026-03-09,E003,Portable Charger 20K,Electronics,PowerMax,12.0,34.99,37.3,42,1566.6,1062.6,67.83,40.07,117,0,0,3,Valentines Day,0.0,-2.5,38.529999999999994,1.0660188625321518,0.9308709757923633,39.0,41.714285714285715,60.55172413793103,2.0,0.063931020270173,3.7376696182833684
2026-03-10,E003,Portable Charger 20K,Electronics,PowerMax,12.0,34.99,35.51,45,1597.95,1057.95,66.21,29.93,127,0,1,3,Valentines Day,0.0,-2.5,37.93714285714286,1.0148613889682765,1.1864350150350818,42.0,42.42857142857143,60.03333333333333,2.0,0.01475204057539971,3.8066624897703196
2026-03-11,E003,Portable Charger 20K,Electronics,PowerMax,12.0,34.99,35.2,45,1584.0,1044.0,65.91,32.62,112,0,2,3,Valentines Day,0.0,-2.5,37.45428571428572,1.0060017147756501,1.0790925812385042,45.0,43.0,59.53333333333333,2.0,0.00598377622445471,3.8066624897703196
2026-03-12,E003,Portable Charger 20K,Electronics,PowerMax,12.0,34.99,34.98,52,1818.96,1194.96,65.69,31.91,76,0,3,3,Valentines Day,0.0,-2.5,37.05142857142857,0.9997142040583022,1.0962080852397367,45.0,43.714285714285715,59.03333333333333,1.0,-0.0002858367891407727,3.9512437185814275
2026-03-13,E003,Portable Charger 20K,Electronics,PowerMax,12.0,34.99,33.12,62,2053.44,1309.44,63.77,36.05,83,0,4,3,Valentines Day,0.0,-2.5,36.21714285714285,0.9465561589025434,0.9187239944521498,52.0,47.0,58.8,2.0,-0.0549249768625379,4.127134385045092
2026-03-14,E003,Portable Charger 20K,Electronics,PowerMax,12.0,34.99,29.97,76,2277.72,1365.72,59.96,35.19,30,1,5,3,Valentines Day,0.0,-2.5,34.925714285714285,0.8565304372677908,0.8516624040920716,62.0,51.57142857142857,58.96666666666667,1.0,-0.15486542505102485,4.330733340286331
2026-03-15,E003,Portable Charger 20K,Electronics,PowerMax,12.0,34.99,31.63,70,2214.1,1374.1,62.06,30.61,64,1,6,3,Valentines Day,0.0,-2.5,33.958571428571425,0.903972563589597,1.0333224436458675,76.0,56.0,58.6,1.0,-0.10095626906203922,4.248495242049359
2026-03-16,E003,Portable Charger 20K,Electronics,PowerMax,12.0,34.99,29.8,66,1966.8,1174.8,59.73,32.77,62,0,0,3,Valentines Day,0.0,-2.5,32.887142857142855,0.8516719062589311,0.9093683246872138,70.0,59.42857142857143,57.86666666666667,1.0,-0.16055391286823795,4.189654742026425
2026-03-17,E003,Portable Charger 20K,Electronics,PowerMax,12.0,34.99,28.97,87,2520.39,1476.39,58.58,35.69,25,0,1,3,Easter,0.0,-2.5,31.95285714285714,0.8279508430980279,0.8117119641356122,66.0,65.42857142857143,56.46666666666667,1.0,-0.18880149459833775,4.465908118654584
2026-03-18,E003,Portable Charger 20K,Electronics,PowerMax,12.0,34.99,30.29,73,2211.17,1335.17,60.38,37.43,43,0,2,3,Easter,0.0,-2.5,31.25142857142857,0.8656759074021149,0.8092439219877103,87.0,69.42857142857143,56.1,1.0,-0.14424468134045076,4.290459441148391
2026-03-19,E003,Portable Charger 20K,Electronics,PowerMax,12.0,34.99,29.17,80,2333.6,1373.6,58.86,34.95,44,0,3,3,Easter,0.0,-2.5,30.42142857142857,0.8336667619319805,0.834620886981402,73.0,73.42857142857143,55.96666666666667,1.0,-0.18192152249996665,4.382026634673881
2026-03-20,E003,Portable Charger 20K,Electronics,PowerMax,12.0,34.99,31.2,63,1965.6,1209.6,61.54,30.86,57,0,4,3,Easter,0.0,-2.5,30.147142857142857,0.8916833380965989,1.0110174983797797,80.0,73.57142857142857,55.8,1.0,-0.11464421156416008,4.143134726391533
2026-03-21,E003,Portable Charger 20K,Electronics,PowerMax,12.0,34.99,30.41,93,2828.13,1712.13,60.54,36.97,11,1,5,3,Easter,0.0,-2.5,30.21,0.8691054587024863,0.8225588314849879,63.0,76.0,56.3,0.0,-0.14029080469032348,4.532599493153256
2026-03-22,E003,Portable Charger 20K,Electronics,PowerMax,12.0,34.99,31.83,70,2228.1,1388.1,62.3,38.13,68,1,6,3,Easter,0.0,-2.5,30.23857142857143,0.9096884824235495,0.8347757671125098,93.0,76.0,56.233333333333334,1.0,-0.0946530650855953,4.248495242049359
2026-03-23,E003,Portable Charger 20K,Electronics,PowerMax,12.0,34.99,32.56,52,1693.12,1069.12,63.14,33.53,80,0,0,3,Easter,0.0,-2.5,30.632857142857144,0.9305515861674765,0.9710706829704743,70.0,74.0,54.93333333333333,1.0,-0.07197776524525706,3.9512437185814275
2026-03-24,E003,Portable Charger 20K,Electronics,PowerMax,12.0,34.99,32.78,62,2032.36,1288.36,63.39,31.68,78,0,1,3,Easter,0.0,-2.5,31.177142857142858,0.9368390968848243,1.0347222222222223,52.0,70.42857142857143,55.166666666666664,1.0,-0.06524373306391301,4.127134385045092
2026-03-25,E003,Portable Charger 20K,Electronics,PowerMax,12.0,34.99,34.3,55,1886.5,1226.5,65.01,38.21,96,0,2,3,Easter,0.0,-2.5,31.75,0.9802800800228635,0.8976707668149698,62.0,67.85714285714286,54.96666666666667,2.0,-0.01991695220770262,4.007333185232471
2026-03-26,E003,Portable Charger 20K,Electronics,PowerMax,12.0,34.99,35.87,49,1757.63,1169.63,66.55,32.36,102,0,3,3,Easter,0.0,-2.5,32.707142857142856,1.0251500428693912,1.1084672435105067,55.0,63.42857142857143,54.8,2.0,0.02483898516459445,3.8918202981106265
2026-03-27,E003,Portable Charger 20K,Electronics,PowerMax,12.0,34.99,36.53,46,1680.38,1128.38,67.15,31.64,111,0,4,3,Easter,0.0,-2.5,33.46857142857143,1.0440125750214346,1.154551201011378,49.0,61.0,54.93333333333333,2.0,0.04307153442759441,3.828641396489095
2026-03-28,E003,Portable Charger 20K,Electronics,PowerMax,12.0,34.99,35.99,58,2087.42,1391.42,66.66,39.44,103,1,5,3,Easter,0.0,-2.5,34.26571428571429,1.0285795941697629,0.9125253549695741,46.0,56.0,55.266666666666666,2.0,0.028178815711342738,4.060443010546419
2026-03-29,E003,Portable Charger 20K,Electronics,PowerMax,12.0,34.99,38.03,49,1863.47,1275.47,68.45,38.79,116,1,6,3,Easter,0.0,-2.5,35.151428571428575,1.086881966276079,0.980407321474607,58.0,53.0,55.53333333333333,2.0,0.08331301556057166,3.8918202981106265
2026-03-30,E003,Portable Charger 20K,Electronics,PowerMax,12.0,34.99,39.88,35,1395.8,975.8,69.91,30.13,134,0,0,3,Easter,0.0,-2.5,36.19714285714286,1.13975421549014,1.3235977431131765,49.0,50.57142857142857,55.06666666666667,2.0,0.13081263871404097,3.5553480614894135
2026-03-31,E003,Portable Charger 20K,Electronics,PowerMax,12.0,34.99,39.08,37,1445.96,1001.96,69.29,30.55,134,0,1,3,Easter,0.0,-2.5,37.097142857142856,1.1168905401543296,1.2792144026186578,35.0,47.0,54.96666666666667,2.0,0.11054852079498519,3.6109179126442243
2026-04-01,E003,Portable Charger 20K,Electronics,PowerMax,12.0,34.99,41.3,31,1280.3,908.3,70.94,30.43,131,0,2,4,Easter,0.0,-2.5,38.097142857142856,1.180337239211203,1.3572132763720013,37.0,43.57142857142857,54.93333333333333,2.0,0.1658001935873903,3.4339872044851463
2026-04-02,E003,Portable Charger 20K,Electronics,PowerMax,12.0,34.99,41.73,33,1377.09,981.09,71.24,33.09,139,0,3,4,Easter,0.0071,-2.5,38.93428571428571,1.192626464704201,1.2611060743427014,31.0,41.285714285714285,54.7,2.0,0.17615798822386447,3.4965075614664802
2026-04-03,E003,Portable Charger 20K,Electronics,PowerMax,12.0,34.99,40.49,38,1538.62,1082.62,70.36,32.19,105,0,4,4,Easter,0.0143,-2.5,39.5,1.1571877679336953,1.2578440509474993,33.0,40.142857142857146,54.6,2.0,0.14599272366447302,3.6375861597263857
2026-04-04,E003,Portable Charger 20K,Electronics,PowerMax,12.0,34.99,40.07,45,1803.15,1263.15,70.05,39.6,122,1,5,4,Easter,0.0214,-2.5,40.082857142857144,1.145184338382395,1.0118686868686868,38.0,38.285714285714285,54.53333333333333,2.0,0.13556561826845653,3.8066624897703196
2026-04-05,E003,Portable Charger 20K,Electronics,PowerMax,12.0,34.99,38.99,50,1949.5,1349.5,69.22,34.78,105,1,6,4,Easter,0.0286,-2.5,40.220000000000006,1.1143183766790512,1.121046578493387,45.0,38.42857142857143,54.9,2.0,0.10824289661490934,3.912023005428146
2026-04-06,E003,Portable Charger 20K,Electronics,PowerMax,12.0,34.99,38.42,46,1767.32,1215.32,68.77,34.16,118,0,0,4,Easter,0.0357,-2.5,40.01142857142857,1.0980280080022864,1.1247072599531618,50.0,40.0,54.96666666666667,2.0,0.09351585096081395,3.828641396489095
2026-04-07,E003,Portable Charger 20K,Electronics,PowerMax,12.0,34.99,37.63,42,1580.46,1076.46,68.11,33.46,107,0,1,4,Easter,0.0429,-2.5,39.80428571428571,1.0754501286081737,1.1246264196054991,46.0,40.714285714285715,55.06666666666667,2.0,0.07273929822574915,3.7376696182833684
2026-04-08,E003,Portable Charger 20K,Electronics,PowerMax,12.0,34.99,36.07,46,1659.22,1107.22,66.73,30.18,89,0,2,4,Easter,0.05,-2.5,39.05714285714286,1.0308659617033438,1.1951623591782639,42.0,42.857142857142854,55.2,2.0,0.030399188535850923,3.828641396489095
2026-04-09,E003,Portable Charger 20K,Electronics,PowerMax,12.0,34.99,36.04,50,1802.0,1202.0,66.7,33.78,107,0,3,4,Easter,0.0571,-2.5,38.244285714285716,1.030008573878251,1.0669034931912373,46.0,45.285714285714285,55.36666666666667,2.0,0.02956712636054053,3.912023005428146
2026-04-10,E003,Portable Charger 20K,Electronics,PowerMax,12.0,34.99,36.02,49,1764.98,1176.98,66.69,39.66,101,0,4,4,Easter,0.0643,-2.5,37.605714285714285,1.0294369819948557,0.9082198688855271,50.0,46.857142857142854,55.5,2.0,0.02901203336821336,3.8918202981106265
2026-04-11,E003,Portable Charger 20K,Electronics,PowerMax,12.0,34.99,32.72,75,2454.0,1554.0,63.33,40.15,39,1,5,4,Easter,0.0714,-2.5,36.55571428571429,0.9351243212346384,0.8149439601494396,49.0,51.142857142857146,56.266666666666666,1.0,-0.06707579464505042,4.31748811353631
2026-04-12,E003,Portable Charger 20K,Electronics,PowerMax,12.0,34.99,33.03,76,2510.28,1598.28,63.67,36.12,49,1,6,4,Easter,0.1,-2.5,35.70428571428572,0.943983995427265,0.914451827242525,75.0,54.857142857142854,56.733333333333334,1.0,-0.057646066976898336,4.330733340286331
2026-04-13,E003,Portable Charger 20K,Electronics,PowerMax,12.0,34.99,31.24,70,2186.8,1346.8,61.59,32.06,47,0,0,4,Easter,0.1,-2.5,34.67857142857143,0.8928265218633894,0.9744229569557079,76.0,58.285714285714285,56.53333333333333,1.0,-0.1133629814081116,4.248495242049359
2026-04-14,E003,Portable Charger 20K,Electronics,PowerMax,12.0,34.99,30.42,85,2585.7,1565.7,60.55,30.35,49,0,1,4,Easter,0.1,-2.5,33.64857142857143,0.8693912546441841,1.0023064250411862,70.0,64.42857142857143,57.03333333333333,1.0,-0.1399620195484498,4.442651256490317
2026-04-15,E003,Portable Charger 20K,Electronics,PowerMax,12.0,34.99,31.94,66,2108.04,1316.04,62.43,37.05,54,0,2,4,Easter,0.1,-2.5,33.058571428571426,0.9128322377822234,0.8620782726045885,85.0,67.28571428571429,57.03333333333333,1.0,-0.09120316359273034,4.189654742026425
2026-04-16,E003,Portable Charger 20K,Electronics,PowerMax,12.0,34.99,29.42,89,2618.38,1550.38,59.21,32.09,23,0,3,4,Easter,0.1,-2.5,32.112857142857145,0.8408116604744212,0.916796509816142,66.0,72.85714285714286,57.1,1.0,-0.17338759120630523,4.48863636973214
2026-04-17,E003,Portable Charger 20K,Electronics,PowerMax,12.0,34.99,31.39,83,2605.37,1609.37,61.77,30.7,49,0,4,4,Easter,0.1,-2.5,31.451428571428572,0.8971134609888539,1.0224755700325734,89.0,77.71428571428571,57.43333333333333,1.0,-0.10857293552573452,4.418840607796598
2026-04-18,E003,Portable Charger 20K,Electronics,PowerMax,12.0,34.99,29.13,97,2825.61,1661.61,58.81,39.07,24,1,5,4,Easter,0.1,-2.5,30.93857142857143,0.83252357816519,0.7455848477092398,83.0,80.85714285714286,58.0,1.0,-0.18329373540825353,4.574710978503383
2026-04-19,E003,Portable Charger 20K,Electronics,PowerMax,12.0,34.99,30.3,91,2757.3,1665.3,60.4,36.62,20,1,6,4,Easter,0.0714,-2.5,30.548571428571428,0.8659617033438125,0.8274167121791371,97.0,83.0,58.93333333333333,0.0,-0.14391459386427322,4.51085950651685
2026-04-20,E003,Portable Charger 20K,Electronics,PowerMax,12.0,34.99,30.26,72,2178.72,1314.72,60.34,33.65,46,0,0,4,Easter,0.0643,-2.5,30.40857142857143,0.864818519577022,0.8992570579494801,91.0,83.28571428571429,58.233333333333334,1.0,-0.14523559801938674,4.276666119016055
2026-04-21,E003,Portable Charger 20K,Electronics,PowerMax,12.0,34.99,31.05,81,2515.05,1543.05,61.35,30.59,27,0,1,4,Easter,0.0571,-2.5,30.49857142857143,0.8873963989711345,1.0150375939849625,72.0,82.71428571428571,58.6,1.0,-0.11946349800010897,4.394449154672439
2026-04-22,E003,Portable Charger 20K,Electronics,PowerMax,12.0,34.99,31.36,70,2195.2,1355.2,61.73,38.68,60,0,2,4,Easter,0.05,-2.5,30.415714285714284,0.896256073163761,0.8107549120992761,81.0,83.28571428571429,59.2,1.0,-0.10952911089738965,4.248495242049359
2026-04-23,E003,Portable Charger 20K,Electronics,PowerMax,12.0,34.99,35.51,48,1704.48,1128.48,66.21,38.4,98,0,3,4,Easter,0.0429,-2.5,31.285714285714285,1.0148613889682765,0.9247395833333333,70.0,77.42857142857143,58.733333333333334,2.0,0.01475204057539971,3.871201010907891
2026-04-24,E003,Portable Charger 20K,Electronics,PowerMax,12.0,34.99,34.61,61,2111.21,1379.21,65.33,32.54,93,0,4,4,Easter,0.0357,-2.5,31.745714285714286,0.98913975421549,1.0636140135218193,48.0,74.28571428571429,58.93333333333333,2.0,-0.010919648732343863,4.110873864173311
2026-04-25,E003,Portable Charger 20K,Electronics,PowerMax,12.0,34.99,35.61,62,2207.82,1463.82,66.3,38.67,91,1,5,4,Easter,0.0286,-2.5,32.67142857142857,1.017719348385253,0.9208688906128781,61.0,69.28571428571429,59.36666666666667,2.0,0.01756419091008968,4.127134385045092
2026-04-26,E003,Portable Charger 20K,Electronics,PowerMax,12.0,34.99,36.94,53,1957.82,1321.82,67.51,37.06,101,1,6,4,Easter,0.0214,-2.5,33.62,1.0557302086310374,0.9967620075553156,62.0,63.857142857142854,59.6,2.0,0.0542326683914972,3.970291913552122
2026-04-27,E003,Portable Charger 20K,Electronics,PowerMax,12.0,34.99,38.58,42,1620.36,1116.36,68.9,31.41,131,0,0,4,Easter,0.0143,-2.5,34.808571428571426,1.1026007430694482,1.2282712511938871,53.0,59.57142857142857,59.06666666666667,2.0,0.09767170109798619,3.7376696182833684
2026-04-28,E003,Portable Charger 20K,Electronics,PowerMax,12.0,34.99,37.9,42,1591.8,1087.8,68.34,33.26,126,0,1,4,Easter,0.0071,-2.5,35.787142857142854,1.0831666190340097,1.1395069152134696,42.0,54.0,58.833333333333336,2.0,0.07988880570878397,3.7376696182833684
