backend/data/features.csv
date,product_id,product_name,category,brand,cost,base_price,price,demand,revenue,profit,margin,competitor_price,stock,is_weekend,day_of_week,month,holiday_name,holiday_boost,elasticity,price_lag_7d,price_to_base,price_to_competitor,demand_lag_1d,demand_lag_7d,demand_lag_30d,stock_level,log_price_ratio,log_demand
2026-04-29,E003,Portable Charger 20K,Electronics,PowerMax,12.0,34.99,39.28,37,1453.36,1009.36,69.45,38.48,126,0,2,4,Mothers Day,0.0129,-2.5,36.91857142857143,1.1226064589882823,1.020790020790021,42.0,49.285714285714285,58.9,2.0,0.11565317710666839,3.6109179126442243
2026-04-30,E003,Portable Charger 20K,Electronics,PowerMax,12.0,34.99,39.74,37,1470.38,1026.38,69.8,36.37,116,0,3,4,Mothers Day,0.0257,-2.5,37.52285714285715,1.1357530723063733,1.0926587847126754,37.0,47.714285714285715,58.9,2.0,0.12729593074407422,3.6109179126442243
2026-05-01,E003,Portable Charger 20K,Electronics,PowerMax,12.0,34.99,40.66,42,1707.72,1203.72,70.49,37.93,100,0,4,5,Mothers Day,0.0386,-2.5,38.387142857142855,1.1620462989425548,1.071974690218824,37.0,45.0,59.266666666666666,2.0,0.15018250182060378,3.7376696182833684
2026-05-02,E003,Portable Charger 20K,Electronics,PowerMax,12.0,34.99,40.47,47,1902.09,1338.09,70.35,39.85,100,1,5,5,Mothers Day,0.0514,-2.5,39.08142857142857,1.1566161760503,1.0155583437892095,42.0,42.857142857142854,59.733333333333334,2.0,0.14549865250817745,3.8501476017100584
2026-05-03,E003,Portable Charger 20K,Electronics,PowerMax,12.0,34.99,40.85,42,1715.7,1211.7,70.62,30.82,133,1,6,5,Mothers Day,0.0643,-2.5,39.63999999999999,1.16747642183481,1.3254380272550292,47.0,41.285714285714285,59.86666666666667,2.0,0.1548445149264152,3.7376696182833684
2026-05-04,E003,Portable Charger 20K,Electronics,PowerMax,12.0,34.99,39.51,40,1580.4,1100.4,69.63,32.9,128,0,0,5,Mothers Day,0.0771,-2.5,39.77285714285714,1.1291797656473277,1.2009118541033434,42.0,41.0,59.7,2.0,0.1214914980437026,3.6888794541139363
2026-05-05,E003,Portable Charger 20K,Electronics,PowerMax,12.0,34.99,39.67,38,1507.46,1051.46,69.75,33.37,129,0,1,5,Mothers Day,0.09,-2.5,40.02571428571429,1.1337525007144897,1.1887923284387176,40.0,40.42857142857143,59.3,2.0,0.12553292814664202,3.6375861597263857
2026-05-06,E003,Portable Charger 20K,Electronics,PowerMax,12.0,34.99,38.3,45,1723.5,1183.5,68.67,37.7,91,0,2,5,Mothers Day,0.1029,-2.5,39.885714285714286,1.0945984567019147,1.015915119363395,38.0,41.57142857142857,59.266666666666666,2.0,0.09038758980700352,3.8066624897703196
2026-05-07,E003,Portable Charger 20K,Electronics,PowerMax,12.0,34.99,39.72,40,1588.8,1108.8,69.79,36.91,118,0,3,5,Mothers Day,0.1157,-2.5,39.882857142857134,1.1351814804229778,1.0761311297751288,45.0,42.0,59.2,2.0,0.12679253279737504,3.6888794541139363
2026-05-08,E003,Portable Charger 20K,Electronics,PowerMax,12.0,34.99,35.6,45,1602.0,1062.0,66.29,31.46,122,0,4,5,Mothers Day,0.1286,-2.5,39.160000000000004,1.0174335524435554,1.1315956770502225,40.0,42.42857142857143,59.166666666666664,2.0,0.01728333147838819,3.8066624897703196
2026-05-09,E003,Portable Charger 20K,Electronics,PowerMax,12.0,34.99,35.01,72,2520.72,1656.72,65.72,30.61,63,1,5,5,Mothers Day,0.18,-2.5,38.379999999999995,1.000571591883395,1.1437438745508004,45.0,46.0,59.9,1.0,0.000571428586977455,4.276666119016055
2026-05-10,E003,Portable Charger 20K,Electronics,PowerMax,12.0,34.99,33.65,80,2692.0,1732.0,64.34,39.72,26,1,6,5,Mothers Day,0.18,-2.5,37.35142857142857,0.9617033438125178,0.8471802618328298,72.0,51.42857142857143,60.93333333333333,1.0,-0.03904925028885995,4.382026634673881
2026-02-09,E004,Bluetooth Speaker,Electronics,SoundCore,22.0,59.99,61.16,49,2996.84,1918.84,64.03,58.55,108,0,0,2,Valentines Day,0.1286,-1.9,61.16,1.019503250541757,1.0445772843723313,49.0,49.0,49.0,2.0,0.01931549939585981,3.8918202981106265
2026-02-10,E004,Bluetooth Speaker,Electronics,SoundCore,22.0,59.99,55.37,57,3156.09,1902.09,60.27,68.7,82,0,1,2,Valentines Day,0.1429,-1.9,58.265,0.9229871645274211,0.8059679767103347,49.0,53.0,53.0,2.0,-0.08013995083012602,4.04305126783455
2026-02-11,E004,Bluetooth Speaker,Electronics,SoundCore,22.0,59.99,55.9,64,3577.6,2169.6,60.64,54.83,53,0,2,2,Valentines Day,0.2,-1.9,57.47666666666667,0.931821970328388,1.0195148641254788,57.0,56.666666666666664,56.666666666666664,1.0,-0.07061350150394834,4.1588830833596715
2026-02-12,E004,Bluetooth Speaker,Electronics,SoundCore,22.0,59.99,52.45,78,4091.1,2375.1,58.06,66.55,43,0,3,2,Valentines Day,0.2,-1.9,56.22,0.8743123853975663,0.7881292261457552,64.0,62.0,62.0,1.0,-0.13431754682269553,4.356708826689592
2026-02-13,E004,Bluetooth Speaker,Electronics,SoundCore,22.0,59.99,53.92,69,3720.48,2202.48,59.2,64.87,76,0,4,2,Valentines Day,0.2,-1.9,55.760000000000005,0.8988164694115686,0.8312008632649915,78.0,63.4,63.4,1.0,-0.10667641506095017,4.23410650459726
2026-02-14,E004,Bluetooth Speaker,Electronics,SoundCore,22.0,59.99,53.35,86,4588.1,2696.1,58.76,53.35,9,1,5,2,Valentines Day,0.2,-1.9,55.35833333333333,0.8893148858143024,1.0,69.0,67.16666666666667,67.16666666666667,0.0,-0.11730390391723933,4.454347296253507
2026-02-15,E004,Bluetooth Speaker,Electronics,SoundCore,22.0,59.99,51.79,87,4505.73,2591.73,57.52,65.33,25,1,6,2,Valentines Day,0.2,-1.9,54.848571428571425,0.8633105517586264,0.7927445277820298,86.0,70.0,70.0,1.0,-0.1469808012292017,4.465908118654584
2026-02-16,E004,Bluetooth Speaker,Electronics,SoundCore,22.0,59.99,49.82,88,4384.16,2448.16,55.84,54.6,24,0,0,2,Valentines Day,0.2,-1.9,53.22857142857142,0.8304717452908817,0.9124542124542124,87.0,75.57142857142857,72.25,1.0,-0.18576137183096744,4.477336814478207
2026-02-17,E004,Bluetooth Speaker,Electronics,SoundCore,22.0,59.99,51.27,69,3537.63,2019.63,57.09,55.83,74,0,1,2,Valentines Day,0.2,-1.9,52.642857142857146,0.8546424404067344,0.9183234819989254,88.0,77.28571428571429,71.88888888888889,1.0,-0.15707209586939255,4.23410650459726
2026-02-18,E004,Bluetooth Speaker,Electronics,SoundCore,22.0,59.99,50.63,61,3088.43,1746.43,56.55,51.2,61,0,2,2,Valentines Day,0.1429,-1.9,51.89,0.8439739956659443,0.9888671875,69.0,76.85714285714286,70.8,1.0,-0.16963359568318392,4.110873864173311
2026-02-19,E004,Bluetooth Speaker,Electronics,SoundCore,22.0,59.99,51.38,55,2825.9,1615.9,57.18,61.79,82,0,3,2,Valentines Day,0.1286,-1.9,51.737142857142864,0.8564760793465578,0.8315261369153585,61.0,73.57142857142857,69.36363636363636,2.0,-0.15492888998326418,4.007333185232471
2026-02-20,E004,Bluetooth Speaker,Electronics,SoundCore,22.0,59.99,54.72,62,3392.64,2028.64,59.8,65.03,58,0,4,2,Valentines Day,0.1143,-1.9,51.85142857142857,0.9121520253375562,0.8414577887129017,55.0,72.57142857142857,68.75,1.0,-0.09194860835070673,4.127134385045092
2026-02-21,E004,Bluetooth Speaker,Electronics,SoundCore,22.0,59.99,52.96,72,3813.12,2229.12,58.46,55.35,75,1,5,2,Valentines Day,0.1,-1.9,51.79571428571429,0.8828138023003834,0.9568202348690154,62.0,70.57142857142857,69.0,1.0,-0.12464097003624892,4.276666119016055
2026-02-22,E004,Bluetooth Speaker,Electronics,SoundCore,22.0,59.99,56.32,58,3266.56,1990.56,60.94,62.12,92,1,6,2,Valentines Day,0.0857,-1.9,52.44285714285714,0.9388231371895316,0.9066323245331617,72.0,66.42857142857143,68.21428571428571,2.0,-0.06312816981521477,4.060443010546419
2026-02-23,E004,Bluetooth Speaker,Electronics,SoundCore,22.0,59.99,57.72,52,3001.44,1857.44,61.88,56.87,97,0,0,2,Valentines Day,0.0714,-1.9,53.57142857142857,0.9621603600600099,1.0149463689115528,58.0,61.285714285714285,67.13333333333334,2.0,-0.03857414775933168,3.9512437185814275
2026-02-24,E004,Bluetooth Speaker,Electronics,SoundCore,22.0,59.99,59.55,46,2739.3,1727.3,63.06,51.59,91,0,1,2,Valentines Day,0.0571,-1.9,54.75428571428572,0.9926654442407067,1.1542934677263035,52.0,58.0,65.8125,2.0,-0.007361585863692716,3.828641396489095
2026-02-25,E004,Bluetooth Speaker,Electronics,SoundCore,22.0,59.99,60.06,46,2762.76,1750.76,63.37,61.21,116,0,2,2,Valentines Day,0.0429,-1.9,56.10142857142857,1.0011668611435238,0.9812122202254534,46.0,55.857142857142854,64.6470588235294,2.0,0.001166180890182394,3.828641396489095
2026-02-26,E004,Bluetooth Speaker,Electronics,SoundCore,22.0,59.99,62.62,45,2817.9,1827.9,64.87,54.01,94,0,3,2,Valentines Day,0.0286,-1.9,57.707142857142856,1.0438406401066844,1.1594149231623774,46.0,54.42857142857143,63.55555555555556,2.0,0.04290683423325789,3.8066624897703196
2026-02-27,E004,Bluetooth Speaker,Electronics,SoundCore,22.0,59.99,67.8,39,2644.2,1786.2,67.55,51.56,139,0,4,2,Valentines Day,0.0143,-1.9,59.575714285714284,1.1301883647274544,1.3149728471683475,45.0,51.142857142857146,62.26315789473684,2.0,0.12238431328134804,3.6635616461296463
2026-02-28,E004,Bluetooth Speaker,Electronics,SoundCore,22.0,59.99,66.78,40,2671.2,1791.2,67.06,63.75,135,1,5,2,Valentines Day,0.0,-1.9,61.55,1.1131855309218204,1.0475294117647058,39.0,46.57142857142857,61.15,2.0,0.1072257528505068,3.6888794541139363
2026-03-01,E004,Bluetooth Speaker,Electronics,SoundCore,22.0,59.99,69.39,41,2844.99,1942.99,68.3,57.1,131,1,6,3,Valentines Day,0.0,-1.9,63.41714285714285,1.156692782130355,1.2152364273204903,40.0,44.142857142857146,60.19047619047619,2.0,0.14556488324645572,3.713572066704308
2026-03-02,E004,Bluetooth Speaker,Electronics,SoundCore,22.0,59.99,70.92,33,2340.36,1614.36,68.98,59.13,140,0,0,3,Valentines Day,0.0,-1.9,65.30285714285715,1.1821970328388065,1.1993911719939117,41.0,41.42857142857143,58.95454545454545,2.0,0.16737459954100545,3.4965075614664802
2026-03-03,E004,Bluetooth Speaker,Electronics,SoundCore,22.0,59.99,72.06,32,2305.92,1601.92,69.47,52.46,118,0,1,3,Valentines Day,0.0,-1.9,67.09,1.2012002000333388,1.3736179946626002,33.0,39.42857142857143,57.78260869565217,2.0,0.1833212236549454,3.4657359027997265
2026-03-04,E004,Bluetooth Speaker,Electronics,SoundCore,22.0,59.99,67.77,34,2304.18,1556.18,67.54,66.68,121,0,2,3,Valentines Day,0.0,-1.9,68.19142857142857,1.12968828138023,1.0163467306538692,32.0,37.714285714285715,56.791666666666664,2.0,0.12194173748301985,3.5263605246161616
2026-03-05,E004,Bluetooth Speaker,Electronics,SoundCore,22.0,59.99,69.49,33,2293.17,1567.17,68.34,62.85,134,0,3,3,Valentines Day,0.0,-1.9,69.17285714285714,1.1583597266211034,1.1056483691328558,34.0,36.0,55.84,2.0,0.1470049756612342,3.4965075614664802
2026-03-06,E004,Bluetooth Speaker,Electronics,SoundCore,22.0,59.99,70.89,34,2410.26,1662.26,68.97,55.1,152,0,4,3,Valentines Day,0.0,-1.9,69.61428571428571,1.1816969494915819,1.2865698729582578,33.0,35.285714285714285,55.0,2.0,0.1669514982019244,3.5263605246161616
2026-03-07,E004,Bluetooth Speaker,Electronics,SoundCore,22.0,59.99,66.75,43,2870.25,1924.25,67.04,54.58,121,1,5,3,Valentines Day,0.0,-1.9,69.61,1.1126854475745958,1.2229754488823745,34.0,35.714285714285715,54.55555555555556,2.0,0.10677641561535717,3.7612001156935624
2026-03-08,E004,Bluetooth Speaker,Electronics,SoundCore,22.0,59.99,64.82,39,2527.98,1669.98,66.06,66.62,131,1,6,3,Valentines Day,0.0,-1.9,68.95714285714286,1.0805134189031504,0.9729810867607324,43.0,35.42857142857143,54.0,2.0,0.07743631604839953,3.6635616461296463
2026-03-09,E004,Bluetooth Speaker,Electronics,SoundCore,22.0,59.99,62.78,47,2950.66,1916.66,64.96,57.22,101,0,0,3,Valentines Day,0.0,-1.9,67.79428571428572,1.046507751291882,1.0971688220901783,39.0,37.42857142857143,53.758620689655174,2.0,0.045458669748805684,3.8501476017100584
2026-03-10,E004,Bluetooth Speaker,Electronics,SoundCore,22.0,59.99,62.26,46,2863.96,1851.96,64.66,58.89,117,0,1,3,Valentines Day,0.0,-1.9,66.39428571428572,1.0378396399399898,1.0572253353710306,47.0,39.42857142857143,53.5,2.0,0.03714128334846024,3.828641396489095
2026-03-11,E004,Bluetooth Speaker,Electronics,SoundCore,22.0,59.99,61.93,42,2601.06,1677.06,64.48,67.2,113,0,2,3,Valentines Day,0.0,-1.9,65.56,1.03233872312052,0.921577380952381,46.0,40.57142857142857,53.266666666666666,2.0,0.031826833284967854,3.7376696182833684
2026-03-12,E004,Bluetooth Speaker,Electronics,SoundCore,22.0,59.99,59.29,40,2371.6,1491.6,62.89,67.41,108,0,3,3,Valentines Day,0.0,-1.9,64.10285714285713,0.9883313885647608,0.8795430944963656,42.0,41.57142857142857,52.7,2.0,-0.01173722394572542,3.6888794541139363
2026-03-13,E004,Bluetooth Speaker,Electronics,SoundCore,22.0,59.99,58.99,52,3067.48,1923.48,62.71,64.19,81,0,4,3,Valentines Day,0.0,-1.9,62.402857142857144,0.9833305550925154,0.9189904969621437,40.0,44.142857142857146,52.3,2.0,-0.016809943650017808,3.9512437185814275
2026-03-14,E004,Bluetooth Speaker,Electronics,SoundCore,22.0,59.99,55.59,61,3390.99,2048.99,60.42,54.23,68,1,5,3,Valentines Day,0.0,-1.9,60.80857142857143,0.9266544424070678,1.0250783699059562,52.0,46.714285714285715,51.733333333333334,1.0,-0.07617455269962362,4.110873864173311
2026-03-15,E004,Bluetooth Speaker,Electronics,SoundCore,22.0,59.99,53.26,71,3781.46,2219.46,58.69,55.44,73,1,6,3,Valentines Day,0.0,-1.9,59.15714285714286,0.8878146357726288,0.9606782106782107,61.0,51.285714285714285,51.8,1.0,-0.11899230127921558,4.2626798770413155
2026-03-16,E004,Bluetooth Speaker,Electronics,SoundCore,22.0,59.99,53.59,43,2304.37,1358.37,58.95,57.46,118,0,0,3,Valentines Day,0.0,-1.9,57.84428571428571,0.8933155525920987,0.9326487991646363,71.0,50.714285714285715,50.36666666666667,2.0,-0.1128153981582428,3.7612001156935624
2026-03-17,E004,Bluetooth Speaker,Electronics,SoundCore,22.0,59.99,50.78,56,2843.68,1611.68,56.68,68.44,78,0,1,3,Easter,0.0,-1.9,56.20428571428572,0.846474412402067,0.7419637638807716,43.0,52.142857142857146,49.333333333333336,1.0,-0.16667530538846936,4.02535169073515
2026-03-18,E004,Bluetooth Speaker,Electronics,SoundCore,22.0,59.99,48.71,73,3555.83,1949.83,54.83,64.91,39,0,2,3,Easter,0.0,-1.9,54.315714285714286,0.8119686614435739,0.7504236635341243,56.0,56.57142857142857,48.833333333333336,1.0,-0.20829353384655042,4.290459441148391
2026-03-19,E004,Bluetooth Speaker,Electronics,SoundCore,22.0,59.99,50.96,64,3261.44,1853.44,56.83,55.24,55,0,3,3,Easter,0.0,-1.9,53.125714285714295,0.8494749124854142,0.9225199131064445,73.0,60.0,48.666666666666664,1.0,-0.1631368704010939,4.1588830833596715
2026-03-20,E004,Bluetooth Speaker,Electronics,SoundCore,22.0,59.99,51.57,54,2784.78,1596.78,57.34,57.06,105,0,4,3,Easter,0.0,-1.9,52.06571428571429,0.8596432738789798,0.9037854889589905,64.0,60.285714285714285,48.43333333333333,2.0,-0.15123777360213422,3.9889840465642745
2026-03-21,E004,Bluetooth Speaker,Electronics,SoundCore,22.0,59.99,49.4,73,3606.2,2000.2,55.47,62.1,62,1,5,3,Easter,0.0,-1.9,51.18142857142857,0.8234705784297383,0.7954911433172303,54.0,62.0,49.03333333333333,1.0,-0.19422745747112494,4.290459441148391
2026-03-22,E004,Bluetooth Speaker,Electronics,SoundCore,22.0,59.99,52.68,65,3424.2,1994.2,58.24,51.65,79,1,6,3,Easter,0.0,-1.9,51.098571428571425,0.8781463577262877,1.0199419167473378,73.0,61.142857142857146,49.13333333333333,1.0,-0.12994200478992146,4.174387269895637
2026-03-23,E004,Bluetooth Speaker,Electronics,SoundCore,22.0,59.99,54.12,64,3463.68,2055.68,59.35,66.18,84,0,0,3,Easter,0.0,-1.9,51.174285714285716,0.9021503583930655,0.8177697189483226,65.0,64.14285714285714,48.86666666666667,2.0,-0.1029740783624145,4.1588830833596715
2026-03-24,E004,Bluetooth Speaker,Electronics,SoundCore,22.0,59.99,58.18,49,2850.82,1772.82,62.19,54.7,86,0,1,3,Easter,0.0,-1.9,52.23142857142857,0.9698283047174528,1.063619744058501,64.0,63.142857142857146,48.56666666666667,2.0,-0.030636228597946215,3.8918202981106265
2026-03-25,E004,Bluetooth Speaker,Electronics,SoundCore,22.0,59.99,57.99,48,2783.52,1727.52,62.06,60.55,121,0,2,3,Easter,0.0,-1.9,53.557142857142864,0.9666611101850309,0.9577208918249381,49.0,59.57142857142857,48.43333333333333,2.0,-0.03390729977665247,3.871201010907891
2026-03-26,E004,Bluetooth Speaker,Electronics,SoundCore,22.0,59.99,61.31,43,2636.33,1690.33,64.12,56.68,114,0,3,3,Easter,0.0,-1.9,55.035714285714285,1.0220036672778796,1.0816866619618914,48.0,56.57142857142857,48.333333333333336,2.0,0.021765080109594805,3.7612001156935624
2026-03-27,E004,Bluetooth Speaker,Electronics,SoundCore,22.0,59.99,63.51,42,2667.42,1743.42,65.36,59.18,117,0,4,3,Easter,0.0,-1.9,56.74142857142857,1.0586764460743456,1.0731666103413315,43.0,54.857142857142854,48.2,2.0,0.05701949214988167,3.7376696182833684
2026-03-28,E004,Bluetooth Speaker,Electronics,SoundCore,22.0,59.99,67.41,41,2763.81,1861.81,67.36,53.5,99,1,5,3,Easter,0.0,-1.9,59.31428571428571,1.1236872812135354,1.26,42.0,50.285714285714285,48.06666666666667,2.0,0.11661549320034564,3.713572066704308
2026-03-29,E004,Bluetooth Speaker,Electronics,SoundCore,22.0,59.99,67.27,38,2556.26,1720.26,67.3,54.62,131,1,6,3,Easter,0.0,-1.9,61.39857142857142,1.1213535589264876,1.2316001464664958,41.0,46.42857142857143,48.03333333333333,2.0,0.11453649037251255,3.6375861597263857
2026-03-30,E004,Bluetooth Speaker,Electronics,SoundCore,22.0,59.99,65.55,44,2884.2,1916.2,66.44,66.62,99,0,0,3,Easter,0.0,-1.9,63.03142857142857,1.0926821136856142,0.9839387571299909,38.0,43.57142857142857,48.166666666666664,2.0,0.08863532854470704,3.784189633918261
2026-03-31,E004,Bluetooth Speaker,Electronics,SoundCore,22.0,59.99,69.35,36,2496.6,1704.6,68.28,67.99,135,0,1,3,Easter,0.0,-1.9,64.62714285714286,1.1560260043340556,1.0200029416090601,44.0,41.714285714285715,48.0,2.0,0.14498826509583876,3.58351893845611
2026-04-01,E004,Bluetooth Speaker,Electronics,SoundCore,22.0,59.99,72.87,31,2258.97,1576.97,69.81,66.63,141,0,2,4,Easter,0.0,-1.9,66.75285714285714,1.2147024504084014,1.0936515083295815,36.0,39.285714285714285,47.93333333333333,2.0,0.1944991500171891,3.4339872044851463
2026-04-02,E004,Bluetooth Speaker,Electronics,SoundCore,22.0,59.99,70.93,36,2553.48,1761.48,68.98,54.87,134,0,3,4,Easter,0.0071,-1.9,68.12714285714286,1.1823637272878813,1.2926918170220523,31.0,38.285714285714285,48.06666666666667,2.0,0.16751559354899365,3.58351893845611
2026-04-03,E004,Bluetooth Speaker,Electronics,SoundCore,22.0,59.99,71.88,30,2156.4,1496.4,69.39,52.91,146,0,4,4,Easter,0.0143,-1.9,69.32285714285715,1.1981996999499915,1.3585333585333585,36.0,36.57142857142857,47.93333333333333,2.0,0.18082018025035645,3.4011973816621555
