backend/data/features.csv
date,product_id,product_name,category,brand,cost,base_price,price,demand,revenue,profit,margin,competitor_price,stock,is_weekend,day_of_week,month,holiday_name,holiday_boost,elasticity,price_lag_7d,price_to_base,price_to_competitor,demand_lag_1d,demand_lag_7d,demand_lag_30d,stock_level,log_price_ratio,log_demand
2026-02-13,E006,Mechanical Keyboard,Electronics,TypeMaster,45.0,129.99,112.98,56,6326.88,3806.88,60.17,116.91,81,0,4,2,Valentines Day,0.2,-1.4,121.744,0.8691437802907915,0.9663843982550681,63.0,53.8,53.8,2.0,-0.14024671252281176,4.02535169073515
2026-02-14,E006,Mechanical Keyboard,Electronics,TypeMaster,45.0,129.99,113.58,78,8859.24,5349.24,60.38,118.48,59,1,5,2,Valentines Day,0.2,-1.4,120.38333333333333,0.873759519963074,0.9586428089128967,56.0,57.833333333333336,57.833333333333336,1.0,-0.13495008997064134,4.356708826689592
2026-02-15,E006,Mechanical Keyboard,Electronics,TypeMaster,45.0,129.99,110.31,63,6949.53,4114.53,59.21,148.9,85,1,6,2,Valentines Day,0.2,-1.4,118.94428571428571,0.8486037387491345,0.7408327736736064,78.0,58.57142857142857,58.57142857142857,2.0,-0.1641629404386374,4.143134726391533
2026-02-16,E006,Mechanical Keyboard,Electronics,TypeMaster,45.0,129.99,114.04,59,6728.36,4073.36,60.54,131.5,82,0,0,2,Valentines Day,0.2,-1.4,117.26285714285713,0.877298253711824,0.8672243346007605,63.0,61.714285714285715,58.625,2.0,-0.13090826037545644,4.07753744390572
2026-02-17,E006,Mechanical Keyboard,Electronics,TypeMaster,45.0,129.99,111.76,57,6370.32,3805.32,59.74,142.55,81,0,1,2,Valentines Day,0.2,-1.4,114.99428571428571,0.8597584429571505,0.7840056120659418,59.0,62.42857142857143,58.44444444444444,2.0,-0.15110380947122137,4.04305126783455
2026-02-18,E006,Mechanical Keyboard,Electronics,TypeMaster,45.0,129.99,111.89,51,5706.39,3411.39,59.78,121.69,110,0,2,2,Valentines Day,0.1429,-1.4,113.19714285714288,0.860758519886145,0.9194674993836799,57.0,61.0,57.7,2.0,-0.149941278600298,3.9318256327243257
2026-02-19,E006,Mechanical Keyboard,Electronics,TypeMaster,45.0,129.99,120.41,56,6742.96,4222.96,62.63,141.61,84,0,3,2,Valentines Day,0.1286,-1.4,113.56714285714285,0.9263020232325563,0.8502930583998304,51.0,60.0,57.54545454545455,2.0,-0.07655493851580016,4.02535169073515
2026-02-20,E006,Mechanical Keyboard,Electronics,TypeMaster,45.0,129.99,115.76,58,6714.08,4104.08,61.13,116.65,92,0,4,2,Valentines Day,0.1143,-1.4,113.96428571428571,0.8905300407723671,0.9923703386198028,56.0,60.285714285714285,57.583333333333336,2.0,-0.11593844209669933,4.060443010546419
2026-02-21,E006,Mechanical Keyboard,Electronics,TypeMaster,45.0,129.99,116.02,66,7657.32,4687.32,61.21,143.92,84,1,5,2,Valentines Day,0.1,-1.4,114.31285714285715,0.8925301946303561,0.8061423012784881,58.0,58.57142857142857,58.23076923076923,2.0,-0.11369493438200956,4.189654742026425
2026-02-22,E006,Mechanical Keyboard,Electronics,TypeMaster,45.0,129.99,120.75,55,6641.25,4166.25,62.73,117.68,106,1,6,2,Valentines Day,0.0857,-1.4,115.80428571428571,0.9289176090468497,1.0260876954452753,66.0,57.42857142857143,58.0,2.0,-0.07373523188724569,4.007333185232471
2026-02-23,E006,Mechanical Keyboard,Electronics,TypeMaster,45.0,129.99,122.21,50,6110.5,3860.5,63.18,127.66,105,0,0,2,Valentines Day,0.0714,-1.4,116.97142857142858,0.9401492422494037,0.9573084756384145,55.0,56.142857142857146,57.46666666666667,2.0,-0.06171664797001871,3.912023005428146
2026-02-24,E006,Mechanical Keyboard,Electronics,TypeMaster,45.0,129.99,130.08,48,6243.84,4083.84,65.41,148.21,101,0,1,2,Valentines Day,0.0571,-1.4,119.58857142857144,1.0006923609508425,0.8776735712839889,50.0,54.857142857142854,56.875,2.0,0.0006921213795728212,3.871201010907891
2026-02-25,E006,Mechanical Keyboard,Electronics,TypeMaster,45.0,129.99,129.9,44,5715.6,3735.6,65.36,144.88,109,0,2,2,Valentines Day,0.0429,-1.4,122.16142857142857,0.9993076390491576,0.8966040861402541,48.0,53.857142857142854,56.11764705882353,2.0,-0.0006926007433738563,3.784189633918261
2026-02-26,E006,Mechanical Keyboard,Electronics,TypeMaster,45.0,129.99,142.55,45,6414.75,4389.75,68.43,138.54,126,0,3,2,Valentines Day,0.0286,-1.4,125.32428571428571,1.09662281713978,1.0289447091092827,44.0,52.285714285714285,55.5,2.0,0.09223529093875332,3.8066624897703196
2026-02-27,E006,Mechanical Keyboard,Electronics,TypeMaster,45.0,129.99,142.21,36,5119.56,3499.56,68.36,117.8,142,0,4,2,Valentines Day,0.0143,-1.4,129.10285714285715,1.0940072313254865,1.2072156196943973,45.0,49.142857142857146,54.473684210526315,2.0,0.08984731396467714,3.58351893845611
2026-02-28,E006,Mechanical Keyboard,Electronics,TypeMaster,45.0,129.99,145.14,45,6531.3,4506.3,69.0,138.19,103,1,5,2,Valentines Day,0.0,-1.4,133.26285714285714,1.1165474267251325,1.0502930747521528,36.0,46.142857142857146,54.0,2.0,0.11024126943006299,3.8066624897703196
2026-03-01,E006,Mechanical Keyboard,Electronics,TypeMaster,45.0,129.99,152.01,38,5776.38,4066.38,70.4,128.4,118,1,6,3,Valentines Day,0.0,-1.4,137.72857142857143,1.169397645972767,1.183878504672897,45.0,43.714285714285715,53.23809523809524,2.0,0.1564887837360003,3.6375861597263857
2026-03-02,E006,Mechanical Keyboard,Electronics,TypeMaster,45.0,129.99,153.59,33,5068.47,3583.47,70.7,123.56,121,0,0,3,Valentines Day,0.0,-1.4,142.21142857142857,1.1815524271097777,1.2430398187115572,38.0,41.285714285714285,52.31818181818182,2.0,0.16682919000760918,3.4965075614664802
2026-03-03,E006,Mechanical Keyboard,Electronics,TypeMaster,45.0,129.99,152.66,34,5190.44,3660.44,70.52,114.42,122,0,1,3,Valentines Day,0.0,-1.4,145.43714285714287,1.1743980306177397,1.3342073064149624,33.0,39.285714285714285,51.52173913043478,2.0,0.1607557019503965,3.5263605246161616
2026-03-04,E006,Mechanical Keyboard,Electronics,TypeMaster,45.0,129.99,147.85,32,4731.2,3291.2,69.56,128.05,146,0,2,3,Valentines Day,0.0,-1.4,148.00142857142856,1.137395184244942,1.1546270987895353,34.0,37.57142857142857,50.708333333333336,2.0,0.12874072187855848,3.4657359027997265
2026-03-05,E006,Mechanical Keyboard,Electronics,TypeMaster,45.0,129.99,153.28,37,5671.36,4006.36,70.64,124.23,140,0,3,3,Valentines Day,0.0,-1.4,149.53428571428572,1.1791676282790984,1.2338404572164534,32.0,36.42857142857143,50.16,2.0,0.16480878980262267,3.6109179126442243
2026-03-06,E006,Mechanical Keyboard,Electronics,TypeMaster,45.0,129.99,148.45,34,5047.3,3517.3,69.69,135.22,117,0,4,3,Valentines Day,0.0,-1.4,150.4257142857143,1.1420109239172243,1.0978405561307498,37.0,36.142857142857146,49.53846153846154,2.0,0.13279067678984094,3.5263605246161616
2026-03-07,E006,Mechanical Keyboard,Electronics,TypeMaster,45.0,129.99,139.88,47,6574.36,4459.36,67.83,137.26,89,1,5,3,Valentines Day,0.0,-1.4,149.67428571428573,1.0760827755981228,1.0190878624508233,34.0,36.42857142857143,49.44444444444444,2.0,0.07332738777524726,3.8501476017100584
2026-03-08,E006,Mechanical Keyboard,Electronics,TypeMaster,45.0,129.99,142.56,41,5844.96,3999.96,68.43,119.35,131,1,6,3,Valentines Day,0.0,-1.4,148.3242857142857,1.096699746134318,1.1944700460829494,47.0,36.857142857142854,49.142857142857146,2.0,0.0923054393025714,3.713572066704308
2026-03-09,E006,Mechanical Keyboard,Electronics,TypeMaster,45.0,129.99,141.32,33,4663.56,3178.56,68.16,137.56,135,0,0,3,Valentines Day,0.0,-1.4,146.57142857142858,1.0871605508116007,1.027333527188136,41.0,36.857142857142854,48.58620689655172,2.0,0.08356929807101654,3.4965075614664802
2026-03-10,E006,Mechanical Keyboard,Electronics,TypeMaster,45.0,129.99,130.14,39,5075.46,3320.46,65.42,111.79,114,0,1,3,Valentines Day,0.0,-1.4,143.3542857142857,1.0011539349180705,1.1641470614545126,33.0,37.57142857142857,48.266666666666666,2.0,0.0011532696469101359,3.6635616461296463
2026-03-11,E006,Mechanical Keyboard,Electronics,TypeMaster,45.0,129.99,131.99,41,5411.59,3566.59,65.91,144.47,129,0,2,3,Valentines Day,0.0,-1.4,141.0885714285714,1.0153857989076083,0.9136152834498512,39.0,38.857142857142854,48.4,2.0,0.015268637720935462,3.713572066704308
2026-03-12,E006,Mechanical Keyboard,Electronics,TypeMaster,45.0,129.99,128.41,46,5906.86,3836.86,64.96,120.64,124,0,3,3,Valentines Day,0.0,-1.4,137.53571428571428,0.9878452188629894,1.06440649867374,41.0,40.142857142857146,48.2,2.0,-0.012229254576745233,3.828641396489095
2026-03-13,E006,Mechanical Keyboard,Electronics,TypeMaster,45.0,129.99,124.68,50,6234.0,3984.0,63.91,114.82,98,0,4,3,Valentines Day,0.0,-1.4,134.14,0.9591507039003,1.0858735411949139,46.0,42.42857142857143,47.833333333333336,2.0,-0.04170706952079142,3.912023005428146
2026-03-14,E006,Mechanical Keyboard,Electronics,TypeMaster,45.0,129.99,122.85,51,6265.35,3970.35,63.37,131.81,93,1,5,3,Valentines Day,0.0,-1.4,131.70714285714286,0.9450726978998384,0.9320233669676048,50.0,43.0,47.43333333333333,2.0,-0.05649342545273967,3.9318256327243257
2026-03-15,E006,Mechanical Keyboard,Electronics,TypeMaster,45.0,129.99,113.41,57,6464.37,3899.37,60.32,139.35,103,1,6,3,Valentines Day,0.0,-1.4,127.54285714285713,0.8724517270559273,0.8138500179404378,51.0,45.285714285714285,47.46666666666667,2.0,-0.1364479535926887,4.04305126783455
2026-03-16,E006,Mechanical Keyboard,Electronics,TypeMaster,45.0,129.99,115.87,47,5445.89,3330.89,61.16,121.89,122,0,0,3,Valentines Day,0.0,-1.4,123.90714285714286,0.8913762597122855,0.9506112068258266,57.0,47.285714285714285,46.43333333333333,2.0,-0.11498865141095684,3.8501476017100584
2026-03-17,E006,Mechanical Keyboard,Electronics,TypeMaster,45.0,129.99,114.33,52,5945.16,3605.16,60.64,111.19,115,0,1,3,Easter,0.0,-1.4,121.64857142857144,0.8795291945534272,1.0282399496357586,47.0,49.142857142857146,46.06666666666667,2.0,-0.12836852086604922,3.9512437185814275
2026-03-18,E006,Mechanical Keyboard,Electronics,TypeMaster,45.0,129.99,106.95,59,6310.05,3655.05,57.92,142.84,73,0,2,3,Easter,0.0,-1.4,118.07142857142857,0.8227555965843526,0.7487398487818538,52.0,51.714285714285715,46.06666666666667,1.0,-0.19509608889151314,4.07753744390572
2026-03-19,E006,Mechanical Keyboard,Electronics,TypeMaster,45.0,129.99,112.03,58,6497.74,3887.74,59.83,114.26,74,0,3,3,Easter,0.0,-1.4,115.73142857142857,0.8618355258096776,0.9804831086994573,59.0,53.42857142857143,46.1,1.0,-0.14869083184929588,4.060443010546419
2026-03-20,E006,Mechanical Keyboard,Electronics,TypeMaster,45.0,129.99,111.37,50,5568.5,3318.5,59.59,122.24,104,0,4,3,Easter,0.0,-1.4,113.83000000000001,0.8567582121701669,0.9110765706806283,58.0,53.42857142857143,46.06666666666667,2.0,-0.15459953301491897,3.912023005428146
2026-03-21,E006,Mechanical Keyboard,Electronics,TypeMaster,45.0,129.99,108.99,55,5994.45,3519.45,58.71,139.47,72,1,5,3,Easter,0.0,-1.4,111.85000000000001,0.838449111470113,0.7814583781458377,50.0,54.0,46.03333333333333,1.0,-0.17620138951870754,4.007333185232471
2026-03-22,E006,Mechanical Keyboard,Electronics,TypeMaster,45.0,129.99,119.21,61,7271.81,4526.81,62.25,145.29,65,1,6,3,Easter,0.0,-1.4,112.67857142857143,0.9170705438879913,0.8204969371601625,55.0,54.57142857142857,46.13333333333333,1.0,-0.08657088069001766,4.110873864173311
2026-03-23,E006,Mechanical Keyboard,Electronics,TypeMaster,45.0,129.99,118.12,46,5433.52,3363.52,61.9,141.48,89,0,0,3,Easter,0.0,-1.4,113.0,0.9086852834833449,0.8348883234379418,61.0,54.42857142857143,45.46666666666667,2.0,-0.0957564675442058,3.828641396489095
2026-03-24,E006,Mechanical Keyboard,Electronics,TypeMaster,45.0,129.99,122.33,49,5994.17,3789.17,63.21,112.97,115,0,1,3,Easter,0.0,-1.4,114.14285714285714,0.9410723901838602,1.0828538550057538,46.0,54.0,45.266666666666666,2.0,-0.06073521336110279,3.8918202981106265
2026-03-25,E006,Mechanical Keyboard,Electronics,TypeMaster,45.0,129.99,122.32,46,5626.72,3556.72,63.21,114.15,124,0,2,3,Easter,0.0,-1.4,116.33857142857141,0.9409954611893221,1.0715724923346472,49.0,52.142857142857146,45.13333333333333,2.0,-0.06081696279912104,3.828641396489095
2026-03-26,E006,Mechanical Keyboard,Electronics,TypeMaster,45.0,129.99,133.79,41,5485.39,3640.39,66.37,144.77,121,0,3,3,Easter,0.0,-1.4,119.44714285714284,1.0292330179244555,0.9241555570905573,46.0,49.714285714285715,44.9,2.0,0.028813882065600028,3.713572066704308
2026-03-27,E006,Mechanical Keyboard,Electronics,TypeMaster,45.0,129.99,123.5,47,5804.5,3689.5,63.56,122.85,103,0,4,3,Easter,0.0,-1.4,121.17999999999999,0.950073082544811,1.0052910052910053,41.0,49.285714285714285,45.0,2.0,-0.05121636835189595,3.8501476017100584
2026-03-28,E006,Mechanical Keyboard,Electronics,TypeMaster,45.0,129.99,139.91,47,6575.77,4460.77,67.84,145.3,104,1,5,3,Easter,0.0,-1.4,125.59714285714286,1.076313562581737,0.9629043358568478,47.0,48.142857142857146,45.06666666666667,2.0,0.07354183432526679,3.8501476017100584
2026-03-29,E006,Mechanical Keyboard,Electronics,TypeMaster,45.0,129.99,147.74,44,6500.56,4520.56,69.54,133.57,120,1,6,3,Easter,0.0,-1.4,129.67285714285714,1.1365489653050234,1.1060866961143971,47.0,45.714285714285715,45.333333333333336,2.0,0.12799644768066387,3.784189633918261
2026-03-30,E006,Mechanical Keyboard,Electronics,TypeMaster,45.0,129.99,144.77,31,4487.87,3092.87,68.92,114.56,133,0,0,3,Easter,0.0,-1.4,133.48,1.1137010539272252,1.2637046089385475,44.0,43.57142857142857,44.86666666666667,2.0,0.10768875174602446,3.4339872044851463
2026-03-31,E006,Mechanical Keyboard,Electronics,TypeMaster,45.0,129.99,155.34,32,4970.88,3530.88,71.03,147.56,140,0,1,3,Easter,0.0,-1.4,138.19571428571427,1.1950150011539349,1.0527243155326647,31.0,41.142857142857146,44.666666666666664,2.0,0.17815873857157352,3.4657359027997265
2026-04-01,E006,Mechanical Keyboard,Electronics,TypeMaster,45.0,129.99,148.7,39,5799.3,4044.3,69.74,135.22,105,0,2,4,Easter,0.0,-1.4,141.96428571428572,1.1439341487806753,1.0996893950599023,32.0,40.142857142857146,44.86666666666667,2.0,0.1344733290461816,3.6635616461296463
2026-04-02,E006,Mechanical Keyboard,Electronics,TypeMaster,45.0,129.99,146.49,31,4541.19,3146.19,69.28,128.92,120,0,3,4,Easter,0.0071,-1.4,143.77857142857144,1.1269328409877684,1.1362860688799257,39.0,38.714285714285715,44.766666666666666,2.0,0.1194996423217509,3.4339872044851463
2026-04-03,E006,Mechanical Keyboard,Electronics,TypeMaster,45.0,129.99,147.71,33,4874.43,3389.43,69.53,148.38,127,0,4,4,Easter,0.0143,-1.4,147.23714285714286,1.1363181783214094,0.9954845666531879,31.0,36.714285714285715,44.8,2.0,0.1277933676325807,3.4965075614664802
2026-04-04,E006,Mechanical Keyboard,Electronics,TypeMaster,45.0,129.99,143.05,42,6008.1,4118.1,68.54,134.31,107,1,5,4,Easter,0.0214,-1.4,147.68571428571428,1.100469266866682,1.0650733378006105,33.0,36.0,44.96666666666667,2.0,0.0957366950761915,3.7376696182833684
2026-04-05,E006,Mechanical Keyboard,Electronics,TypeMaster,45.0,129.99,147.2,36,5299.2,3679.2,69.43,110.71,108,1,6,4,Easter,0.0286,-1.4,147.60857142857142,1.132394799599969,1.3295998554782766,42.0,34.857142857142854,45.03333333333333,2.0,0.12433468187484796,3.58351893845611
2026-04-06,E006,Mechanical Keyboard,Electronics,TypeMaster,45.0,129.99,143.27,35,5014.45,3439.45,68.59,141.79,133,0,0,4,Easter,0.0357,-1.4,147.3942857142857,1.1021617047465189,1.0104379716482124,36.0,35.42857142857143,44.63333333333333,2.0,0.0972734374853531,3.5553480614894135
2026-04-07,E006,Mechanical Keyboard,Electronics,TypeMaster,45.0,129.99,134.14,41,5499.74,3654.74,66.45,146.83,114,0,1,4,Easter,0.0429,-1.4,144.3657142857143,1.031925532733287,0.9135735203977388,35.0,36.714285714285715,44.63333333333333,2.0,0.03142650625166329,3.713572066704308
2026-04-08,E006,Mechanical Keyboard,Electronics,TypeMaster,45.0,129.99,138.75,37,5133.75,3468.75,67.57,114.93,120,0,2,4,Easter,0.05,-1.4,142.9442857142857,1.0673897992153243,1.2072565909684154,41.0,36.42857142857143,44.766666666666666,2.0,0.06521622820661618,3.6109179126442243
2026-04-09,E006,Mechanical Keyboard,Electronics,TypeMaster,45.0,129.99,138.24,40,5529.6,3729.6,67.45,129.74,128,0,3,4,Easter,0.0571,-1.4,141.7657142857143,1.0634664204938842,1.0655156466779714,37.0,37.714285714285715,44.8,2.0,0.06153378063581779,3.6888794541139363
2026-04-10,E006,Mechanical Keyboard,Electronics,TypeMaster,45.0,129.99,127.23,40,5089.2,3289.2,64.63,126.94,116,0,4,4,Easter,0.0643,-1.4,138.84,0.9787675975075005,1.002284543878998,40.0,38.714285714285715,44.766666666666666,2.0,-0.02146105226531874,3.6888794541139363
2026-04-11,E006,Mechanical Keyboard,Electronics,TypeMaster,45.0,129.99,126.98,55,6983.9,4508.9,64.56,134.2,82,1,5,4,Easter,0.0714,-1.4,136.5442857142857,0.9768443726440496,0.946199701937407,40.0,40.57142857142857,45.06666666666667,2.0,-0.02342793067762387,4.007333185232471
2026-04-12,E006,Mechanical Keyboard,Electronics,TypeMaster,45.0,129.99,120.18,59,7090.62,4435.62,62.56,120.54,64,1,6,4,Easter,0.1,-1.4,132.68428571428572,0.9245326563581814,0.9970134395221504,55.0,43.857142857142854,45.36666666666667,1.0,-0.07846690551414587,4.07753744390572
2026-04-13,E006,Mechanical Keyboard,Electronics,TypeMaster,45.0,129.99,124.82,51,6365.82,4070.82,63.95,114.96,93,0,0,4,Easter,0.1,-1.4,130.04857142857142,0.9602277098238324,1.0857689631176062,59.0,46.142857142857146,45.36666666666667,2.0,-0.04058482491403098,3.9318256327243257
2026-04-14,E006,Mechanical Keyboard,Electronics,TypeMaster,45.0,129.99,107.11,56,5998.16,3478.16,57.99,115.21,85,0,1,4,Easter,0.1,-1.4,126.18714285714286,0.8239864604969612,0.929693602985852,51.0,48.285714285714285,45.333333333333336,2.0,-0.19360118064338955,4.02535169073515
2026-04-15,E006,Mechanical Keyboard,Electronics,TypeMaster,45.0,129.99,112.59,56,6305.04,3785.04,60.03,113.62,82,0,2,4,Easter,0.1,-1.4,122.45000000000002,0.8661435495038079,0.9909346945960218,56.0,51.0,45.63333333333333,2.0,-0.14370462260488867,4.02535169073515
2026-04-16,E006,Mechanical Keyboard,Electronics,TypeMaster,45.0,129.99,112.1,58,6501.8,3891.8,59.86,136.96,78,0,3,4,Easter,0.1,-1.4,118.71571428571428,0.8623740287714439,0.8184871495327102,56.0,53.57142857142857,45.833333333333336,1.0,-0.14806619434181362,4.060443010546419
2026-04-17,E006,Mechanical Keyboard,Electronics,TypeMaster,45.0,129.99,110.21,57,6281.97,3716.97,59.17,135.3,103,0,4,4,Easter,0.1,-1.4,116.28428571428572,0.847834448803754,0.8145602365114559,58.0,56.0,45.766666666666666,2.0,-0.1650698877164773,4.04305126783455
