backend/data/features.csv
date,product_id,product_name,category,brand,cost,base_price,price,demand,revenue,profit,margin,competitor_price,stock,is_weekend,day_of_week,month,holiday_name,holiday_boost,elasticity,price_lag_7d,price_to_base,price_to_competitor,demand_lag_1d,demand_lag_7d,demand_lag_30d,stock_level,log_price_ratio,log_demand
2026-04-18,E006,Mechanical Keyboard,Electronics,TypeMaster,45.0,129.99,114.32,64,7316.48,4436.48,60.64,138.72,57,1,5,4,Easter,0.1,-1.4,114.47571428571428,0.879452265558889,0.8241061130334486,57.0,57.285714285714285,45.96666666666667,1.0,-0.12845599079831593,4.1588830833596715
2026-04-19,E006,Mechanical Keyboard,Electronics,TypeMaster,45.0,129.99,106.99,67,7168.33,4153.33,57.94,110.95,63,1,6,4,Easter,0.0714,-1.4,112.59142857142855,0.8230633125625048,0.9643082469580891,64.0,58.42857142857143,46.53333333333333,1.0,-0.1947221522694126,4.204692619390966
2026-04-20,E006,Mechanical Keyboard,Electronics,TypeMaster,45.0,129.99,112.6,46,5179.6,3109.6,60.04,133.0,90,0,0,4,Easter,0.0643,-1.4,110.84571428571428,0.8662204784983459,0.8466165413533834,67.0,57.714285714285715,46.233333333333334,2.0,-0.14361580871433782,3.828641396489095
2026-04-21,E006,Mechanical Keyboard,Electronics,TypeMaster,45.0,129.99,116.12,47,5457.64,3342.64,61.25,123.87,115,0,1,4,Easter,0.0571,-1.4,112.13285714285713,0.8932994845757366,0.9374344070396383,46.0,56.42857142857143,45.766666666666666,2.0,-0.11283338526349858,3.8501476017100584
2026-04-22,E006,Mechanical Keyboard,Electronics,TypeMaster,45.0,129.99,122.31,49,5993.19,3788.19,63.21,137.5,99,0,2,4,Easter,0.05,-1.4,113.52142857142857,0.9409185321947842,0.8895272727272727,47.0,55.42857142857143,45.86666666666667,2.0,-0.060898718920656056,3.8918202981106265
2026-04-23,E006,Mechanical Keyboard,Electronics,TypeMaster,45.0,129.99,117.4,53,6222.2,3837.2,61.67,122.44,106,0,3,4,Easter,0.0429,-1.4,114.27857142857144,0.9031463958766058,0.9588369813786345,49.0,54.714285714285715,46.0,2.0,-0.10187061702593173,3.970291913552122
2026-04-24,E006,Mechanical Keyboard,Electronics,TypeMaster,45.0,129.99,131.37,41,5386.17,3541.17,65.75,142.56,132,0,4,4,Easter,0.0357,-1.4,117.30142857142857,1.0106162012462496,0.921506734006734,53.0,52.42857142857143,45.833333333333336,2.0,0.010560245061488862,3.713572066704308
2026-04-25,E006,Mechanical Keyboard,Electronics,TypeMaster,45.0,129.99,129.47,52,6732.44,4392.44,65.24,122.93,99,1,5,4,Easter,0.0286,-1.4,119.46571428571428,0.9959996922840217,1.0532010087041406,41.0,50.714285714285715,46.2,2.0,-0.004008330349371943,3.9512437185814275
2026-04-26,E006,Mechanical Keyboard,Electronics,TypeMaster,45.0,129.99,139.13,38,5286.94,3576.94,67.66,138.01,132,1,6,4,Easter,0.0214,-1.4,124.05714285714286,1.0703131010077698,1.008115353959858,52.0,46.57142857142857,45.9,2.0,0.06795122343385762,3.6375861597263857
2026-04-27,E006,Mechanical Keyboard,Electronics,TypeMaster,45.0,129.99,133.67,39,5213.13,3458.13,66.34,127.28,108,0,0,4,Easter,0.0143,-1.4,127.06714285714285,1.028309869989999,1.0502042740414832,38.0,45.57142857142857,45.63333333333333,2.0,0.027916551563453785,3.6635616461296463
2026-04-28,E006,Mechanical Keyboard,Electronics,TypeMaster,45.0,129.99,140.25,40,5610.0,3810.0,67.91,116.51,101,0,1,4,Easter,0.0071,-1.4,130.5142857142857,1.0789291483960304,1.20375933396275,39.0,44.57142857142857,45.5,2.0,0.07596901998287789,3.6888794541139363
2026-04-29,E006,Mechanical Keyboard,Electronics,TypeMaster,45.0,129.99,149.59,38,5684.42,3974.42,69.92,123.77,107,0,2,4,Mothers Day,0.0129,-1.4,134.41142857142856,1.1507808292945612,1.2086127494546337,40.0,43.0,45.733333333333334,2.0,0.14044069396644185,3.6375861597263857
2026-04-30,E006,Mechanical Keyboard,Electronics,TypeMaster,45.0,129.99,140.31,36,5051.16,3431.16,67.93,136.9,132,0,3,4,Mothers Day,0.0257,-1.4,137.68428571428572,1.0793907223632586,1.02490869247626,38.0,40.57142857142857,45.86666666666667,2.0,0.07639673598597671,3.58351893845611
2026-05-01,E006,Mechanical Keyboard,Electronics,TypeMaster,45.0,129.99,143.72,35,5030.2,3455.2,68.69,149.02,128,0,4,5,Mothers Day,0.0386,-1.4,139.44857142857143,1.1056235095007307,0.9644343041202522,36.0,39.714285714285715,45.733333333333334,2.0,0.10040943782539018,3.5553480614894135
2026-05-02,E006,Mechanical Keyboard,Electronics,TypeMaster,45.0,129.99,146.22,44,6433.68,4453.68,69.22,129.43,93,1,5,5,Mothers Day,0.0514,-1.4,141.84142857142857,1.1248557581352412,1.1297226299930463,35.0,38.57142857142857,46.166666666666664,2.0,0.11765481244524215,3.784189633918261
2026-05-03,E006,Mechanical Keyboard,Electronics,TypeMaster,45.0,129.99,151.51,41,6211.91,4366.91,70.3,125.47,100,1,6,5,Mothers Day,0.0643,-1.4,143.60999999999999,1.165551196245865,1.2075396509125687,44.0,39.0,46.43333333333333,2.0,0.1531941049518162,3.713572066704308
2026-05-04,E006,Mechanical Keyboard,Electronics,TypeMaster,45.0,129.99,148.19,36,5334.84,3714.84,69.63,116.73,109,0,0,5,Mothers Day,0.0771,-1.4,145.68428571428572,1.1400107700592352,1.2695108369742139,41.0,38.57142857142857,46.233333333333334,2.0,0.13103770978215928,3.58351893845611
2026-05-05,E006,Mechanical Keyboard,Electronics,TypeMaster,45.0,129.99,145.87,43,6272.41,4337.41,69.15,121.77,130,0,1,5,Mothers Day,0.09,-1.4,146.48714285714286,1.1221632433264097,1.1979141003531248,36.0,39.0,46.46666666666667,2.0,0.11525828967819413,3.7612001156935624
2026-05-06,E006,Mechanical Keyboard,Electronics,TypeMaster,45.0,129.99,147.2,37,5446.4,3781.4,69.43,134.0,139,0,2,5,Mothers Day,0.1029,-1.4,146.1457142857143,1.132394799599969,1.0985074626865672,43.0,38.857142857142854,46.53333333333333,2.0,0.12433468187484796,3.6109179126442243
2026-05-07,E006,Mechanical Keyboard,Electronics,TypeMaster,45.0,129.99,141.03,42,5923.26,4033.26,68.09,125.53,110,0,3,5,Mothers Day,0.1157,-1.4,146.24857142857144,1.0849296099699977,1.123476459810404,37.0,39.714285714285715,46.56666666666667,2.0,0.08151510928422108,3.7376696182833684
2026-05-08,E006,Mechanical Keyboard,Electronics,TypeMaster,45.0,129.99,133.26,45,5996.7,3971.7,66.23,132.08,112,0,4,5,Mothers Day,0.1286,-1.4,144.75428571428571,1.0251557812139394,1.0089339794064203,42.0,41.142857142857146,46.833333333333336,2.0,0.02484458271446317,3.8066624897703196
2026-05-09,E006,Mechanical Keyboard,Electronics,TypeMaster,45.0,129.99,136.53,54,7372.62,4942.62,67.04,127.67,84,1,5,5,Mothers Day,0.18,-1.4,143.36999999999998,1.050311562427879,1.0693976658572883,45.0,42.57142857142857,47.3,2.0,0.049086846276732404,3.9889840465642745
2026-05-10,E006,Mechanical Keyboard,Electronics,TypeMaster,45.0,129.99,126.92,55,6980.6,4505.6,64.54,112.74,84,1,6,5,Mothers Day,0.18,-1.4,139.85714285714286,0.9763827986768212,1.1257761220507363,54.0,44.57142857142857,47.8,2.0,-0.023900557704933004,4.007333185232471
2026-02-09,E007,Noise Cancelling Headphones,Electronics,AudioPure,110.0,249.99,235.15,51,11992.65,6382.65,53.22,256.02,84,0,0,2,Valentines Day,0.1286,-1.2,235.15,0.9406376255050202,0.9184829310210141,51.0,51.0,51.0,2.0,-0.06119730867116815,3.9318256327243257
2026-02-10,E007,Noise Cancelling Headphones,Electronics,AudioPure,110.0,249.99,257.75,40,10310.0,5910.0,57.32,249.16,116,0,1,2,Valentines Day,0.1429,-1.2,246.45,1.031041241649666,1.0344758388184299,51.0,45.5,45.5,2.0,0.03056920583484415,3.6888794541139363
2026-02-11,E007,Noise Cancelling Headphones,Electronics,AudioPure,110.0,249.99,242.99,57,13850.43,7580.43,54.73,259.04,74,0,2,2,Valentines Day,0.2,-1.2,245.29666666666665,0.9719988799551982,0.9380404570722668,40.0,49.333333333333336,49.333333333333336,1.0,-0.028400626831828778,4.04305126783455
2026-02-12,E007,Noise Cancelling Headphones,Electronics,AudioPure,110.0,249.99,224.46,54,12120.84,6180.84,50.99,248.16,94,0,3,2,Valentines Day,0.2,-1.2,240.0875,0.8978759150366015,0.9044970986460349,57.0,50.5,50.5,2.0,-0.10772339947411531,3.9889840465642745
2026-02-13,E007,Noise Cancelling Headphones,Electronics,AudioPure,110.0,249.99,224.03,56,12545.68,6385.68,50.9,252.49,103,0,4,2,Valentines Day,0.2,-1.2,236.87600000000003,0.8961558462338494,0.8872826646599865,54.0,51.6,51.6,2.0,-0.10964094560338712,4.02535169073515
2026-02-14,E007,Noise Cancelling Headphones,Electronics,AudioPure,110.0,249.99,219.83,62,13629.46,6809.46,49.96,221.85,88,1,5,2,Valentines Day,0.2,-1.2,234.035,0.8793551742069683,0.9908947487040795,56.0,53.333333333333336,53.333333333333336,2.0,-0.12856639669019942,4.127134385045092
2026-02-15,E007,Noise Cancelling Headphones,Electronics,AudioPure,110.0,249.99,218.99,62,13577.38,6757.38,49.77,283.29,62,1,6,2,Valentines Day,0.2,-1.2,231.8857142857143,0.8759950398015921,0.7730241095696989,62.0,54.57142857142857,54.57142857142857,1.0,-0.1323948503887263,4.127134385045092
2026-02-16,E007,Noise Cancelling Headphones,Electronics,AudioPure,110.0,249.99,215.53,57,12285.21,6015.21,48.96,248.75,101,0,0,2,Valentines Day,0.2,-1.2,229.08285714285714,0.8621544861794471,0.8664522613065326,62.0,55.42857142857143,54.875,2.0,-0.14832080607050285,4.04305126783455
2026-02-17,E007,Noise Cancelling Headphones,Electronics,AudioPure,110.0,249.99,199.4,69,13758.6,6168.6,44.83,233.92,50,0,1,2,Valentines Day,0.2,-1.2,220.74714285714285,0.7976319052762111,0.8524281805745555,57.0,59.57142857142857,56.44444444444444,1.0,-0.2261080595344871,4.23410650459726
2026-02-18,E007,Noise Cancelling Headphones,Electronics,AudioPure,110.0,249.99,209.86,62,13011.32,6191.32,47.58,250.84,76,0,2,2,Valentines Day,0.1429,-1.2,216.01428571428573,0.8394735789431578,0.8366289268059321,69.0,60.285714285714285,57.0,1.0,-0.1749802753324601,4.127134385045092
2026-02-19,E007,Noise Cancelling Headphones,Electronics,AudioPure,110.0,249.99,225.44,51,11497.44,5887.44,51.21,286.04,94,0,3,2,Valentines Day,0.1286,-1.2,216.15428571428575,0.9017960718428737,0.7881415186687176,62.0,59.857142857142854,56.45454545454545,2.0,-0.10336686891185504,3.9318256327243257
2026-02-20,E007,Noise Cancelling Headphones,Electronics,AudioPure,110.0,249.99,226.03,52,11753.56,6033.56,51.33,255.5,114,0,4,2,Valentines Day,0.1143,-1.2,216.44000000000003,0.9041561662466499,0.8846575342465753,51.0,59.285714285714285,56.083333333333336,2.0,-0.10075318323672797,3.9512437185814275
2026-02-21,E007,Noise Cancelling Headphones,Electronics,AudioPure,110.0,249.99,226.47,56,12682.32,6522.32,51.43,276.54,86,1,5,2,Valentines Day,0.1,-1.2,217.38857142857142,0.905916236649466,0.8189412019960945,52.0,58.42857142857143,56.07692307692308,2.0,-0.09880843124258194,4.02535169073515
2026-02-22,E007,Noise Cancelling Headphones,Electronics,AudioPure,110.0,249.99,239.19,40,9567.6,5167.6,54.01,259.48,137,1,6,2,Valentines Day,0.0857,-1.2,220.27428571428572,0.9567982719308772,0.9218051487590565,56.0,55.285714285714285,54.92857142857143,2.0,-0.04416270187971138,3.6888794541139363
2026-02-23,E007,Noise Cancelling Headphones,Electronics,AudioPure,110.0,249.99,242.05,43,10408.15,5678.15,54.55,264.07,123,0,0,2,Valentines Day,0.0714,-1.2,224.06285714285715,0.968238729549182,0.9166130192751922,40.0,53.285714285714285,54.13333333333333,2.0,-0.0322766006765217,3.7612001156935624
2026-02-24,E007,Noise Cancelling Headphones,Electronics,AudioPure,110.0,249.99,244.19,44,10744.36,5904.36,54.95,234.95,106,0,1,2,Valentines Day,0.0571,-1.2,230.46142857142857,0.9767990719628785,1.0393275164928708,43.0,49.714285714285715,53.5,2.0,-0.023474306265046648,3.784189633918261
2026-02-25,E007,Noise Cancelling Headphones,Electronics,AudioPure,110.0,249.99,253.09,44,11135.96,6295.96,56.54,228.29,130,0,2,2,Valentines Day,0.0429,-1.2,236.63714285714286,1.0124004960198407,1.108633755311227,44.0,47.142857142857146,52.94117647058823,2.0,0.012324239633240482,3.784189633918261
2026-02-26,E007,Noise Cancelling Headphones,Electronics,AudioPure,110.0,249.99,272.39,38,10350.82,6170.82,59.62,234.59,105,0,3,2,Valentines Day,0.0286,-1.2,243.3442857142857,1.0896035841433656,1.1611321880728078,44.0,45.285714285714285,52.111111111111114,2.0,0.08581394581974698,3.6375861597263857
2026-02-27,E007,Noise Cancelling Headphones,Electronics,AudioPure,110.0,249.99,277.47,37,10266.39,6196.39,60.36,268.02,112,0,4,2,Valentines Day,0.0143,-1.2,250.69285714285712,1.1099243969758792,1.0352585627938216,38.0,43.142857142857146,51.31578947368421,2.0,0.10429190217205342,3.6109179126442243
2026-02-28,E007,Noise Cancelling Headphones,Electronics,AudioPure,110.0,249.99,283.86,41,11638.26,7128.26,61.25,261.88,129,1,5,2,Valentines Day,0.0,-1.2,258.89142857142855,1.1354854194167767,1.0839315717122346,37.0,41.0,50.8,2.0,0.12706024180888664,3.713572066704308
2026-03-01,E007,Noise Cancelling Headphones,Electronics,AudioPure,110.0,249.99,285.1,42,11974.2,7354.2,61.42,219.14,116,1,6,3,Valentines Day,0.0,-1.2,265.45,1.140445617824713,1.300994797846126,41.0,41.285714285714285,50.38095238095238,2.0,0.1314190788564013,3.7376696182833684
2026-03-02,E007,Noise Cancelling Headphones,Electronics,AudioPure,110.0,249.99,284.43,32,9101.76,5581.76,61.33,243.02,119,0,0,3,Valentines Day,0.0,-1.2,271.5042857142857,1.1377655106204247,1.1703974981483005,42.0,39.714285714285715,49.54545454545455,2.0,0.1290662605357523,3.4657359027997265
2026-03-03,E007,Noise Cancelling Headphones,Electronics,AudioPure,110.0,249.99,281.34,34,9565.56,5825.56,60.9,273.11,150,0,1,3,Valentines Day,0.0,-1.2,276.81142857142856,1.125405016200648,1.0301343780894143,32.0,38.285714285714285,48.869565217391305,2.0,0.11814298526732474,3.5263605246161616
2026-03-04,E007,Noise Cancelling Headphones,Electronics,AudioPure,110.0,249.99,273.08,36,9830.88,5870.88,59.72,218.26,128,0,2,3,Valentines Day,0.0,-1.2,279.6671428571429,1.0923636945477817,1.2511683313479336,34.0,37.142857142857146,48.333333333333336,2.0,0.08834387548785427,3.58351893845611
2026-03-05,E007,Noise Cancelling Headphones,Electronics,AudioPure,110.0,249.99,290.6,36,10461.6,6501.6,62.15,216.26,111,0,3,3,Valentines Day,0.0,-1.2,282.2685714285714,1.1624464978599145,1.343752890039767,36.0,36.857142857142854,47.84,2.0,0.1505268340739575,3.58351893845611
2026-03-06,E007,Noise Cancelling Headphones,Electronics,AudioPure,110.0,249.99,270.41,34,9193.94,5453.94,59.32,229.92,123,0,4,3,Valentines Day,0.0,-1.2,281.26,1.0816832673306933,1.1761047320807239,36.0,36.42857142857143,47.30769230769231,2.0,0.07851840867127823,3.5263605246161616
2026-03-07,E007,Noise Cancelling Headphones,Electronics,AudioPure,110.0,249.99,284.08,38,10795.04,6615.04,61.28,236.6,123,1,5,3,Valentines Day,0.0,-1.2,281.2914285714286,1.1363654546181847,1.2006762468300929,34.0,36.0,46.96296296296296,2.0,0.12783497157260734,3.6375861597263857
2026-03-08,E007,Noise Cancelling Headphones,Electronics,AudioPure,110.0,249.99,276.8,36,9964.8,6004.8,60.26,285.91,132,1,6,3,Valentines Day,0.0,-1.2,280.1057142857143,1.1072442897715908,0.9681368262740022,38.0,35.142857142857146,46.57142857142857,2.0,0.10187430668128938,3.58351893845611
2026-03-09,E007,Noise Cancelling Headphones,Electronics,AudioPure,110.0,249.99,275.45,32,8814.4,5294.4,60.07,221.71,152,0,0,3,Valentines Day,0.0,-1.2,278.8228571428571,1.1018440737629505,1.2423887059672545,36.0,35.142857142857146,46.06896551724138,2.0,0.09698520685650039,3.4657359027997265
2026-03-10,E007,Noise Cancelling Headphones,Electronics,AudioPure,110.0,249.99,235.14,43,10111.02,5381.02,53.22,256.43,119,0,1,3,Valentines Day,0.0,-1.2,272.22285714285715,0.9405976239049562,0.916975392894747,32.0,36.42857142857143,45.96666666666667,2.0,-0.06123983562263005,3.7612001156935624
2026-03-11,E007,Noise Cancelling Headphones,Electronics,AudioPure,110.0,249.99,251.56,38,9559.28,5379.28,56.27,230.64,133,0,2,3,Valentines Day,0.0,-1.2,269.1485714285714,1.0062802512100484,1.0907041276448146,43.0,36.714285714285715,45.53333333333333,2.0,0.006260612613077493,3.6375861597263857
2026-03-12,E007,Noise Cancelling Headphones,Electronics,AudioPure,110.0,249.99,245.77,42,10322.34,5702.34,55.24,253.93,117,0,3,3,Valentines Day,0.0,-1.2,262.7442857142857,0.9831193247729909,0.9678651596896782,38.0,37.57142857142857,45.6,2.0,-0.017024777826570928,3.7376696182833684
2026-03-13,E007,Noise Cancelling Headphones,Electronics,AudioPure,110.0,249.99,237.68,40,9507.2,5107.2,53.72,232.85,120,0,4,3,Valentines Day,0.0,-1.2,258.06857142857143,0.9507580303212129,1.0207429675756925,42.0,38.42857142857143,45.03333333333333,2.0,-0.05049568590787288,3.6888794541139363
2026-03-14,E007,Noise Cancelling Headphones,Electronics,AudioPure,110.0,249.99,222.74,51,11359.74,5749.74,50.62,259.71,80,1,5,3,Valentines Day,0.0,-1.2,249.3057142857143,0.890995639825593,0.8576489160987256,40.0,40.285714285714285,44.93333333333333,1.0,-0.11541574509727096,3.9318256327243257
2026-03-15,E007,Noise Cancelling Headphones,Electronics,AudioPure,110.0,249.99,215.96,59,12741.64,6251.64,49.06,212.5,82,1,6,3,Valentines Day,0.0,-1.2,240.61428571428573,0.8638745549821993,1.0162823529411764,51.0,43.57142857142857,45.03333333333333,2.0,-0.14632771171213882,4.07753744390572
2026-03-16,E007,Noise Cancelling Headphones,Electronics,AudioPure,110.0,249.99,215.06,48,10322.88,5042.88,48.85,275.44,84,0,0,3,Valentines Day,0.0,-1.2,231.98714285714286,0.8602744109764391,0.7807871042695324,59.0,45.857142857142854,44.56666666666667,2.0,-0.15050385809984482,3.871201010907891
2026-03-17,E007,Noise Cancelling Headphones,Electronics,AudioPure,110.0,249.99,220.51,43,9481.93,4751.93,50.12,236.21,98,0,1,3,Easter,0.0,-1.2,229.89714285714285,0.8820752830113204,0.9335337199949197,48.0,45.857142857142854,43.93333333333333,2.0,-0.12547787172974853,3.7612001156935624
2026-03-18,E007,Noise Cancelling Headphones,Electronics,AudioPure,110.0,249.99,202.6,48,9724.8,4444.8,45.71,275.69,97,0,2,3,Easter,0.0,-1.2,222.90285714285713,0.8104324172966918,0.7348833835104647,43.0,47.285714285714285,43.63333333333333,2.0,-0.2101873252476422,3.871201010907891
2026-03-19,E007,Noise Cancelling Headphones,Electronics,AudioPure,110.0,249.99,214.67,48,10304.16,5024.16,48.76,245.03,120,0,3,3,Easter,0.0,-1.2,218.46,0.8587143485739429,0.8760968044729216,48.0,48.142857142857146,42.93333333333333,2.0,-0.15231895179622804,3.871201010907891
