backend/data/features.csv
date,product_id,product_name,category,brand,cost,base_price,price,demand,revenue,profit,margin,competitor_price,stock,is_weekend,day_of_week,month,holiday_name,holiday_boost,elasticity,price_lag_7d,price_to_base,price_to_competitor,demand_lag_1d,demand_lag_7d,demand_lag_30d,stock_level,log_price_ratio,log_demand
2026-03-20,E007,Noise Cancelling Headphones,Electronics,AudioPure,110.0,249.99,217.26,46,9993.96,4933.96,49.37,219.19,115,0,4,3,Easter,0.0,-1.2,215.54285714285714,0.8690747629905196,0.9911948537798256,48.0,49.0,42.4,2.0,-0.14032612405662034,3.828641396489095
2026-03-21,E007,Noise Cancelling Headphones,Electronics,AudioPure,110.0,249.99,199.22,59,11753.98,5263.98,44.78,259.94,90,1,5,3,Easter,0.0,-1.2,212.18285714285713,0.796911876475059,0.766407632530584,46.0,50.142857142857146,42.666666666666664,2.0,-0.22701117534520548,4.07753744390572
2026-03-22,E007,Noise Cancelling Headphones,Electronics,AudioPure,110.0,249.99,229.36,55,12614.8,6564.8,52.04,284.94,100,1,6,3,Easter,0.0,-1.2,214.09714285714284,0.9174766990679627,0.8049413911700709,59.0,49.57142857142857,42.766666666666666,2.0,-0.08612809548711073,4.007333185232471
2026-03-23,E007,Noise Cancelling Headphones,Electronics,AudioPure,110.0,249.99,228.61,45,10287.45,5337.45,51.88,234.84,94,0,0,3,Easter,0.0,-1.2,216.03285714285715,0.9144765790631626,0.973471299608244,55.0,49.142857142857146,42.4,2.0,-0.08940342212634536,3.8066624897703196
2026-03-24,E007,Noise Cancelling Headphones,Electronics,AudioPure,110.0,249.99,239.36,46,11010.56,5950.56,54.04,216.11,102,0,1,3,Easter,0.0,-1.2,218.72571428571428,0.9574782991319652,1.1075841006894638,45.0,49.57142857142857,42.6,2.0,-0.04345222227611271,3.828641396489095
2026-03-25,E007,Noise Cancelling Headphones,Electronics,AudioPure,110.0,249.99,242.2,43,10414.6,5684.6,54.58,244.94,112,0,2,3,Easter,0.0,-1.2,224.38285714285715,0.9688387535501419,0.9888135870008982,46.0,48.857142857142854,42.6,2.0,-0.0316570859432333,3.7612001156935624
2026-03-26,E007,Noise Cancelling Headphones,Electronics,AudioPure,110.0,249.99,245.86,36,8850.96,4890.96,55.26,240.23,110,0,3,3,Easter,0.0,-1.2,228.83857142857144,0.983479339173567,1.0234358739541274,43.0,47.142857142857146,42.333333333333336,2.0,-0.016658648823030073,3.58351893845611
2026-03-27,E007,Noise Cancelling Headphones,Electronics,AudioPure,110.0,249.99,254.39,43,10938.77,6208.77,56.76,274.15,128,0,4,3,Easter,0.0,-1.2,234.14285714285714,1.017600704028161,0.9279226700711289,36.0,46.714285714285715,42.3,2.0,0.01744760545505457,3.7612001156935624
2026-03-28,E007,Noise Cancelling Headphones,Electronics,AudioPure,110.0,249.99,269.91,38,10256.58,6076.58,59.25,247.91,139,1,5,3,Easter,0.0,-1.2,244.24142857142857,1.0796831873274932,1.0887418821346457,43.0,43.714285714285715,42.3,2.0,0.07666765303491213,3.6375861597263857
2026-03-29,E007,Noise Cancelling Headphones,Electronics,AudioPure,110.0,249.99,277.06,37,10251.22,6181.22,60.3,258.07,118,1,6,3,Easter,0.0,-1.2,251.0557142857143,1.1082843313732549,1.0735846863254157,38.0,41.142857142857146,42.3,2.0,0.10281317216750784,3.6109179126442243
2026-03-30,E007,Noise Cancelling Headphones,Electronics,AudioPure,110.0,249.99,280.68,32,8981.76,5461.76,60.81,267.88,129,0,0,3,Easter,0.0,-1.2,258.4942857142857,1.122764910596424,1.0477825892190533,37.0,39.285714285714285,42.0,2.0,0.11579431332186292,3.4657359027997265
2026-03-31,E007,Noise Cancelling Headphones,Electronics,AudioPure,110.0,249.99,273.54,40,10941.6,6541.6,59.79,265.98,108,0,1,3,Easter,0.0,-1.2,263.37714285714287,1.0942037681507262,1.0284231897135123,32.0,38.42857142857143,41.93333333333333,2.0,0.09002694639118007,3.6888794541139363
2026-04-01,E007,Noise Cancelling Headphones,Electronics,AudioPure,110.0,249.99,283.19,36,10194.84,6234.84,61.16,240.07,110,0,2,4,Easter,0.0,-1.2,269.23285714285714,1.1328053122124884,1.1796142791685758,40.0,37.42857142857143,42.06666666666667,2.0,0.12469713339943754,3.58351893845611
2026-04-02,E007,Noise Cancelling Headphones,Electronics,AudioPure,110.0,249.99,287.59,31,8915.29,5505.29,61.75,232.56,151,0,3,4,Easter,0.0071,-1.2,275.1942857142857,1.1504060162406495,1.236627106983144,36.0,36.714285714285715,41.96666666666667,2.0,0.14011493766555447,3.4339872044851463
2026-04-03,E007,Noise Cancelling Headphones,Electronics,AudioPure,110.0,249.99,285.57,32,9138.24,5618.24,61.48,249.45,132,0,4,4,Easter,0.0143,-1.2,279.6485714285714,1.142325693027721,1.144798556825015,31.0,35.142857142857146,41.833333333333336,2.0,0.13306626586909842,3.4657359027997265
2026-04-04,E007,Noise Cancelling Headphones,Electronics,AudioPure,110.0,249.99,303.75,39,11846.25,7556.25,63.79,213.24,121,1,5,4,Easter,0.0214,-1.2,284.48285714285714,1.2150486019440778,1.4244513224535733,32.0,35.285714285714285,41.93333333333333,2.0,0.19478407759253316,3.6635616461296463
2026-04-05,E007,Noise Cancelling Headphones,Electronics,AudioPure,110.0,249.99,282.63,42,11870.46,7250.46,61.08,263.31,108,1,6,4,Easter,0.0286,-1.2,285.2785714285714,1.1305652226089042,1.0733735900649424,39.0,36.0,42.2,2.0,0.12271770466646087,3.7376696182833684
2026-04-06,E007,Noise Cancelling Headphones,Electronics,AudioPure,110.0,249.99,283.22,37,10479.14,6409.14,61.16,251.59,145,0,0,4,Easter,0.0357,-1.2,285.64142857142855,1.1329253170126805,1.1257204181406257,42.0,36.714285714285715,42.166666666666664,2.0,0.12480306373268761,3.6109179126442243
2026-04-07,E007,Noise Cancelling Headphones,Electronics,AudioPure,110.0,249.99,277.08,38,10529.04,6349.04,60.3,221.51,115,0,1,4,Easter,0.0429,-1.2,286.14714285714285,1.108364334573383,1.2508690352580019,37.0,36.42857142857143,42.233333333333334,2.0,0.10288535609217916,3.6375861597263857
2026-04-08,E007,Noise Cancelling Headphones,Electronics,AudioPure,110.0,249.99,266.01,43,11438.43,6708.43,58.65,238.6,109,0,2,4,Easter,0.05,-1.2,283.6928571428571,1.064082563302532,1.1148784576697401,38.0,37.42857142857143,42.6,2.0,0.062112984997800075,3.7612001156935624
2026-04-09,E007,Noise Cancelling Headphones,Electronics,AudioPure,110.0,249.99,259.02,40,10360.8,5960.8,57.53,276.02,101,0,3,4,Easter,0.0571,-1.2,279.6114285714286,1.0361214448577942,0.9384102601260779,43.0,38.714285714285715,42.5,2.0,0.03548436173321596,3.6888794541139363
2026-04-10,E007,Noise Cancelling Headphones,Electronics,AudioPure,110.0,249.99,251.29,43,10805.47,6075.47,56.23,271.02,112,0,4,4,Easter,0.0643,-1.2,274.7142857142857,1.0052002080083202,0.9272009445797359,40.0,40.285714285714285,42.666666666666664,2.0,0.005186733619551051,3.7612001156935624
2026-04-11,E007,Noise Cancelling Headphones,Electronics,AudioPure,110.0,249.99,230.19,50,11509.5,6009.5,52.21,217.42,89,1,5,4,Easter,0.0714,-1.2,264.2057142857143,0.9207968318732749,1.0587342470793857,43.0,41.857142857142854,42.93333333333333,2.0,-0.0825158622045416,3.912023005428146
2026-04-12,E007,Noise Cancelling Headphones,Electronics,AudioPure,110.0,249.99,233.96,47,10996.12,5826.12,52.98,268.55,105,1,6,4,Easter,0.1,-1.2,257.2528571428571,0.9358774350974038,0.8711971699869671,50.0,42.57142857142857,43.166666666666664,2.0,-0.06627075648740012,3.8501476017100584
2026-04-13,E007,Noise Cancelling Headphones,Electronics,AudioPure,110.0,249.99,228.11,50,11405.5,5905.5,51.78,284.7,83,0,0,4,Easter,0.1,-1.2,249.37999999999997,0.9124764990599624,0.8012293642430629,47.0,44.42857142857143,43.13333333333333,2.0,-0.09159294831197785,3.912023005428146
2026-04-14,E007,Noise Cancelling Headphones,Electronics,AudioPure,110.0,249.99,212.67,50,10633.5,5133.5,48.28,227.18,86,0,1,4,Easter,0.1,-1.2,240.17857142857142,0.8507140285611423,0.9361299410159344,50.0,46.142857142857146,42.833333333333336,2.0,-0.1616792485271894,3.912023005428146
2026-04-15,E007,Noise Cancelling Headphones,Electronics,AudioPure,110.0,249.99,227.13,51,11583.63,5973.63,51.57,255.86,84,0,2,4,Easter,0.1,-1.2,234.62428571428572,0.9085563422536901,0.8877120300164152,50.0,47.285714285714285,42.93333333333333,2.0,-0.09589837627890022,3.9318256327243257
2026-04-16,E007,Noise Cancelling Headphones,Electronics,AudioPure,110.0,249.99,218.06,56,12211.36,6051.36,49.56,241.6,95,0,3,4,Easter,0.1,-1.2,228.77285714285716,0.8722748909956398,0.902566225165563,51.0,49.57142857142857,43.36666666666667,2.0,-0.1366506627839894,4.02535169073515
2026-04-17,E007,Noise Cancelling Headphones,Electronics,AudioPure,110.0,249.99,206.62,49,10124.38,4734.38,46.76,281.3,94,0,4,4,Easter,0.1,-1.2,222.39142857142858,0.8265130605224209,0.7345183078563811,56.0,50.42857142857143,43.4,2.0,-0.19053955964092573,3.8918202981106265
2026-04-18,E007,Noise Cancelling Headphones,Electronics,AudioPure,110.0,249.99,220.1,58,12765.8,6385.8,50.02,265.57,66,1,5,4,Easter,0.1,-1.2,220.95000000000002,0.8804352174086963,0.8287833716157699,49.0,51.57142857142857,43.733333333333334,1.0,-0.12733892852980913,4.060443010546419
2026-04-19,E007,Noise Cancelling Headphones,Electronics,AudioPure,110.0,249.99,208.06,71,14772.26,6962.26,47.13,222.56,76,1,6,4,Easter,0.0714,-1.2,217.25,0.8322732909316373,0.9348490294751977,58.0,55.0,44.56666666666667,1.0,-0.18359441741947594,4.2626798770413155
2026-04-20,E007,Noise Cancelling Headphones,Electronics,AudioPure,110.0,249.99,205.46,54,11094.84,5154.84,46.46,250.04,99,0,0,4,Easter,0.0643,-1.2,214.0142857142857,0.8218728749149966,0.8217085266357383,71.0,55.57142857142857,44.4,2.0,-0.19616954927410746,3.9889840465642745
2026-04-21,E007,Noise Cancelling Headphones,Electronics,AudioPure,110.0,249.99,220.7,47,10372.9,5202.9,50.16,273.01,104,0,1,4,Easter,0.0571,-1.2,215.1614285714286,0.8828353134125364,0.8083952968755723,54.0,55.142857142857146,44.13333333333333,2.0,-0.12461660379953449,3.8501476017100584
2026-04-22,E007,Noise Cancelling Headphones,Electronics,AudioPure,110.0,249.99,211.36,57,12047.52,5777.52,47.96,215.78,73,0,2,4,Easter,0.05,-1.2,212.9085714285714,0.8454738189527581,0.9795161738808046,47.0,56.0,44.53333333333333,1.0,-0.16785807628820995,4.04305126783455
2026-04-23,E007,Noise Cancelling Headphones,Electronics,AudioPure,110.0,249.99,224.06,46,10306.76,5246.76,50.91,216.24,122,0,3,4,Easter,0.0429,-1.2,213.76571428571427,0.8962758510340414,1.0361635220125787,57.0,54.57142857142857,44.53333333333333,2.0,-0.10950704393164783,3.828641396489095
2026-04-24,E007,Noise Cancelling Headphones,Electronics,AudioPure,110.0,249.99,238.97,45,10753.65,5803.65,53.97,284.54,98,0,4,4,Easter,0.0357,-1.2,218.38714285714286,0.9559182367294692,0.8398467702256273,46.0,54.0,44.6,2.0,-0.04508289602193938,3.8066624897703196
2026-04-25,E007,Noise Cancelling Headphones,Electronics,AudioPure,110.0,249.99,238.0,52,12376.0,6656.0,53.78,245.26,100,1,5,4,Easter,0.0286,-1.2,220.9442857142857,0.9520380815232609,0.9703987604990623,45.0,53.142857142857146,45.13333333333333,2.0,-0.04915024339075048,3.9512437185814275
2026-04-26,E007,Noise Cancelling Headphones,Electronics,AudioPure,110.0,249.99,259.21,42,10886.82,6266.82,57.56,286.08,104,1,6,4,Easter,0.0214,-1.2,228.25142857142856,1.0368814752590103,0.9060752237136465,52.0,49.0,45.1,2.0,0.036217626918609476,3.7376696182833684
2026-04-27,E007,Noise Cancelling Headphones,Electronics,AudioPure,110.0,249.99,268.44,37,9932.28,5862.28,59.02,269.29,112,0,0,4,Easter,0.0143,-1.2,237.24857142857144,1.0738029521180847,0.9968435515615135,42.0,46.57142857142857,45.06666666666667,2.0,0.07120650822781346,3.6109179126442243
2026-04-28,E007,Noise Cancelling Headphones,Electronics,AudioPure,110.0,249.99,285.56,33,9423.48,5793.48,61.48,231.04,140,0,1,4,Easter,0.0071,-1.2,246.5142857142857,1.1422856914276571,1.235976454293629,37.0,44.57142857142857,44.93333333333333,2.0,0.13303124757203472,3.4965075614664802
2026-04-29,E007,Noise Cancelling Headphones,Electronics,AudioPure,110.0,249.99,270.68,38,10285.84,6105.84,59.36,254.87,135,0,2,4,Mothers Day,0.0129,-1.2,254.98857142857145,1.0827633105324213,1.0620316239651588,33.0,41.857142857142854,45.13333333333333,2.0,0.07951639430179962,3.6375861597263857
2026-04-30,E007,Noise Cancelling Headphones,Electronics,AudioPure,110.0,249.99,280.12,35,9804.2,5954.2,60.73,213.17,124,0,3,4,Mothers Day,0.0257,-1.2,262.9971428571429,1.1205248209928398,1.314068583759441,38.0,40.285714285714285,44.96666666666667,2.0,0.11379716572509195,3.5553480614894135
2026-05-01,E007,Noise Cancelling Headphones,Electronics,AudioPure,110.0,249.99,276.28,38,10498.64,6318.64,60.19,236.62,138,0,4,5,Mothers Day,0.0386,-1.2,268.32714285714286,1.1051642065682625,1.1676105147493872,35.0,39.285714285714285,45.03333333333333,2.0,0.09999392715854688,3.6375861597263857
2026-05-02,E007,Noise Cancelling Headphones,Electronics,AudioPure,110.0,249.99,283.76,42,11917.92,7297.92,61.23,244.64,97,1,5,5,Mothers Day,0.0514,-1.2,274.8642857142857,1.1350854034161366,1.1599084368868542,38.0,37.857142857142854,45.4,2.0,0.12670789340314126,3.7376696182833684
2026-05-03,E007,Noise Cancelling Headphones,Electronics,AudioPure,110.0,249.99,303.03,38,11515.14,7335.14,63.7,221.38,116,1,6,5,Mothers Day,0.0643,-1.2,281.1242857142857,1.2121684867394695,1.3688228385581351,42.0,37.285714285714285,45.6,2.0,0.19241089344697737,3.6375861597263857
2026-05-04,E007,Noise Cancelling Headphones,Electronics,AudioPure,110.0,249.99,291.23,35,10193.05,6343.05,62.23,286.98,112,0,0,5,Mothers Day,0.0771,-1.2,284.38,1.1649665986639466,1.0148093943828838,38.0,37.0,45.46666666666667,2.0,0.15269241593192828,3.5553480614894135
2026-05-05,E007,Noise Cancelling Headphones,Electronics,AudioPure,110.0,249.99,277.59,42,11658.78,7038.78,60.37,241.92,126,0,1,5,Mothers Day,0.09,-1.2,283.24142857142857,1.1104044161766469,1.1474454365079365,35.0,38.285714285714285,45.46666666666667,2.0,0.10472428786682329,3.7376696182833684
2026-05-06,E007,Noise Cancelling Headphones,Electronics,AudioPure,110.0,249.99,263.86,44,11609.84,6769.84,58.31,271.56,102,0,2,5,Mothers Day,0.1029,-1.2,282.26714285714286,1.0554822192887716,0.9716453085874208,42.0,39.142857142857146,45.7,2.0,0.053997742393405504,3.784189633918261
2026-05-07,E007,Noise Cancelling Headphones,Electronics,AudioPure,110.0,249.99,257.26,46,11833.96,6773.96,57.24,261.74,98,0,3,5,Mothers Day,0.1157,-1.2,279.00142857142856,1.0290811632465298,0.9828837777947581,44.0,40.714285714285715,45.96666666666667,2.0,0.0286663295883442,3.828641396489095
2026-05-08,E007,Noise Cancelling Headphones,Electronics,AudioPure,110.0,249.99,265.35,38,10083.3,5903.3,58.55,229.05,106,0,4,5,Mothers Day,0.1286,-1.2,277.44,1.061442457698308,1.1584806810740014,46.0,40.714285714285715,45.8,2.0,0.05962879221167886,3.6375861597263857
2026-05-09,E007,Noise Cancelling Headphones,Electronics,AudioPure,110.0,249.99,254.73,55,14010.15,7960.15,56.82,283.77,93,1,5,5,Mothers Day,0.18,-1.2,273.29285714285714,1.018960758430337,0.8976636008034676,38.0,42.57142857142857,46.3,2.0,0.018783243617156515,4.007333185232471
2026-05-10,E007,Noise Cancelling Headphones,Electronics,AudioPure,110.0,249.99,264.81,44,11651.64,6811.64,58.46,251.24,122,1,6,5,Mothers Day,0.18,-1.2,267.8328571428571,1.0592823712948518,1.054012099984079,55.0,43.42857142857143,46.333333333333336,2.0,0.0575916706380261,3.784189633918261
2026-02-09,E008,4K Web Camera,Electronics,VisionStream,30.0,79.99,77.83,49,3813.67,2343.67,61.45,89.45,120,0,0,2,Valentines Day,0.1286,-2.0,77.83,0.9729966245780723,0.8700950251537171,49.0,49.0,49.0,2.0,-0.02737466588943362,3.8918202981106265
2026-02-10,E008,4K Web Camera,Electronics,VisionStream,30.0,79.99,77.04,61,4699.44,2869.44,61.06,86.72,77,0,1,2,Valentines Day,0.1429,-2.0,77.435,0.9631203900487563,0.8883763837638378,49.0,55.0,55.0,1.0,-0.037576859370860215,4.110873864173311
2026-02-11,E008,4K Web Camera,Electronics,VisionStream,30.0,79.99,71.63,69,4942.47,2872.47,58.12,82.18,49,0,2,2,Valentines Day,0.2,-2.0,75.5,0.8954869358669834,0.8716232660014601,61.0,59.666666666666664,59.666666666666664,1.0,-0.11038764623437067,4.23410650459726
2026-02-12,E008,4K Web Camera,Electronics,VisionStream,30.0,79.99,75.07,61,4579.27,2749.27,60.04,72.96,61,0,3,2,Valentines Day,0.2,-2.0,75.3925,0.9384923115389423,1.0289199561403508,69.0,60.0,60.0,1.0,-0.06348061527581958,4.110873864173311
2026-02-13,E008,4K Web Camera,Electronics,VisionStream,30.0,79.99,64.82,85,5509.7,2959.7,53.72,87.45,43,0,4,2,Valentines Day,0.2,-2.0,73.27799999999999,0.8103512939117389,0.7412235563178958,61.0,65.0,65.0,1.0,-0.21028742914732929,4.442651256490317
2026-02-14,E008,4K Web Camera,Electronics,VisionStream,30.0,79.99,72.56,71,5151.76,3021.76,58.65,86.5,64,1,5,2,Valentines Day,0.2,-2.0,73.15833333333333,0.9071133891736468,0.8388439306358382,85.0,66.0,66.0,1.0,-0.09748782105384923,4.2626798770413155
2026-02-15,E008,4K Web Camera,Electronics,VisionStream,30.0,79.99,64.31,101,6495.31,3465.31,53.35,78.2,5,1,6,2,Valentines Day,0.2,-2.0,71.89428571428572,0.8039754969371172,0.8223785166240409,71.0,71.0,71.0,0.0,-0.21818648671395863,4.61512051684126
2026-02-16,E008,4K Web Camera,Electronics,VisionStream,30.0,79.99,68.89,72,4960.08,2800.08,56.45,67.99,53,0,0,2,Valentines Day,0.2,-2.0,70.61714285714285,0.8612326540817603,1.0132372407707018,101.0,74.28571428571429,71.125,1.0,-0.14939059725562592,4.276666119016055
2026-02-17,E008,4K Web Camera,Electronics,VisionStream,30.0,79.99,66.44,80,5315.2,2915.2,54.85,91.34,29,0,1,2,Valentines Day,0.2,-2.0,69.10285714285713,0.8306038254781848,0.7273921611561199,72.0,77.0,72.11111111111111,1.0,-0.18560234211563637,4.382026634673881
2026-02-18,E008,4K Web Camera,Electronics,VisionStream,30.0,79.99,65.97,71,4683.87,2553.87,54.52,73.52,38,0,2,2,Valentines Day,0.1429,-2.0,68.29428571428572,0.8247280910113765,0.8973068552774756,80.0,77.28571428571429,72.0,1.0,-0.19270153362595097,4.2626798770413155
2026-02-19,E008,4K Web Camera,Electronics,VisionStream,30.0,79.99,71.23,59,4202.57,2432.57,57.88,85.79,96,0,3,2,Valentines Day,0.1286,-2.0,67.74571428571429,0.8904863107888488,0.8302832497960135,71.0,77.0,70.81818181818181,2.0,-0.11598754887046789,4.07753744390572
2026-02-20,E008,4K Web Camera,Electronics,VisionStream,30.0,79.99,66.93,69,4618.17,2548.17,55.18,75.8,71,0,4,2,Valentines Day,0.1143,-2.0,68.04714285714286,0.8367295911989,0.8829815303430081,59.0,74.71428571428571,70.66666666666667,1.0,-0.1782543297481795,4.23410650459726
