backend/data/features.csv
date,product_id,product_name,category,brand,cost,base_price,price,demand,revenue,profit,margin,competitor_price,stock,is_weekend,day_of_week,month,holiday_name,holiday_boost,elasticity,price_lag_7d,price_to_base,price_to_competitor,demand_lag_1d,demand_lag_7d,demand_lag_30d,stock_level,log_price_ratio,log_demand
2026-02-21,E008,4K Web Camera,Electronics,VisionStream,30.0,79.99,71.82,75,5386.5,3136.5,58.23,76.89,66,1,5,2,Valentines Day,0.1,-2.0,67.94142857142857,0.8978622327790974,0.9340616465079984,69.0,75.28571428571429,71.0,1.0,-0.10773863806279374,4.31748811353631
2026-02-22,E008,4K Web Camera,Electronics,VisionStream,30.0,79.99,73.68,75,5526.0,3276.0,59.28,82.17,56,1,6,2,Valentines Day,0.0857,-2.0,69.28,0.9211151393924242,0.8966776195691859,75.0,71.57142857142857,71.28571428571429,1.0,-0.08217023491367897,4.31748811353631
2026-02-23,E008,4K Web Camera,Electronics,VisionStream,30.0,79.99,77.7,49,3807.3,2337.3,61.39,85.01,89,0,0,2,Valentines Day,0.0714,-2.0,70.53857142857143,0.9713714214276785,0.9140101164568875,75.0,68.28571428571429,69.8,2.0,-0.029046369487128694,3.8918202981106265
2026-02-24,E008,4K Web Camera,Electronics,VisionStream,30.0,79.99,80.99,53,4292.47,2702.47,62.96,90.84,76,0,1,2,Valentines Day,0.0571,-2.0,72.61714285714287,1.0125015626953369,0.8915675913694406,49.0,64.42857142857143,68.75,1.0,0.01242406340016795,3.970291913552122
2026-02-25,E008,4K Web Camera,Electronics,VisionStream,30.0,79.99,84.05,38,3193.9,2053.9,64.31,75.11,133,0,2,2,Valentines Day,0.0429,-2.0,75.2,1.0507563445430679,1.1190254293702568,53.0,59.714285714285715,66.94117647058823,2.0,0.0495102329938941,3.6375861597263857
2026-02-26,E008,4K Web Camera,Electronics,VisionStream,30.0,79.99,83.95,44,3693.8,2373.8,64.26,80.32,112,0,3,2,Valentines Day,0.0286,-2.0,77.01714285714286,1.0495061882735344,1.04519422310757,38.0,57.57142857142857,65.66666666666667,2.0,0.048319756662819485,3.784189633918261
2026-02-27,E008,4K Web Camera,Electronics,VisionStream,30.0,79.99,88.5,38,3363.0,2223.0,66.1,87.85,132,0,4,2,Valentines Day,0.0143,-2.0,80.09857142857143,1.1063882985373172,1.0073989755264656,44.0,53.142857142857146,64.21052631578948,2.0,0.10110092515315339,3.6375861597263857
2026-02-28,E008,4K Web Camera,Electronics,VisionStream,30.0,79.99,88.14,50,4407.0,2907.0,65.96,90.09,108,1,5,2,Valentines Day,0.0,-2.0,82.42999999999999,1.1018877359669959,0.9783549783549783,38.0,49.57142857142857,63.5,2.0,0.09702483255311041,3.912023005428146
2026-03-01,E008,4K Web Camera,Electronics,VisionStream,30.0,79.99,91.98,41,3771.18,2541.18,67.38,74.57,130,1,6,3,Valentines Day,0.0,-2.0,85.04428571428572,1.1498937367170898,1.2334719055920613,50.0,44.714285714285715,62.42857142857143,2.0,0.13966953525104742,3.713572066704308
2026-03-02,E008,4K Web Camera,Electronics,VisionStream,30.0,79.99,90.06,33,2971.98,1981.98,66.69,76.05,153,0,0,3,Valentines Day,0.0,-2.0,86.80999999999999,1.125890736342043,1.1842209072978305,41.0,42.42857142857143,61.09090909090909,2.0,0.11857448801269525,3.4965075614664802
2026-03-03,E008,4K Web Camera,Electronics,VisionStream,30.0,79.99,92.98,36,3347.28,2267.28,67.73,85.44,130,0,1,3,Valentines Day,0.0,-2.0,88.52285714285713,1.1623952994124267,1.088249063670412,33.0,40.0,60.0,2.0,0.15048278940170828,3.58351893845611
2026-03-04,E008,4K Web Camera,Electronics,VisionStream,30.0,79.99,91.91,37,3400.67,2290.67,67.36,77.12,113,0,2,3,Valentines Day,0.0,-2.0,89.64571428571428,1.149018627328416,1.1917790456431534,36.0,39.857142857142854,59.041666666666664,2.0,0.13890821050928756,3.6109179126442243
2026-03-05,E008,4K Web Camera,Electronics,VisionStream,30.0,79.99,93.07,36,3350.52,2270.52,67.77,77.21,109,0,3,3,Valentines Day,0.0,-2.0,90.94857142857143,1.1635204400550068,1.2054138065017486,37.0,38.714285714285715,58.12,2.0,0.15145027133688851,3.58351893845611
2026-03-06,E008,4K Web Camera,Electronics,VisionStream,30.0,79.99,86.74,38,3296.12,2156.12,65.41,84.91,137,0,4,3,Valentines Day,0.0,-2.0,90.69714285714285,1.0843855481935243,1.0215522317748205,36.0,38.714285714285715,57.34615384615385,2.0,0.08101351154648975,3.6375861597263857
2026-03-07,E008,4K Web Camera,Electronics,VisionStream,30.0,79.99,90.11,42,3784.62,2524.62,66.71,69.23,116,1,5,3,Valentines Day,0.0,-2.0,90.97857142857143,1.1265158144768097,1.301603351148346,38.0,37.57142857142857,56.77777777777778,2.0,0.11912951938621555,3.7376696182833684
2026-03-08,E008,4K Web Camera,Electronics,VisionStream,30.0,79.99,88.72,44,3903.68,2583.68,66.19,72.29,124,1,6,3,Valentines Day,0.0,-2.0,90.51285714285713,1.1091386423302914,1.2272790150781574,42.0,38.0,56.32142857142857,2.0,0.10358371618138115,3.784189633918261
2026-03-09,E008,4K Web Camera,Electronics,VisionStream,30.0,79.99,79.7,50,3985.0,2485.0,62.36,71.15,115,0,0,3,Valentines Day,0.0,-2.0,89.03285714285714,0.9963745468183524,1.1201686577652845,44.0,40.42857142857143,56.10344827586207,2.0,-0.0036320410645610903,3.912023005428146
2026-03-10,E008,4K Web Camera,Electronics,VisionStream,30.0,79.99,81.34,41,3334.94,2104.94,63.12,74.95,133,0,1,3,Valentines Day,0.0,-2.0,87.37,1.016877109638705,1.085256837891928,50.0,41.142857142857146,55.6,2.0,0.01673627361834816,3.713572066704308
2026-03-11,E008,4K Web Camera,Electronics,VisionStream,30.0,79.99,82.53,45,3713.85,2363.85,63.65,74.0,115,0,2,3,Valentines Day,0.0,-2.0,86.03,1.031753969246156,1.1152702702702704,41.0,42.285714285714285,55.46666666666667,2.0,0.0312602367438625,3.8066624897703196
2026-03-12,E008,4K Web Camera,Electronics,VisionStream,30.0,79.99,80.4,46,3698.4,2318.4,62.69,89.73,88,0,3,3,Valentines Day,0.0,-2.0,84.22,1.0051256407050884,0.8960213975259111,45.0,43.714285714285715,54.96666666666667,2.0,0.005112549324190403,3.828641396489095
2026-03-13,E008,4K Web Camera,Electronics,VisionStream,30.0,79.99,74.22,54,4007.88,2387.88,59.58,81.16,84,0,4,3,Valentines Day,0.0,-2.0,82.43142857142857,0.927865983247906,0.9144898965007393,46.0,46.0,54.46666666666667,2.0,-0.07486797122827893,3.9889840465642745
2026-03-14,E008,4K Web Camera,Electronics,VisionStream,30.0,79.99,70.47,61,4298.67,2468.67,57.43,82.9,71,1,5,3,Valentines Day,0.0,-2.0,79.62571428571428,0.8809851231403926,0.8500603136308805,54.0,48.714285714285715,54.46666666666667,1.0,-0.12671453952179937,4.110873864173311
2026-03-15,E008,4K Web Camera,Electronics,VisionStream,30.0,79.99,69.56,79,5495.24,3125.24,56.87,69.63,53,1,6,3,Valentines Day,0.0,-2.0,76.88857142857144,0.869608701087636,0.9989946861984778,61.0,53.714285714285715,54.266666666666666,1.0,-0.13971193737464818,4.3694478524670215
2026-03-16,E008,4K Web Camera,Electronics,VisionStream,30.0,79.99,68.31,54,3688.74,2068.74,56.08,84.44,85,0,0,3,Valentines Day,0.0,-2.0,75.26142857142858,0.8539817477184649,0.8089767882520134,79.0,54.285714285714285,53.7,2.0,-0.15784545811697245,3.9889840465642745
2026-03-17,E008,4K Web Camera,Electronics,VisionStream,30.0,79.99,68.2,61,4160.2,2330.2,56.01,90.66,84,0,1,3,Easter,0.0,-2.0,73.38428571428571,0.8526065758219779,0.7522611956761527,54.0,57.142857142857146,52.36666666666667,2.0,-0.15945706201131396,4.110873864173311
2026-03-18,E008,4K Web Camera,Electronics,VisionStream,30.0,79.99,70.74,66,4668.84,2688.84,57.59,72.77,65,0,2,3,Easter,0.0,-2.0,71.7,0.8843605450681336,0.9721038889652329,61.0,60.142857142857146,52.166666666666664,1.0,-0.1228904430833959,4.189654742026425
2026-03-19,E008,4K Web Camera,Electronics,VisionStream,30.0,79.99,67.07,67,4493.69,2483.69,55.27,74.66,57,0,3,3,Easter,0.0,-2.0,69.7957142857143,0.838479809976247,0.8983391374229841,66.0,63.142857142857146,51.733333333333334,1.0,-0.17616477674908462,4.204692619390966
2026-03-20,E008,4K Web Camera,Electronics,VisionStream,30.0,79.99,69.4,61,4233.4,2403.4,56.77,69.61,79,0,4,3,Easter,0.0,-2.0,69.10714285714286,0.8676084510563822,0.996983192070105,67.0,64.14285714285714,51.4,1.0,-0.14201475934797153,4.110873864173311
2026-03-21,E008,4K Web Camera,Electronics,VisionStream,30.0,79.99,69.05,66,4557.3,2577.3,56.55,85.7,76,1,5,3,Easter,0.0,-2.0,68.9042857142857,0.8632329041130141,0.8057176196032672,61.0,64.85714285714286,51.63333333333333,1.0,-0.14707074700542938,4.189654742026425
2026-03-22,E008,4K Web Camera,Electronics,VisionStream,30.0,79.99,66.64,71,4731.44,2601.44,54.98,77.53,49,1,6,3,Easter,0.0,-2.0,68.48714285714286,0.8331041380172522,0.8595382432606733,66.0,63.714285714285715,51.7,1.0,-0.18259662900214316,4.2626798770413155
2026-03-23,E008,4K Web Camera,Electronics,VisionStream,30.0,79.99,72.74,49,3564.26,2094.26,58.76,74.44,93,0,0,3,Easter,0.0,-2.0,69.12,0.9093636704588074,0.9771628156904889,71.0,63.0,50.833333333333336,2.0,-0.09501018730188748,3.8918202981106265
2026-03-24,E008,4K Web Camera,Electronics,VisionStream,30.0,79.99,75.61,52,3931.72,2371.72,60.32,82.48,79,0,1,3,Easter,0.0,-2.0,70.17857142857143,0.9452431553944244,0.9167070805043647,49.0,61.714285714285715,50.06666666666667,1.0,-0.056313077290551905,3.9512437185814275
2026-03-25,E008,4K Web Camera,Electronics,VisionStream,30.0,79.99,76.18,50,3809.0,2309.0,60.62,82.37,105,0,2,3,Easter,0.0,-2.0,70.95571428571428,0.9523690461307665,0.9248512808061188,52.0,59.42857142857143,50.1,2.0,-0.048802665810272414,3.912023005428146
2026-03-26,E008,4K Web Camera,Electronics,VisionStream,30.0,79.99,76.87,53,4074.11,2484.11,60.97,68.35,113,0,3,3,Easter,0.0,-2.0,72.35571428571428,0.9609951243905489,1.1246525237746892,50.0,57.42857142857143,50.1,2.0,-0.0397859434996898,3.970291913552122
2026-03-27,E008,4K Web Camera,Electronics,VisionStream,30.0,79.99,84.43,37,3123.91,2013.91,64.47,84.95,130,0,4,3,Easter,0.0,-2.0,74.50285714285714,1.0555069383672961,0.9938787522071807,53.0,54.0,50.06666666666667,2.0,0.054021161820678266,3.6109179126442243
2026-03-28,E008,4K Web Camera,Electronics,VisionStream,30.0,79.99,82.18,46,3780.28,2400.28,63.49,82.33,123,1,5,3,Easter,0.0,-2.0,76.37857142857142,1.027378422302788,0.9981780638892264,37.0,51.142857142857146,50.13333333333333,2.0,0.027010336594533307,3.828641396489095
2026-03-29,E008,4K Web Camera,Electronics,VisionStream,30.0,79.99,88.37,45,3976.65,2626.65,66.05,72.85,114,1,6,3,Easter,0.0,-2.0,79.48285714285714,1.1047630953869234,1.2130404941660948,46.0,47.42857142857143,50.36666666666667,2.0,0.09963091866918258,3.8066624897703196
2026-03-30,E008,4K Web Camera,Electronics,VisionStream,30.0,79.99,91.42,39,3565.38,2395.38,67.18,77.79,103,0,0,3,Easter,0.0,-2.0,82.15142857142858,1.142892861607701,1.1752153233063376,45.0,46.0,50.0,2.0,0.13356264604286783,3.6635616461296463
2026-03-31,E008,4K Web Camera,Electronics,VisionStream,30.0,79.99,86.71,41,3555.11,2325.11,65.4,78.8,136,0,1,3,Easter,0.0,-2.0,83.73714285714286,1.084010501312664,1.1003807106598984,39.0,44.42857142857143,50.0,2.0,0.08066759052833847,3.713572066704308
2026-04-01,E008,4K Web Camera,Electronics,VisionStream,30.0,79.99,94.1,32,3011.2,2051.2,68.12,72.52,143,0,2,4,Easter,0.0,-2.0,86.29714285714286,1.176397049631204,1.297573083287369,41.0,41.857142857142854,49.96666666666667,2.0,0.16245641973060349,3.4657359027997265
2026-04-02,E008,4K Web Camera,Electronics,VisionStream,30.0,79.99,91.87,35,3215.45,2165.45,67.35,70.21,140,0,3,4,Easter,0.0071,-2.0,88.44000000000001,1.1485185648206027,1.308503062241846,32.0,39.285714285714285,49.93333333333333,2.0,0.13847290742264465,3.5553480614894135
2026-04-03,E008,4K Web Camera,Electronics,VisionStream,30.0,79.99,91.61,38,3481.18,2341.18,67.25,74.2,121,0,4,4,Easter,0.0143,-2.0,89.46571428571428,1.145268158519815,1.2346361185983827,35.0,39.42857142857143,49.96666666666667,2.0,0.1356388091663868,3.6375861597263857
2026-04-04,E008,4K Web Camera,Electronics,VisionStream,30.0,79.99,95.6,42,4015.2,2755.2,68.62,83.29,106,1,5,4,Easter,0.0214,-2.0,91.38285714285715,1.1951493936742092,1.1477968543642694,38.0,38.857142857142854,50.166666666666664,2.0,0.17827119319662507,3.7376696182833684
2026-04-05,E008,4K Web Camera,Electronics,VisionStream,30.0,79.99,89.17,45,4012.65,2662.65,66.36,72.77,125,1,6,4,Easter,0.0286,-2.0,91.49714285714286,1.114764345543193,1.2253675965370345,42.0,38.857142857142854,50.4,2.0,0.10864303328605769,3.8066624897703196
2026-04-06,E008,4K Web Camera,Electronics,VisionStream,30.0,79.99,87.03,38,3307.14,2167.14,65.53,74.49,114,0,0,4,Easter,0.0357,-2.0,90.86999999999999,1.088011001375172,1.1683447442609747,45.0,38.714285714285715,50.266666666666666,2.0,0.08435125994069197,3.6375861597263857
2026-04-07,E008,4K Web Camera,Electronics,VisionStream,30.0,79.99,86.88,38,3301.44,2161.44,65.47,85.57,128,0,1,4,Easter,0.0429,-2.0,90.89428571428572,1.0861357669708713,1.0153091036578241,38.0,38.285714285714285,50.06666666666667,2.0,0.08262622932489477,3.6375861597263857
2026-04-08,E008,4K Web Camera,Electronics,VisionStream,30.0,79.99,83.48,45,3756.6,2406.6,64.06,90.82,124,0,2,4,Easter,0.05,-2.0,89.37714285714286,1.043630453806726,0.9191807971812377,38.0,40.142857142857146,49.9,2.0,0.04270545534826967,3.8066624897703196
2026-04-09,E008,4K Web Camera,Electronics,VisionStream,30.0,79.99,83.68,46,3849.28,2469.28,64.15,90.37,110,0,3,4,Easter,0.0571,-2.0,88.20714285714287,1.0461307663457933,0.925971008077902,45.0,41.714285714285715,50.06666666666667,2.0,0.04509837345588231,3.828641396489095
2026-04-10,E008,4K Web Camera,Electronics,VisionStream,30.0,79.99,81.15,43,3489.45,2199.45,63.03,85.82,124,0,4,4,Easter,0.0643,-2.0,86.71285714285715,1.014501812726591,0.945583780004661,46.0,42.42857142857143,50.0,2.0,0.014397667099869896,3.7612001156935624
2026-04-11,E008,4K Web Camera,Electronics,VisionStream,30.0,79.99,75.66,64,4842.24,2922.24,60.35,76.9,89,1,5,4,Easter,0.0714,-2.0,83.86428571428573,0.9458682335291911,0.9838751625487645,43.0,45.57142857142857,50.6,2.0,-0.05565200765584733,4.1588830833596715
2026-04-12,E008,4K Web Camera,Electronics,VisionStream,30.0,79.99,77.68,73,5670.64,3480.64,61.38,74.44,49,1,6,4,Easter,0.1,-2.0,82.22285714285715,0.9711213901737719,1.0435249865663623,64.0,49.57142857142857,51.233333333333334,1.0,-0.029303802877660896,4.290459441148391
2026-04-13,E008,4K Web Camera,Electronics,VisionStream,30.0,79.99,73.67,63,4641.21,2751.21,59.28,86.89,72,0,0,4,Easter,0.1,-2.0,80.31428571428572,0.9209901237654707,0.8478536080101278,73.0,53.142857142857146,51.3,1.0,-0.08230596616600823,4.143134726391533
2026-04-14,E008,4K Web Camera,Electronics,VisionStream,30.0,79.99,67.86,74,5021.64,2801.64,55.79,84.92,49,0,1,4,Easter,0.1,-2.0,77.59714285714287,0.8483560445055632,0.7991050400376825,63.0,58.285714285714285,51.13333333333333,1.0,-0.16445486750464638,4.30406509320417
2026-04-15,E008,4K Web Camera,Electronics,VisionStream,30.0,79.99,74.38,55,4090.9,2440.9,59.67,90.46,73,0,2,4,Easter,0.1,-2.0,76.29714285714286,0.9298662332791598,0.8222418748618174,74.0,59.714285714285715,51.166666666666664,1.0,-0.07271453836380658,4.007333185232471
2026-04-16,E008,4K Web Camera,Electronics,VisionStream,30.0,79.99,67.26,76,5111.76,2831.76,55.4,78.64,29,0,3,4,Easter,0.1,-2.0,73.95142857142858,0.8408551068883612,0.8552899287894202,55.0,64.0,51.666666666666664,1.0,-0.1733359205486068,4.330733340286331
2026-04-17,E008,4K Web Camera,Electronics,VisionStream,30.0,79.99,68.12,59,4019.08,2249.08,55.96,69.34,82,0,4,4,Easter,0.1,-2.0,72.09,0.8516064508063509,0.9824055379290453,76.0,66.28571428571429,51.43333333333333,2.0,-0.16063077106624288,4.07753744390572
2026-04-18,E008,4K Web Camera,Electronics,VisionStream,30.0,79.99,66.87,93,6218.91,3428.91,55.14,83.71,5,1,5,4,Easter,0.1,-2.0,70.83428571428571,0.8359794974371798,0.7988292916019593,59.0,70.42857142857143,52.3,0.0,-0.17915119079484315,4.532599493153256
2026-04-19,E008,4K Web Camera,Electronics,VisionStream,30.0,79.99,67.91,77,5229.07,2919.07,55.82,69.68,33,1,6,4,Easter,0.0714,-2.0,69.43857142857144,0.8489811226403301,0.9745981630309987,93.0,71.0,52.833333333333336,1.0,-0.16371832773503042,4.343805421853684
2026-04-20,E008,4K Web Camera,Electronics,VisionStream,30.0,79.99,71.5,63,4504.5,2614.5,58.04,87.53,81,0,0,4,Easter,0.0643,-2.0,69.12857142857142,0.8938617327165896,0.8168627899006055,77.0,71.0,52.733333333333334,2.0,-0.11220417716076847,4.143134726391533
2026-04-21,E008,4K Web Camera,Electronics,VisionStream,30.0,79.99,70.28,60,4216.8,2416.8,57.31,75.43,70,0,1,4,Easter,0.0571,-2.0,69.47428571428571,0.8786098262282787,0.9317247779398117,63.0,69.0,52.36666666666667,1.0,-0.12941436354183392,4.0943445622221
2026-04-22,E008,4K Web Camera,Electronics,VisionStream,30.0,79.99,80.01,53,4240.53,2650.53,62.5,76.56,88,0,2,4,Easter,0.05,-2.0,70.27857142857142,1.0002500312539069,1.0450626959247649,60.0,68.71428571428571,52.5,2.0,0.0002500000013022244,3.970291913552122
2026-04-23,E008,4K Web Camera,Electronics,VisionStream,30.0,79.99,76.27,55,4194.85,2544.85,60.67,75.38,107,0,3,4,Easter,0.0429,-2.0,71.5657142857143,0.9534941867733466,1.0118068453170603,53.0,65.71428571428571,52.6,2.0,-0.04762195068458334,4.007333185232471
2026-04-24,E008,4K Web Camera,Electronics,VisionStream,30.0,79.99,77.19,53,4091.07,2501.07,61.13,76.5,94,0,4,4,Easter,0.0357,-2.0,72.86142857142856,0.9649956244530566,1.0090196078431373,55.0,64.85714285714286,52.7,2.0,-0.03563171189896801,3.970291913552122
2026-04-25,E008,4K Web Camera,Electronics,VisionStream,30.0,79.99,79.44,51,4051.44,2521.44,62.24,81.27,98,1,5,4,Easter,0.0286,-2.0,74.65714285714286,0.9931241405175647,0.9774824658545589,53.0,58.857142857142854,52.63333333333333,2.0,-0.0068996071238133505,3.9318256327243257
2026-04-26,E008,4K Web Camera,Electronics,VisionStream,30.0,79.99,83.37,48,4001.76,2561.76,64.02,84.24,118,1,6,4,Easter,0.0214,-2.0,76.86571428571429,1.0422552819102389,0.9896723646723647,51.0,54.714285714285715,53.0,2.0,0.04138690556179161,3.871201010907891
2026-04-27,E008,4K Web Camera,Electronics,VisionStream,30.0,79.99,85.88,42,3606.96,2346.96,65.07,78.53,120,0,0,4,Easter,0.0143,-2.0,78.92,1.0736342042755345,1.0935948045332993,48.0,51.714285714285715,52.86666666666667,2.0,0.07104934614984978,3.7376696182833684
2026-04-28,E008,4K Web Camera,Electronics,VisionStream,30.0,79.99,88.18,35,3086.3,2036.3,65.98,72.29,138,0,1,4,Easter,0.0071,-2.0,81.47714285714287,1.1023877984748096,1.2198091022271407,42.0,48.142857142857146,52.53333333333333,2.0,0.0974785530690613,3.5553480614894135
