backend/data/features.csv
date,product_id,product_name,category,brand,cost,base_price,price,demand,revenue,profit,margin,competitor_price,stock,is_weekend,day_of_week,month,holiday_name,holiday_boost,elasticity,price_lag_7d,price_to_base,price_to_competitor,demand_lag_1d,demand_lag_7d,demand_lag_30d,stock_level,log_price_ratio,log_demand
2026-04-29,E008,4K Web Camera,Electronics,VisionStream,30.0,79.99,87.91,38,3340.58,2200.58,65.87,71.96,104,0,2,4,Mothers Day,0.0129,-2.0,82.60571428571428,1.0990123765470685,1.221650917176209,35.0,46.0,52.5,2.0,0.09441193700235684,3.6375861597263857
2026-04-30,E008,4K Web Camera,Electronics,VisionStream,30.0,79.99,92.72,38,3523.36,2383.36,67.64,80.35,110,0,3,4,Mothers Day,0.0257,-2.0,84.9557142857143,1.159144893111639,1.1539514623522091,38.0,43.57142857142857,52.4,2.0,0.14768257217076583,3.6375861597263857
2026-05-01,E008,4K Web Camera,Electronics,VisionStream,30.0,79.99,89.7,34,3049.8,2029.8,66.56,70.52,121,0,4,5,Mothers Day,0.0386,-2.0,86.74285714285713,1.1213901737717216,1.271979580260919,38.0,40.857142857142854,52.46666666666667,2.0,0.11456914220402001,3.5263605246161616
2026-05-02,E008,4K Web Camera,Electronics,VisionStream,30.0,79.99,97.75,39,3812.25,2642.25,69.31,73.88,104,1,5,5,Mothers Day,0.0514,-2.0,89.35857142857142,1.2220277534691837,1.3230914997292909,34.0,39.142857142857146,52.6,2.0,0.20051157200474468,3.6635616461296463
2026-05-03,E008,4K Web Camera,Electronics,VisionStream,30.0,79.99,88.62,44,3899.28,2579.28,66.15,73.26,130,1,6,5,Mothers Day,0.0643,-2.0,90.10857142857142,1.1078884860607576,1.2096642096642096,39.0,38.57142857142857,52.8,2.0,0.10245593891061296,3.784189633918261
2026-05-04,E008,4K Web Camera,Electronics,VisionStream,30.0,79.99,93.85,42,3941.7,2681.7,68.03,77.97,113,0,0,5,Mothers Day,0.0771,-2.0,91.24714285714286,1.1732716589573697,1.2036680774656918,44.0,38.57142857142857,52.8,2.0,0.15979613617178737,3.7376696182833684
2026-05-05,E008,4K Web Camera,Electronics,VisionStream,30.0,79.99,94.87,37,3510.19,2400.19,68.38,84.84,113,0,1,5,Mothers Day,0.09,-2.0,92.20285714285714,1.1860232529066135,1.1182225365393683,42.0,38.857142857142854,52.53333333333333,2.0,0.17060590654405508,3.6109179126442243
2026-05-06,E008,4K Web Camera,Electronics,VisionStream,30.0,79.99,82.58,48,3963.84,2523.84,63.67,88.88,109,0,2,5,Mothers Day,0.1029,-2.0,91.44142857142857,1.0323790473809227,0.9291179117911792,37.0,40.285714285714285,52.86666666666667,2.0,0.03186589359721373,3.871201010907891
2026-05-07,E008,4K Web Camera,Electronics,VisionStream,30.0,79.99,84.61,46,3892.06,2512.06,64.54,82.52,93,0,3,5,Mothers Day,0.1157,-2.0,90.28285714285714,1.0577572196524567,1.0253271934076589,48.0,41.42857142857143,53.13333333333333,2.0,0.05615083607567917,3.828641396489095
2026-05-08,E008,4K Web Camera,Electronics,VisionStream,30.0,79.99,82.72,47,3887.84,2477.84,63.73,84.6,94,0,4,5,Mothers Day,0.1286,-2.0,89.28571428571429,1.03412926615827,0.9777777777777779,46.0,43.285714285714285,53.2,2.0,0.03355978389938864,3.8501476017100584
2026-05-09,E008,4K Web Camera,Electronics,VisionStream,30.0,79.99,84.54,55,4649.7,2999.7,64.51,72.89,90,1,5,5,Mothers Day,0.18,-2.0,87.39857142857144,1.056882110263783,1.1598298806420635,47.0,45.57142857142857,53.5,2.0,0.055323168277913455,4.007333185232471
2026-05-10,E008,4K Web Camera,Electronics,VisionStream,30.0,79.99,79.27,63,4994.01,3104.01,62.15,87.02,57,1,6,5,Mothers Day,0.18,-2.0,86.06285714285715,0.9909988748593574,0.9109400137899334,55.0,48.285714285714285,54.166666666666664,1.0,-0.009041880011665986,4.143134726391533
2026-02-09,F001,Premium Hoodie,Fashion,UrbanThread,14.0,54.99,59.31,42,2491.02,1903.02,76.4,57.11,124,0,0,2,Valentines Day,0.1286,-2.3,59.31,1.0785597381342062,1.038522150236386,42.0,42.0,42.0,2.0,0.07562657533091192,3.7376696182833684
2026-02-10,F001,Premium Hoodie,Fashion,UrbanThread,14.0,54.99,53.74,67,3600.58,2662.58,73.95,60.53,79,0,1,2,Valentines Day,0.1429,-2.3,56.525000000000006,0.9772685942898709,0.8878242193953412,42.0,54.5,54.5,1.0,-0.02299374733237816,4.204692619390966
2026-02-11,F001,Premium Hoodie,Fashion,UrbanThread,14.0,54.99,51.55,74,3814.7,2778.7,72.84,52.25,64,0,2,2,Valentines Day,0.2,-2.3,54.86666666666667,0.9374431714857246,0.986602870813397,67.0,61.0,61.0,1.0,-0.06459914005675443,4.30406509320417
2026-02-12,F001,Premium Hoodie,Fashion,UrbanThread,14.0,54.99,47.97,78,3741.66,2649.66,70.82,60.85,59,0,3,2,Valentines Day,0.2,-2.3,53.1425,0.8723404255319148,0.7883319638455217,74.0,65.25,65.25,1.0,-0.13657553500575087,4.356708826689592
2026-02-13,F001,Premium Hoodie,Fashion,UrbanThread,14.0,54.99,47.54,81,3850.74,2716.74,70.55,53.14,50,0,4,2,Valentines Day,0.2,-2.3,52.022000000000006,0.8645208219676305,0.8946179902145276,78.0,68.4,68.4,1.0,-0.14557988858767548,4.394449154672439
2026-02-14,F001,Premium Hoodie,Fashion,UrbanThread,14.0,54.99,47.78,93,4443.54,3141.54,70.7,47.85,29,1,5,2,Valentines Day,0.2,-2.3,51.315,0.8688852518639752,0.9985370950888193,81.0,72.5,72.5,1.0,-0.14054420862205988,4.532599493153256
2026-02-15,F001,Premium Hoodie,Fashion,UrbanThread,14.0,54.99,48.54,73,3543.42,2521.42,71.16,62.71,37,1,6,2,Valentines Day,0.2,-2.3,50.91857142857143,0.8827059465357338,0.7740392281932705,93.0,72.57142857142857,72.57142857142857,1.0,-0.12476315022126803,4.290459441148391
2026-02-16,F001,Premium Hoodie,Fashion,UrbanThread,14.0,54.99,45.79,90,4121.1,2861.1,69.43,52.94,32,0,0,2,Valentines Day,0.2,-2.3,48.98714285714285,0.8326968539734497,0.864941443143181,73.0,79.42857142857143,74.75,1.0,-0.18308562385071925,4.499809670330265
2026-02-17,F001,Premium Hoodie,Fashion,UrbanThread,14.0,54.99,43.69,103,4500.07,3058.07,67.96,50.37,5,0,1,2,Valentines Day,0.2,-2.3,47.55142857142857,0.7945080923804327,0.8673813778042485,90.0,84.57142857142857,77.88888888888889,0.0,-0.2300321075563789,4.634728988229636
2026-02-18,F001,Premium Hoodie,Fashion,UrbanThread,14.0,54.99,46.12,82,3781.84,2633.84,69.64,52.84,35,0,2,2,Valentines Day,0.1429,-2.3,46.77571428571428,0.8386979450809238,0.8728236184708553,103.0,85.71428571428571,78.3,1.0,-0.1759046551188651,4.406719247264253
2026-02-19,F001,Premium Hoodie,Fashion,UrbanThread,14.0,54.99,49.33,77,3798.41,2720.41,71.62,58.43,26,0,3,2,Valentines Day,0.1286,-2.3,46.970000000000006,0.8970721949445353,0.8442580865993496,82.0,85.57142857142857,78.18181818181819,1.0,-0.10861893527407657,4.343805421853684
2026-02-20,F001,Premium Hoodie,Fashion,UrbanThread,14.0,54.99,49.93,61,3045.73,2191.73,71.96,54.73,58,0,4,2,Valentines Day,0.1143,-2.3,47.311428571428564,0.9079832696853973,0.9122967293988672,77.0,82.71428571428571,76.75,1.0,-0.09652932600720544,4.110873864173311
2026-02-21,F001,Premium Hoodie,Fashion,UrbanThread,14.0,54.99,51.13,76,3885.88,2821.88,72.62,55.79,31,1,5,2,Valentines Day,0.1,-2.3,47.790000000000006,0.9298054191671213,0.9164724861086216,61.0,80.28571428571429,76.6923076923077,1.0,-0.07277994142781542,4.330733340286331
2026-02-22,F001,Premium Hoodie,Fashion,UrbanThread,14.0,54.99,52.39,75,3929.25,2879.25,73.28,59.64,60,1,6,2,Valentines Day,0.0857,-2.3,48.339999999999996,0.9527186761229314,0.8784372904091214,76.0,80.57142857142857,76.57142857142857,1.0,-0.04843561709959506,4.31748811353631
2026-02-23,F001,Premium Hoodie,Fashion,UrbanThread,14.0,54.99,53.41,62,3311.42,2443.42,73.79,49.06,83,0,0,2,Valentines Day,0.0714,-2.3,49.42857142857143,0.9712675031823967,1.088666938442723,75.0,76.57142857142857,75.6,2.0,-0.029153356168044455,4.127134385045092
2026-02-24,F001,Premium Hoodie,Fashion,UrbanThread,14.0,54.99,57.31,49,2808.19,2122.19,75.57,49.54,90,0,1,2,Valentines Day,0.0571,-2.3,51.374285714285705,1.0421894889979997,1.156842955187727,62.0,68.85714285714286,73.9375,2.0,0.0413237780439228,3.8918202981106265
2026-02-25,F001,Premium Hoodie,Fashion,UrbanThread,14.0,54.99,57.19,48,2745.12,2073.12,75.52,61.72,114,0,2,2,Valentines Day,0.0429,-2.3,52.955714285714286,1.0400072740498272,0.9266040181464679,49.0,64.0,72.41176470588235,2.0,0.03922770740750142,3.871201010907891
2026-02-26,F001,Premium Hoodie,Fashion,UrbanThread,14.0,54.99,61.15,42,2568.3,1980.3,77.11,61.41,119,0,3,2,Valentines Day,0.0286,-2.3,54.644285714285715,1.1120203673395161,0.9957661618628888,48.0,59.0,70.72222222222223,2.0,0.10617851161345791,3.7376696182833684
2026-02-27,F001,Premium Hoodie,Fashion,UrbanThread,14.0,54.99,58.13,45,2615.85,1985.85,75.92,54.56,119,0,4,2,Valentines Day,0.0143,-2.3,55.81571428571429,1.0571012911438444,1.065432551319648,42.0,56.714285714285715,69.36842105263158,2.0,0.05553053119353595,3.8066624897703196
2026-02-28,F001,Premium Hoodie,Fashion,UrbanThread,14.0,54.99,59.72,44,2627.68,2011.68,76.56,51.92,102,1,5,2,Valentines Day,0.0,-2.3,57.04285714285714,1.0860156392071285,1.150231124807396,45.0,52.142857142857146,68.1,2.0,0.08251562215126625,3.784189633918261
2026-03-01,F001,Premium Hoodie,Fashion,UrbanThread,14.0,54.99,61.52,38,2337.76,1805.76,77.24,61.72,124,1,6,3,Valentines Day,0.0,-2.3,58.347142857142856,1.1187488634297145,0.9967595593000649,44.0,46.857142857142854,66.66666666666667,2.0,0.11221097467766518,3.6375861597263857
2026-03-02,F001,Premium Hoodie,Fashion,UrbanThread,14.0,54.99,61.34,42,2576.28,1988.28,77.18,60.3,122,0,0,3,Valentines Day,0.0,-2.3,59.480000000000004,1.115475541007456,1.0172470978441128,38.0,44.0,65.54545454545455,2.0,0.10928080816638218,3.7376696182833684
2026-03-03,F001,Premium Hoodie,Fashion,UrbanThread,14.0,54.99,62.11,39,2422.29,1876.29,77.46,58.16,113,0,1,3,Valentines Day,0.0,-2.3,60.16571428571429,1.1294780869248955,1.0679160935350758,42.0,42.57142857142857,64.3913043478261,2.0,0.12175565605148832,3.6635616461296463
2026-03-04,F001,Premium Hoodie,Fashion,UrbanThread,14.0,54.99,63.48,36,2285.28,1781.28,77.95,52.09,119,0,2,3,Valentines Day,0.0,-2.3,61.064285714285724,1.1543917075831969,1.2186600115185255,39.0,40.857142857142854,63.208333333333336,2.0,0.14357354513848491,3.58351893845611
2026-03-05,F001,Premium Hoodie,Fashion,UrbanThread,14.0,54.99,63.82,32,2042.24,1594.24,78.06,50.35,140,0,3,3,Valentines Day,0.0,-2.3,61.44571428571429,1.160574649936352,1.2675273088381331,36.0,39.42857142857143,61.96,2.0,0.1489152703303741,3.4657359027997265
2026-03-06,F001,Premium Hoodie,Fashion,UrbanThread,14.0,54.99,63.53,31,1969.43,1535.43,77.96,60.19,149,0,4,3,Valentines Day,0.0,-2.3,62.21714285714285,1.155300963811602,1.0554909453397574,32.0,37.42857142857143,60.76923076923077,2.0,0.14436088475871853,3.4339872044851463
2026-03-07,F001,Premium Hoodie,Fashion,UrbanThread,14.0,54.99,59.97,48,2878.56,2206.56,76.65,48.2,112,1,5,3,Valentines Day,0.0,-2.3,62.252857142857145,1.0905619203491543,1.2441908713692944,31.0,38.0,60.2962962962963,2.0,0.086693086660695,3.871201010907891
2026-03-08,F001,Premium Hoodie,Fashion,UrbanThread,14.0,54.99,58.17,41,2384.97,1810.97,75.93,47.26,108,1,6,3,Valentines Day,0.0,-2.3,61.77428571428571,1.0578286961265684,1.2308506136267459,48.0,38.42857142857143,59.607142857142854,2.0,0.05621840740294671,3.713572066704308
2026-03-09,F001,Premium Hoodie,Fashion,UrbanThread,14.0,54.99,58.92,36,2121.12,1617.12,76.24,47.38,135,0,0,3,Valentines Day,0.0,-2.3,61.42857142857143,1.0714675395526458,1.2435626846770789,41.0,37.57142857142857,58.793103448275865,2.0,0.0690292410747061,3.58351893845611
2026-03-10,F001,Premium Hoodie,Fashion,UrbanThread,14.0,54.99,57.83,42,2428.86,1840.86,75.79,61.39,109,0,1,3,Valentines Day,0.0,-2.3,60.81714285714286,1.0516457537734132,0.9420100993647174,36.0,38.0,58.233333333333334,2.0,0.05035632165040339,3.7376696182833684
2026-03-11,F001,Premium Hoodie,Fashion,UrbanThread,14.0,54.99,55.54,49,2721.46,2035.46,74.79,50.85,105,0,2,3,Valentines Day,0.0,-2.3,59.68285714285714,1.0100018185124569,1.0922320550639135,42.0,39.857142857142854,58.46666666666667,2.0,0.009952131358930192,3.8918202981106265
2026-03-12,F001,Premium Hoodie,Fashion,UrbanThread,14.0,54.99,54.52,52,2835.04,2107.04,74.32,60.9,116,0,3,3,Valentines Day,0.0,-2.3,58.354285714285716,0.9914529914529915,0.8952380952380953,49.0,42.714285714285715,57.96666666666667,2.0,-0.008583743691391442,3.9512437185814275
2026-03-13,F001,Premium Hoodie,Fashion,UrbanThread,14.0,54.99,49.96,59,2947.64,2121.64,71.98,47.11,76,0,4,3,Valentines Day,0.0,-2.3,56.41571428571429,0.9085288234224405,1.060496709828062,52.0,46.714285714285715,57.46666666666667,1.0,-0.09592866526234639,4.07753744390572
2026-03-14,F001,Premium Hoodie,Fashion,UrbanThread,14.0,54.99,50.69,75,3801.75,2751.75,72.38,51.9,56,1,5,3,Valentines Day,0.0,-2.3,55.089999999999996,0.9218039643571557,0.9766859344894027,59.0,50.57142857142857,57.36666666666667,1.0,-0.08142269803546548,4.31748811353631
2026-03-15,F001,Premium Hoodie,Fashion,UrbanThread,14.0,54.99,49.89,77,3841.53,2763.53,71.94,59.32,28,1,6,3,Valentines Day,0.0,-2.3,53.90714285714286,0.9072558647026732,0.841031692515172,75.0,55.714285714285715,57.233333333333334,1.0,-0.0973307686467774,4.343805421853684
2026-03-16,F001,Premium Hoodie,Fashion,UrbanThread,14.0,54.99,48.48,70,3393.6,2413.6,71.12,56.04,65,0,0,3,Valentines Day,0.0,-2.3,52.41571428571429,0.8816148390616475,0.8650963597430407,77.0,60.57142857142857,56.46666666666667,1.0,-0.1260000087586644,4.248495242049359
2026-03-17,F001,Premium Hoodie,Fashion,UrbanThread,14.0,54.99,47.56,73,3471.88,2449.88,70.56,56.33,74,0,1,3,Easter,0.0,-2.3,50.948571428571434,0.8648845244589926,0.8443103142197764,70.0,65.0,56.46666666666667,1.0,-0.14515927869714224,4.290459441148391
2026-03-18,F001,Premium Hoodie,Fashion,UrbanThread,14.0,54.99,46.21,81,3743.01,2609.01,69.7,58.41,34,0,2,3,Easter,0.0,-2.3,49.61571428571428,0.840334606292053,0.7911316555384352,73.0,69.57142857142857,56.166666666666664,1.0,-0.1739551256375484,4.394449154672439
2026-03-19,F001,Premium Hoodie,Fashion,UrbanThread,14.0,54.99,47.61,60,2856.6,2016.6,70.59,62.05,97,0,3,3,Easter,0.0,-2.3,48.628571428571426,0.8657937806873977,0.7672844480257857,81.0,70.71428571428571,54.733333333333334,2.0,-0.14410852731329601,4.0943445622221
2026-03-20,F001,Premium Hoodie,Fashion,UrbanThread,14.0,54.99,47.75,56,2674.0,1890.0,70.68,50.23,108,0,4,3,Easter,0.0,-2.3,48.31285714285714,0.8683396981269321,0.9506271152697592,60.0,70.28571428571429,53.86666666666667,2.0,-0.14117228359298414,4.02535169073515
2026-03-21,F001,Premium Hoodie,Fashion,UrbanThread,14.0,54.99,48.88,78,3812.64,2720.64,71.36,56.53,26,1,5,3,Easter,0.0,-2.3,48.05428571428571,0.888888888888889,0.8646736246240935,56.0,70.71428571428571,53.9,1.0,-0.11778303565638339,4.356708826689592
2026-03-22,F001,Premium Hoodie,Fashion,UrbanThread,14.0,54.99,52.08,61,3176.88,2322.88,73.12,57.92,73,1,6,3,Easter,0.0,-2.3,48.36714285714286,0.9470812875068193,0.899171270718232,78.0,68.42857142857143,53.9,1.0,-0.05437035261940966,4.110873864173311
2026-03-23,F001,Premium Hoodie,Fashion,UrbanThread,14.0,54.99,53.38,52,2775.76,2047.76,73.77,58.24,102,0,0,3,Easter,0.0,-2.3,49.067142857142855,0.9707219494453537,0.9165521978021978,61.0,65.85714285714286,53.1,2.0,-0.02971520654334523,3.9512437185814275
2026-03-24,F001,Premium Hoodie,Fashion,UrbanThread,14.0,54.99,50.41,57,2873.37,2075.37,72.23,57.23,90,0,1,3,Easter,0.0,-2.3,49.47428571428571,0.9167121294780868,0.8808317316092958,52.0,63.57142857142857,52.5,2.0,-0.08696178242518403,4.04305126783455
2026-03-25,F001,Premium Hoodie,Fashion,UrbanThread,14.0,54.99,54.2,47,2547.4,1889.4,74.17,54.25,113,0,2,3,Easter,0.0,-2.3,50.61571428571428,0.9856337515911984,0.999078341013825,57.0,58.714285714285715,52.0,2.0,-0.014470442074122842,3.8501476017100584
2026-03-26,F001,Premium Hoodie,Fashion,UrbanThread,14.0,54.99,54.44,51,2776.44,2062.44,74.28,47.06,109,0,3,3,Easter,0.0,-2.3,51.59142857142857,0.9899981814875431,1.1568210794730132,47.0,57.42857142857143,52.06666666666667,2.0,-0.010052172736458056,3.9318256327243257
2026-03-27,F001,Premium Hoodie,Fashion,UrbanThread,14.0,54.99,59.27,44,2607.88,1991.88,76.38,60.57,124,0,4,3,Easter,0.0,-2.3,53.23714285714285,1.077832333151482,0.9785372296516428,51.0,55.714285714285715,51.93333333333333,2.0,0.07495192528002345,3.784189633918261
2026-03-28,F001,Premium Hoodie,Fashion,UrbanThread,14.0,54.99,58.42,51,2979.42,2265.42,76.04,54.8,94,1,5,3,Easter,0.0,-2.3,54.6,1.0623749772685942,1.0660583941605841,44.0,51.857142857142854,52.233333333333334,2.0,0.060506946439871485,3.9318256327243257
2026-03-29,F001,Premium Hoodie,Fashion,UrbanThread,14.0,54.99,60.24,41,2469.84,1895.84,76.76,51.31,135,1,6,3,Easter,0.0,-2.3,55.76571428571429,1.0954719039825422,1.174040148119275,51.0,49.0,52.1,2.0,0.09118523297191476,3.713572066704308
2026-03-30,F001,Premium Hoodie,Fashion,UrbanThread,14.0,54.99,64.02,38,2432.76,1900.76,78.13,52.6,106,0,0,3,Easter,0.0,-2.3,57.285714285714285,1.1642116748499727,1.2171102661596958,41.0,47.0,51.9,2.0,0.15204418402199363,3.6375861597263857
2026-03-31,F001,Premium Hoodie,Fashion,UrbanThread,14.0,54.99,62.01,35,2170.35,1680.35,77.42,48.14,134,0,1,3,Easter,0.0,-2.3,58.94285714285714,1.127659574468085,1.288117989198172,38.0,43.857142857142854,51.8,2.0,0.12014431184206321,3.5553480614894135
2026-04-01,F001,Premium Hoodie,Fashion,UrbanThread,14.0,54.99,60.97,40,2438.8,1878.8,77.04,60.98,135,0,2,4,Easter,0.0,-2.3,59.910000000000004,1.1087470449172576,0.9998360118071499,35.0,42.857142857142854,51.733333333333334,2.0,0.10323058940000134,3.6888794541139363
2026-04-02,F001,Premium Hoodie,Fashion,UrbanThread,14.0,54.99,64.23,32,2055.36,1607.36,78.2,51.47,148,0,3,4,Easter,0.0071,-2.3,61.30857142857143,1.1680305510092746,1.247911404701768,40.0,40.142857142857146,51.5,2.0,0.1553190407499779,3.4657359027997265
2026-04-03,F001,Premium Hoodie,Fashion,UrbanThread,14.0,54.99,63.61,37,2353.57,1835.57,77.99,62.8,125,0,4,4,Easter,0.0143,-2.3,61.92857142857143,1.1567557737770504,1.0128980891719745,32.0,39.142857142857146,51.53333333333333,2.0,0.14561934017098957,3.6109179126442243
2026-04-04,F001,Premium Hoodie,Fashion,UrbanThread,14.0,54.99,61.98,42,2603.16,2015.16,77.41,62.83,129,1,5,4,Easter,0.0214,-2.3,62.43714285714286,1.127114020731042,0.9864714308451377,37.0,37.857142857142854,51.86666666666667,2.0,0.11966040183987879,3.7376696182833684
