backend/data/features.csv
date,product_id,product_name,category,brand,cost,base_price,price,demand,revenue,profit,margin,competitor_price,stock,is_weekend,day_of_week,month,holiday_name,holiday_boost,elasticity,price_lag_7d,price_to_base,price_to_competitor,demand_lag_1d,demand_lag_7d,demand_lag_30d,stock_level,log_price_ratio,log_demand
2026-04-05,F001,Premium Hoodie,Fashion,UrbanThread,14.0,54.99,61.79,41,2533.39,1959.39,77.34,47.91,106,1,6,4,Easter,0.0286,-2.3,62.65857142857143,1.1236588470631024,1.289709872677938,42.0,37.857142857142854,52.2,2.0,0.11659018855316483,3.713572066704308
2026-04-06,F001,Premium Hoodie,Fashion,UrbanThread,14.0,54.99,60.83,35,2129.05,1639.05,76.99,51.17,114,0,0,4,Easter,0.0357,-2.3,62.20285714285715,1.1062011274777233,1.188782489740082,41.0,37.42857142857143,51.766666666666666,2.0,0.10093173781289067,3.5553480614894135
2026-04-07,F001,Premium Hoodie,Fashion,UrbanThread,14.0,54.99,59.42,41,2436.22,1862.22,76.44,62.79,128,0,1,4,Easter,0.0429,-2.3,61.832857142857144,1.0805601018366975,0.9463290332855551,35.0,38.285714285714285,51.766666666666666,2.0,0.07747951951473815,3.713572066704308
2026-04-08,F001,Premium Hoodie,Fashion,UrbanThread,14.0,54.99,58.24,46,2679.04,2035.04,75.96,51.33,120,0,2,4,Easter,0.05,-2.3,61.44285714285714,1.0591016548463357,1.1346191311124099,41.0,39.142857142857146,52.1,2.0,0.05742105336870717,3.828641396489095
2026-04-09,F001,Premium Hoodie,Fashion,UrbanThread,14.0,54.99,54.72,47,2571.84,1913.84,74.42,50.58,91,0,3,4,Easter,0.0571,-2.3,60.08428571428571,0.9950900163666121,1.0818505338078293,46.0,41.285714285714285,52.266666666666666,2.0,-0.004922077205428332,3.8501476017100584
2026-04-10,F001,Premium Hoodie,Fashion,UrbanThread,14.0,54.99,53.72,49,2632.28,1946.28,73.94,57.86,85,0,4,4,Easter,0.0643,-2.3,58.67142857142857,0.9769048917985088,0.9284479778776357,47.0,43.0,52.266666666666666,2.0,-0.02336597886468652,3.8918202981106265
2026-04-11,F001,Premium Hoodie,Fashion,UrbanThread,14.0,54.99,54.26,59,3201.34,2375.34,74.2,49.17,76,1,5,4,Easter,0.0714,-2.3,57.56857142857143,0.9867248590652845,1.1035184055318283,49.0,45.42857142857143,52.5,1.0,-0.01336404328893774,4.07753744390572
2026-04-12,F001,Premium Hoodie,Fashion,UrbanThread,14.0,54.99,51.58,66,3404.28,2480.28,72.86,51.73,71,1,6,4,Easter,0.1,-2.3,56.11,0.9379887252227677,0.997100328629422,59.0,49.0,52.733333333333334,1.0,-0.06401735006652474,4.189654742026425
2026-04-13,F001,Premium Hoodie,Fashion,UrbanThread,14.0,54.99,49.55,69,3418.95,2452.95,71.75,56.32,62,0,0,4,Easter,0.1,-2.3,54.49857142857143,0.901072922349518,0.8797940340909091,66.0,53.857142857142854,52.53333333333333,1.0,-0.10416908974372648,4.23410650459726
2026-04-14,F001,Premium Hoodie,Fashion,UrbanThread,14.0,54.99,49.44,63,3114.72,2232.72,71.68,51.26,74,0,1,4,Easter,0.1,-2.3,53.07285714285714,0.8990725586470266,0.964494732735076,69.0,57.0,52.06666666666667,1.0,-0.10639153737028813,4.143134726391533
2026-04-15,F001,Premium Hoodie,Fashion,UrbanThread,14.0,54.99,47.71,69,3291.99,2325.99,70.66,51.8,75,0,2,4,Easter,0.1,-2.3,51.568571428571424,0.8676122931442081,0.9210424710424711,63.0,60.285714285714285,52.03333333333333,1.0,-0.14201033099170765,4.23410650459726
2026-04-16,F001,Premium Hoodie,Fashion,UrbanThread,14.0,54.99,46.95,73,3427.35,2405.35,70.18,54.3,63,0,3,4,Easter,0.1,-2.3,50.45857142857143,0.8537915984724496,0.8646408839779006,69.0,64.0,52.03333333333333,1.0,-0.1580681448654514,4.290459441148391
2026-04-17,F001,Premium Hoodie,Fashion,UrbanThread,14.0,54.99,49.81,71,3536.51,2542.51,71.89,59.56,72,0,4,4,Easter,0.1,-2.3,49.9,0.9058010547372249,0.8362995298858295,73.0,67.14285714285714,51.7,1.0,-0.09893558343453132,4.2626798770413155
2026-04-18,F001,Premium Hoodie,Fashion,UrbanThread,14.0,54.99,47.44,73,3463.12,2441.12,70.49,60.6,74,1,5,4,Easter,0.1,-2.3,48.925714285714285,0.86270230951082,0.7828382838283828,71.0,69.14285714285714,52.13333333333333,1.0,-0.14768559583025342,4.290459441148391
2026-04-19,F001,Premium Hoodie,Fashion,UrbanThread,14.0,54.99,46.69,93,4342.17,3040.17,70.01,49.96,14,1,6,4,Easter,0.0714,-2.3,48.22714285714286,0.8490634660847426,0.9345476381104884,73.0,73.0,53.36666666666667,0.0,-0.1636213415368778,4.532599493153256
2026-04-20,F001,Premium Hoodie,Fashion,UrbanThread,14.0,54.99,47.76,81,3868.56,2734.56,70.69,54.71,52,0,0,4,Easter,0.0643,-2.3,47.971428571428575,0.8685215493726132,0.8729665509047706,93.0,74.71428571428571,53.46666666666667,1.0,-0.14096288143537672,4.394449154672439
2026-04-21,F001,Premium Hoodie,Fashion,UrbanThread,14.0,54.99,50.43,61,3076.23,2222.23,72.24,53.45,71,0,1,4,Easter,0.0571,-2.3,48.112857142857145,0.917075831969449,0.9434985968194574,81.0,74.42857142857143,53.46666666666667,1.0,-0.08656511443108943,4.110873864173311
2026-04-22,F001,Premium Hoodie,Fashion,UrbanThread,14.0,54.99,52.72,55,2899.6,2129.6,73.44,48.82,78,0,2,4,Easter,0.05,-2.3,48.82857142857143,0.9587197672304054,1.0798852929127407,61.0,72.42857142857143,53.56666666666667,1.0,-0.04215646032547168,4.007333185232471
2026-04-23,F001,Premium Hoodie,Fashion,UrbanThread,14.0,54.99,54.78,58,3177.24,2365.24,74.44,54.82,90,0,3,4,Easter,0.0429,-2.3,49.94714285714286,0.9961811238406983,0.9992703392922291,55.0,70.28571428571429,53.6,2.0,-0.0038261866847912,4.060443010546419
2026-04-24,F001,Premium Hoodie,Fashion,UrbanThread,14.0,54.99,53.76,46,2472.96,1828.96,73.96,52.88,114,0,4,4,Easter,0.0357,-2.3,50.51142857142857,0.9776322967812329,1.0166414523449319,58.0,66.71428571428571,53.56666666666667,2.0,-0.02262165430482932,3.828641396489095
2026-04-25,F001,Premium Hoodie,Fashion,UrbanThread,14.0,54.99,55.35,51,2822.85,2108.85,74.71,49.8,89,1,5,4,Easter,0.0286,-2.3,51.64142857142856,1.0065466448445173,1.1114457831325302,46.0,63.57142857142857,53.56666666666667,2.0,0.006525308634922641,3.9318256327243257
2026-04-26,F001,Premium Hoodie,Fashion,UrbanThread,14.0,54.99,55.7,53,2952.1,2210.1,74.87,60.36,85,1,6,4,Easter,0.0214,-2.3,52.92857142857143,1.0129114384433533,0.9227965540092777,51.0,57.857142857142854,53.86666666666667,2.0,0.01282879641351496,3.970291913552122
2026-04-27,F001,Premium Hoodie,Fashion,UrbanThread,14.0,54.99,56.52,47,2656.44,1998.44,75.23,52.92,118,0,0,4,Easter,0.0143,-2.3,54.18,1.027823240589198,1.0680272108843538,53.0,53.0,53.733333333333334,2.0,0.027443207296603368,3.8501476017100584
2026-04-28,F001,Premium Hoodie,Fashion,UrbanThread,14.0,54.99,58.65,41,2404.65,1830.65,76.13,55.93,132,0,1,4,Easter,0.0071,-2.3,55.35428571428571,1.066557555919258,1.0486322188449848,47.0,50.142857142857146,53.733333333333334,2.0,0.06443622457976103,3.713572066704308
2026-04-29,F001,Premium Hoodie,Fashion,UrbanThread,14.0,54.99,60.24,41,2469.84,1895.84,76.76,57.84,107,0,2,4,Mothers Day,0.0129,-2.3,56.42857142857143,1.0954719039825422,1.04149377593361,41.0,48.142857142857146,53.833333333333336,2.0,0.09118523297191476,3.713572066704308
2026-04-30,F001,Premium Hoodie,Fashion,UrbanThread,14.0,54.99,62.81,36,2261.16,1757.16,77.71,50.86,119,0,3,4,Mothers Day,0.0257,-2.3,57.575714285714284,1.1422076741225677,1.2349587101848212,41.0,45.0,53.86666666666667,2.0,0.13296294594656605,3.58351893845611
2026-05-01,F001,Premium Hoodie,Fashion,UrbanThread,14.0,54.99,63.72,44,2803.68,2187.68,78.03,59.12,98,0,4,5,Mothers Day,0.0386,-2.3,58.99857142857143,1.1587561374795416,1.0778078484438431,36.0,44.714285714285715,54.0,2.0,0.14734713452212436,3.784189633918261
2026-05-02,F001,Premium Hoodie,Fashion,UrbanThread,14.0,54.99,59.75,52,3107.0,2379.0,76.57,48.29,95,1,5,5,Mothers Day,0.0514,-2.3,59.627142857142864,1.0865611929441716,1.2373162145371712,44.0,44.857142857142854,54.666666666666664,2.0,0.08301784029189668,3.9512437185814275
2026-05-03,F001,Premium Hoodie,Fashion,UrbanThread,14.0,54.99,61.65,48,2959.2,2287.2,77.29,50.67,120,1,6,5,Mothers Day,0.0643,-2.3,60.47714285714285,1.1211129296235678,1.216696269982238,52.0,44.142857142857146,55.03333333333333,2.0,0.11432187909062985,3.871201010907891
2026-05-04,F001,Premium Hoodie,Fashion,UrbanThread,14.0,54.99,59.14,41,2424.74,1850.74,76.33,59.29,104,0,0,5,Mothers Day,0.0771,-2.3,60.85142857142857,1.0754682669576285,0.9974700624051274,48.0,43.285714285714285,55.0,2.0,0.0727561639046077,3.713572066704308
2026-05-05,F001,Premium Hoodie,Fashion,UrbanThread,14.0,54.99,57.6,51,2937.6,2223.6,75.69,56.59,118,0,1,5,Mothers Day,0.09,-2.3,60.70142857142857,1.0474631751227497,1.0178476762678919,41.0,44.714285714285715,55.333333333333336,2.0,0.04637121718212229,3.9318256327243257
2026-05-06,F001,Premium Hoodie,Fashion,UrbanThread,14.0,54.99,60.25,54,3253.5,2497.5,76.76,60.39,79,0,2,5,Mothers Day,0.1029,-2.3,60.70285714285715,1.0956537552282233,0.9976817353866534,51.0,46.57142857142857,55.96666666666667,1.0,0.09135122185104101,3.9889840465642745
2026-05-07,F001,Premium Hoodie,Fashion,UrbanThread,14.0,54.99,60.07,41,2462.87,1888.87,76.69,56.89,134,0,3,5,Mothers Day,0.1157,-2.3,60.31142857142857,1.0923804328059648,1.0558973457549656,54.0,47.285714285714285,55.96666666666667,2.0,0.08835919834234675,3.713572066704308
2026-05-08,F001,Premium Hoodie,Fashion,UrbanThread,14.0,54.99,59.18,68,4024.24,3072.24,76.34,47.57,45,0,4,5,Mothers Day,0.1286,-2.3,59.66285714285714,1.0761956719403527,1.2440613832247214,41.0,50.714285714285715,56.7,1.0,0.07343229645234017,4.219507705176107
2026-05-09,F001,Premium Hoodie,Fashion,UrbanThread,14.0,54.99,53.27,90,4794.3,3534.3,73.72,60.59,6,1,5,5,Mothers Day,0.18,-2.3,58.73714285714285,0.9687215857428624,0.8791879848159763,68.0,56.142857142857146,58.13333333333333,0.0,-0.03177802959081552,4.499809670330265
2026-05-10,F001,Premium Hoodie,Fashion,UrbanThread,14.0,54.99,54.91,71,3898.61,2904.61,74.5,50.66,40,1,6,5,Mothers Day,0.18,-2.3,57.77428571428572,0.9985451900345517,1.0838926174496644,90.0,59.42857142857143,58.86666666666667,1.0,-0.0014558692289421556,4.2626798770413155
2026-02-09,F002,Running Sneakers V2,Fashion,StrideFlex,28.0,89.99,88.45,52,4599.4,3143.4,68.34,92.91,87,0,0,2,Valentines Day,0.1286,-1.7,88.45,0.9828869874430494,0.9519965558066947,52.0,52.0,52.0,2.0,-0.01726113244006274,3.9512437185814275
2026-02-10,F002,Running Sneakers V2,Fashion,StrideFlex,28.0,89.99,86.06,49,4216.94,2844.94,67.46,98.13,98,0,1,2,Valentines Day,0.1429,-1.7,87.255,0.956328480942327,0.8769998980943646,52.0,50.5,50.5,2.0,-0.044653825635403474,3.8918202981106265
2026-02-11,F002,Running Sneakers V2,Fashion,StrideFlex,28.0,89.99,83.05,62,5149.1,3413.1,66.29,97.35,65,0,2,2,Valentines Day,0.2,-1.7,85.85333333333334,0.9228803200355595,0.8531073446327684,49.0,54.333333333333336,54.333333333333336,1.0,-0.08025571698655326,4.127134385045092
2026-02-12,F002,Running Sneakers V2,Fashion,StrideFlex,28.0,89.99,83.91,68,5705.88,3801.88,66.63,101.58,59,0,3,2,Valentines Day,0.2,-1.7,85.3675,0.9324369374374931,0.8260484347312463,62.0,57.75,57.75,1.0,-0.06995375716387904,4.219507705176107
2026-02-13,F002,Running Sneakers V2,Fashion,StrideFlex,28.0,89.99,80.22,70,5615.4,3655.4,65.1,97.42,49,0,4,2,Valentines Day,0.2,-1.7,84.338,0.8914323813757085,0.8234448778484911,68.0,60.2,60.2,1.0,-0.1149256927039503,4.248495242049359
2026-02-14,F002,Running Sneakers V2,Fashion,StrideFlex,28.0,89.99,77.77,77,5988.29,3832.29,64.0,102.45,53,1,5,2,Valentines Day,0.2,-1.7,83.24333333333333,0.864207134126014,0.7591020009760858,70.0,63.0,63.0,1.0,-0.1459428003390052,4.343805421853684
2026-02-15,F002,Running Sneakers V2,Fashion,StrideFlex,28.0,89.99,76.84,80,6147.2,3907.2,63.56,93.0,47,1,6,2,Valentines Day,0.2,-1.7,82.32857142857142,0.8538726525169464,0.826236559139785,77.0,65.42857142857143,65.42857142857143,1.0,-0.15797321514550114,4.382026634673881
2026-02-16,F002,Running Sneakers V2,Fashion,StrideFlex,28.0,89.99,78.91,63,4971.33,3207.33,64.52,102.06,89,0,0,2,Valentines Day,0.2,-1.7,80.96571428571428,0.876875208356484,0.7731726435430138,80.0,67.0,65.125,2.0,-0.13139059051291357,4.143134726391533
2026-02-17,F002,Running Sneakers V2,Fashion,StrideFlex,28.0,89.99,74.16,78,5784.48,3600.48,62.24,84.09,63,0,1,2,Valentines Day,0.2,-1.7,79.26571428571428,0.8240915657295255,0.8819122368890474,63.0,71.14285714285714,66.55555555555556,1.0,-0.1934736317882575,4.356708826689592
2026-02-18,F002,Running Sneakers V2,Fashion,StrideFlex,28.0,89.99,79.52,69,5486.88,3554.88,64.79,103.22,54,0,2,2,Valentines Day,0.1429,-1.7,78.76142857142857,0.8836537393043672,0.7703933346250726,78.0,72.14285714285714,66.8,1.0,-0.12368999069753853,4.23410650459726
2026-02-19,F002,Running Sneakers V2,Fashion,StrideFlex,28.0,89.99,76.67,63,4830.21,3066.21,63.48,88.45,64,0,3,2,Valentines Day,0.1286,-1.7,77.72714285714287,0.8519835537281921,0.8668174109666478,69.0,71.42857142857143,66.45454545454545,1.0,-0.160188055475054,4.143134726391533
2026-02-20,F002,Running Sneakers V2,Fashion,StrideFlex,28.0,89.99,82.65,54,4463.1,2951.1,66.12,101.75,79,0,4,2,Valentines Day,0.1143,-1.7,78.07428571428571,0.9184353817090789,0.8122850122850124,63.0,69.14285714285714,65.41666666666667,1.0,-0.08508372877882385,3.9889840465642745
2026-02-21,F002,Running Sneakers V2,Fashion,StrideFlex,28.0,89.99,83.78,61,5110.58,3402.58,66.58,78.16,62,1,5,2,Valentines Day,0.1,-1.7,78.93285714285715,0.9309923324813869,1.0719037871033779,54.0,66.85714285714286,65.07692307692308,1.0,-0.07150423752696826,4.110873864173311
2026-02-22,F002,Running Sneakers V2,Fashion,StrideFlex,28.0,89.99,85.37,54,4609.98,3097.98,67.2,80.55,111,1,6,2,Valentines Day,0.0857,-1.7,80.15142857142857,0.9486609623291478,1.05983860955928,61.0,63.142857142857146,64.28571428571429,2.0,-0.052703802023642055,3.9889840465642745
2026-02-23,F002,Running Sneakers V2,Fashion,StrideFlex,28.0,89.99,87.41,37,3234.17,2198.17,67.97,83.15,125,0,0,2,Valentines Day,0.0714,-1.7,81.36571428571429,0.9713301477941994,1.0512327119663258,54.0,59.42857142857143,62.46666666666667,2.0,-0.029088860453460604,3.6109179126442243
2026-02-24,F002,Running Sneakers V2,Fashion,StrideFlex,28.0,89.99,93.25,46,4289.5,3001.5,69.97,96.84,111,0,1,2,Valentines Day,0.0571,-1.7,84.09285714285714,1.036226247360818,0.9629285419248245,37.0,54.857142857142854,61.4375,2.0,0.03558550547806781,3.828641396489095
2026-02-25,F002,Running Sneakers V2,Fashion,StrideFlex,28.0,89.99,90.23,52,4691.96,3235.96,68.97,87.36,111,0,2,2,Valentines Day,0.0429,-1.7,85.62285714285714,1.0026669629958886,1.032852564102564,46.0,52.42857142857143,60.88235294117647,2.0,0.0026634129605523724,3.9512437185814275
2026-02-26,F002,Running Sneakers V2,Fashion,StrideFlex,28.0,89.99,98.55,35,3449.25,2469.25,71.59,83.82,118,0,3,2,Valentines Day,0.0286,-1.7,88.74857142857142,1.0951216801866874,1.1757337151037939,52.0,48.42857142857143,59.44444444444444,2.0,0.09086548055287207,3.5553480614894135
2026-02-27,F002,Running Sneakers V2,Fashion,StrideFlex,28.0,89.99,96.5,36,3474.0,2466.0,70.98,88.1,141,0,4,2,Valentines Day,0.0143,-1.7,90.72714285714285,1.0723413712634737,1.0953461975028378,35.0,45.857142857142854,58.21052631578947,2.0,0.06984445529908309,3.58351893845611
2026-02-28,F002,Running Sneakers V2,Fashion,StrideFlex,28.0,89.99,100.97,39,3937.83,2845.83,72.27,90.84,114,1,5,2,Valentines Day,0.0,-1.7,93.18285714285715,1.1220135570618959,1.1115147512109202,36.0,42.714285714285715,57.25,2.0,0.11512488997037261,3.6635616461296463
2026-03-01,F002,Running Sneakers V2,Fashion,StrideFlex,28.0,89.99,96.52,44,4246.88,3014.88,70.99,92.58,109,1,6,3,Valentines Day,0.0,-1.7,94.77571428571427,1.0725636181797977,1.0425577878591488,39.0,41.285714285714285,56.61904761904762,2.0,0.0700516877109738,3.784189633918261
2026-03-02,F002,Running Sneakers V2,Fashion,StrideFlex,28.0,89.99,105.29,34,3579.86,2627.86,73.41,85.78,141,0,0,3,Valentines Day,0.0,-1.7,97.33000000000001,1.1700188909878877,1.2274422942410819,44.0,40.857142857142854,55.59090909090909,2.0,0.15701989482281092,3.5263605246161616
2026-03-03,F002,Running Sneakers V2,Fashion,StrideFlex,28.0,89.99,104.88,34,3565.92,2613.92,73.3,98.66,135,0,1,3,Valentines Day,0.0,-1.7,98.99142857142859,1.1654628292032447,1.0630448003243462,34.0,39.142857142857146,54.65217391304348,2.0,0.1531182864095872,3.5263605246161616
2026-03-04,F002,Running Sneakers V2,Fashion,StrideFlex,28.0,89.99,105.39,34,3583.26,2631.26,73.43,87.28,125,0,2,3,Valentines Day,0.0,-1.7,101.15714285714286,1.1711301255695077,1.207493125572869,34.0,36.57142857142857,53.791666666666664,2.0,0.15796920189998817,3.5263605246161616
2026-03-05,F002,Running Sneakers V2,Fashion,StrideFlex,28.0,89.99,102.5,35,3587.5,2607.5,72.68,92.06,129,0,3,3,Valentines Day,0.0,-1.7,101.72142857142858,1.1390154461606845,1.1134043015424722,34.0,36.57142857142857,53.04,2.0,0.1301642455326057,3.5553480614894135
2026-03-06,F002,Running Sneakers V2,Fashion,StrideFlex,28.0,89.99,105.77,35,3701.95,2721.95,73.53,77.37,136,0,4,3,Valentines Day,0.0,-1.7,103.0457142857143,1.1753528169796645,1.3670673387617938,35.0,36.42857142857143,52.34615384615385,2.0,0.16156837229410445,3.5553480614894135
2026-03-07,F002,Running Sneakers V2,Fashion,StrideFlex,28.0,89.99,97.45,44,4287.8,3055.8,71.27,81.15,115,1,5,3,Valentines Day,0.0,-1.7,102.54285714285713,1.0828980997888655,1.2008626001232285,35.0,37.142857142857146,52.03703703703704,2.0,0.07964087290771275,3.784189633918261
2026-03-08,F002,Running Sneakers V2,Fashion,StrideFlex,28.0,89.99,98.83,42,4150.86,2974.86,71.67,98.6,135,1,6,3,Valentines Day,0.0,-1.7,102.87285714285714,1.0982331370152238,1.0023326572008113,44.0,36.857142857142854,51.67857142857143,2.0,0.0937026493422353,3.7376696182833684
2026-03-09,F002,Running Sneakers V2,Fashion,StrideFlex,28.0,89.99,90.33,40,3613.2,2493.2,69.0,77.85,102,0,0,3,Valentines Day,0.0,-1.7,100.73571428571428,1.0037781975775086,1.1603082851637765,42.0,37.714285714285715,51.275862068965516,2.0,0.0037710781158950125,3.6888794541139363
2026-03-10,F002,Running Sneakers V2,Fashion,StrideFlex,28.0,89.99,91.68,49,4492.32,3120.32,69.46,82.61,107,0,1,3,Valentines Day,0.0,-1.7,98.85,1.018779864429381,1.1097930032683696,40.0,39.857142857142854,51.2,2.0,0.018605699920572292,3.8918202981106265
