backend/data/features.csv
date,product_id,product_name,category,brand,cost,base_price,price,demand,revenue,profit,margin,competitor_price,stock,is_weekend,day_of_week,month,holiday_name,holiday_boost,elasticity,price_lag_7d,price_to_base,price_to_competitor,demand_lag_1d,demand_lag_7d,demand_lag_30d,stock_level,log_price_ratio,log_demand
2026-03-11,F002,Running Sneakers V2,Fashion,StrideFlex,28.0,89.99,91.3,37,3378.1,2342.1,69.33,86.19,139,0,2,3,Valentines Day,0.0,-1.7,96.83714285714287,1.0145571730192244,1.0592876203735933,49.0,40.285714285714285,50.7,2.0,0.014452234555065694,3.6109179126442243
2026-03-12,F002,Running Sneakers V2,Fashion,StrideFlex,28.0,89.99,86.93,51,4433.43,3005.43,67.79,85.96,93,0,3,3,Valentines Day,0.0,-1.7,94.61285714285714,0.9659962218024226,1.0112843182875757,37.0,42.57142857142857,50.766666666666666,2.0,-0.03459535595488407,3.9318256327243257
2026-03-13,F002,Running Sneakers V2,Fashion,StrideFlex,28.0,89.99,82.92,54,4477.68,2965.68,66.23,82.14,75,0,4,3,Valentines Day,0.0,-1.7,91.34857142857143,0.9214357150794533,1.0094959824689556,51.0,45.285714285714285,50.5,1.0,-0.08182226547827827,3.9889840465642745
2026-03-14,F002,Running Sneakers V2,Fashion,StrideFlex,28.0,89.99,77.95,50,3897.5,2497.5,64.08,99.19,89,1,5,3,Valentines Day,0.0,-1.7,88.56285714285714,0.8662073563729304,0.7858655106361528,54.0,46.142857142857146,49.9,2.0,-0.1436309575420715,3.912023005428146
2026-03-15,F002,Running Sneakers V2,Fashion,StrideFlex,28.0,89.99,83.2,55,4576.0,3036.0,66.35,98.73,85,1,6,3,Valentines Day,0.0,-1.7,86.33000000000001,0.9245471719079899,0.8427023194571053,50.0,48.0,49.4,2.0,-0.07845120521869417,4.007333185232471
2026-03-16,F002,Running Sneakers V2,Fashion,StrideFlex,28.0,89.99,73.25,60,4395.0,2715.0,61.77,101.67,65,0,0,3,Valentines Day,0.0,-1.7,83.89,0.8139793310367819,0.7204681813711026,55.0,50.857142857142854,48.833333333333336,1.0,-0.20582030514868047,4.0943445622221
2026-03-17,F002,Running Sneakers V2,Fashion,StrideFlex,28.0,89.99,77.67,58,4504.86,2880.86,63.95,90.84,65,0,1,3,Easter,0.0,-1.7,81.88857142857144,0.8630958995443939,0.8550198150594451,60.0,52.142857142857146,48.1,1.0,-0.14722947061430108,4.060443010546419
2026-03-18,F002,Running Sneakers V2,Fashion,StrideFlex,28.0,89.99,69.85,64,4470.4,2678.4,59.91,80.84,78,0,2,3,Easter,0.0,-1.7,78.82428571428571,0.7761973552616958,0.8640524492825333,58.0,56.0,48.13333333333333,1.0,-0.25334846734288635,4.1588830833596715
2026-03-19,F002,Running Sneakers V2,Fashion,StrideFlex,28.0,89.99,76.72,59,4526.48,2874.48,63.5,95.79,65,0,3,3,Easter,0.0,-1.7,77.36571428571429,0.8525391710190021,0.8009186762710094,64.0,57.142857142857146,47.5,1.0,-0.15953612247067436,4.07753744390572
2026-03-20,F002,Running Sneakers V2,Fashion,StrideFlex,28.0,89.99,74.55,59,4398.45,2746.45,62.44,93.04,100,0,4,3,Easter,0.0,-1.7,76.17,0.8284253805978442,0.8012682717110919,59.0,57.857142857142854,47.166666666666664,2.0,-0.18822851183510975,4.07753744390572
2026-03-21,F002,Running Sneakers V2,Fashion,StrideFlex,28.0,89.99,76.72,67,5140.24,3264.24,63.5,86.07,68,1,5,3,Easter,0.0,-1.7,75.99428571428572,0.8525391710190021,0.8913674915766238,59.0,60.285714285714285,47.3,1.0,-0.15953612247067436,4.204692619390966
2026-03-22,F002,Running Sneakers V2,Fashion,StrideFlex,28.0,89.99,83.09,56,4653.04,3085.04,66.3,98.49,92,1,6,3,Easter,0.0,-1.7,75.97857142857141,0.9233248138682076,0.8436389481165602,67.0,60.42857142857143,47.36666666666667,2.0,-0.07977419536896713,4.02535169073515
2026-03-23,F002,Running Sneakers V2,Fashion,StrideFlex,28.0,89.99,78.35,52,4074.2,2618.2,64.26,79.35,90,0,0,3,Easter,0.0,-1.7,76.70714285714284,0.8706522946994111,0.9873976055450535,56.0,59.285714285714285,47.06666666666667,2.0,-0.13851258424382729,3.9512437185814275
2026-03-24,F002,Running Sneakers V2,Fashion,StrideFlex,28.0,89.99,89.18,41,3656.38,2508.38,68.6,94.26,101,0,1,3,Easter,0.0,-1.7,78.35142857142857,0.9909989998888766,0.9461065138977297,52.0,56.857142857142854,46.63333333333333,2.0,-0.009041753846526482,3.713572066704308
2026-03-25,F002,Running Sneakers V2,Fashion,StrideFlex,28.0,89.99,83.94,48,4029.12,2685.12,66.64,80.72,117,0,2,3,Easter,0.0,-1.7,80.36428571428571,0.9327703078119791,1.0398909811694748,41.0,54.57142857142857,47.0,2.0,-0.06959629514041235,3.871201010907891
2026-03-26,F002,Running Sneakers V2,Fashion,StrideFlex,28.0,89.99,89.74,42,3769.08,2593.08,68.8,81.03,131,0,3,3,Easter,0.0,-1.7,82.22428571428573,0.9972219135459496,1.107491052696532,48.0,52.142857142857146,46.86666666666667,2.0,-0.0027819524980198487,3.7376696182833684
2026-03-27,F002,Running Sneakers V2,Fashion,StrideFlex,28.0,89.99,88.71,46,4080.66,2792.66,68.44,90.06,117,0,4,3,Easter,0.0,-1.7,84.24714285714286,0.9857761973552617,0.9850099933377747,42.0,50.285714285714285,46.666666666666664,2.0,-0.014325930513361645,3.828641396489095
2026-03-28,F002,Running Sneakers V2,Fashion,StrideFlex,28.0,89.99,96.09,47,4516.23,3200.23,70.86,93.49,102,1,5,3,Easter,0.0,-1.7,87.0142857142857,1.067785309478831,1.027810461011873,46.0,47.42857142857143,47.06666666666667,2.0,0.06558669924331931,3.8501476017100584
2026-03-29,F002,Running Sneakers V2,Fashion,StrideFlex,28.0,89.99,98.47,49,4825.03,3453.03,71.56,94.78,99,1,6,3,Easter,0.0,-1.7,89.21142857142857,1.0942326925213912,1.0389322641907575,47.0,46.42857142857143,47.5,2.0,0.09005338021385349,3.8918202981106265
2026-03-30,F002,Running Sneakers V2,Fashion,StrideFlex,28.0,89.99,102.11,37,3778.07,2742.07,72.58,80.44,139,0,0,3,Easter,0.0,-1.7,92.60571428571428,1.1346816312923658,1.2693933366484336,49.0,44.285714285714285,47.43333333333333,2.0,0.1263521105215894,3.6109179126442243
2026-03-31,F002,Running Sneakers V2,Fashion,StrideFlex,28.0,89.99,104.92,34,3567.28,2615.28,73.31,88.14,127,0,1,3,Easter,0.0,-1.7,94.85428571428572,1.165907323035893,1.190378942591332,37.0,43.285714285714285,47.1,2.0,0.1534996019528158,3.5263605246161616
2026-04-01,F002,Running Sneakers V2,Fashion,StrideFlex,28.0,89.99,102.33,36,3683.88,2675.88,72.64,99.28,127,0,2,4,Easter,0.0,-1.7,97.48142857142857,1.1371263473719302,1.0307211925866238,34.0,41.57142857142857,47.166666666666664,2.0,0.12850433205280687,3.58351893845611
2026-04-02,F002,Running Sneakers V2,Fashion,StrideFlex,28.0,89.99,98.15,38,3729.7,2665.7,71.47,91.96,117,0,3,4,Easter,0.0071,-1.7,98.68285714285715,1.0906767418602068,1.0673118747281427,36.0,41.0,47.3,2.0,0.086798367676613,3.6375861597263857
2026-04-03,F002,Running Sneakers V2,Fashion,StrideFlex,28.0,89.99,103.16,36,3713.76,2705.76,72.86,96.16,122,0,4,4,Easter,0.0143,-1.7,100.74714285714286,1.1463495943993778,1.0727953410981697,38.0,39.57142857142857,47.36666666666667,2.0,0.13658262796728693,3.58351893845611
2026-04-04,F002,Running Sneakers V2,Fashion,StrideFlex,28.0,89.99,105.64,41,4331.24,3183.24,73.49,102.05,114,1,5,4,Easter,0.0214,-1.7,102.11142857142859,1.1739082120235582,1.0351788339049486,36.0,38.714285714285715,47.56666666666667,2.0,0.16033853438307435,3.713572066704308
2026-04-05,F002,Running Sneakers V2,Fashion,StrideFlex,28.0,89.99,99.77,46,4589.42,3301.42,71.94,103.23,89,1,6,4,Easter,0.0286,-1.7,102.29714285714286,1.1086787420824535,0.9664826116439019,41.0,38.285714285714285,47.93333333333333,2.0,0.10316898387955856,3.828641396489095
2026-04-06,F002,Running Sneakers V2,Fashion,StrideFlex,28.0,89.99,104.47,38,3969.86,2905.86,73.2,95.07,109,0,0,4,Easter,0.0357,-1.7,102.63428571428572,1.1609067674186022,1.0988745135163565,46.0,38.42857142857143,47.733333333333334,2.0,0.14920139580355957,3.6375861597263857
2026-04-07,F002,Running Sneakers V2,Fashion,StrideFlex,28.0,89.99,94.43,44,4154.92,2922.92,70.35,84.79,114,0,1,4,Easter,0.0429,-1.7,101.13571428571427,1.049338815423936,1.1136926524354287,38.0,39.857142857142854,47.8,2.0,0.048160266229120695,3.784189633918261
2026-04-08,F002,Running Sneakers V2,Fashion,StrideFlex,28.0,89.99,92.34,43,3970.62,2766.62,69.68,81.11,111,0,2,4,Easter,0.05,-1.7,99.70857142857143,1.0261140126680743,1.1384539514239922,44.0,40.857142857142854,47.9,2.0,0.0257788640329858,3.7612001156935624
2026-04-09,F002,Running Sneakers V2,Fashion,StrideFlex,28.0,89.99,93.85,44,4129.4,2897.4,70.17,78.76,108,0,3,4,Easter,0.0571,-1.7,99.09428571428573,1.042893654850539,1.191594718131031,43.0,41.714285714285715,47.733333333333334,2.0,0.041999209986660686,3.784189633918261
2026-04-10,F002,Running Sneakers V2,Fashion,StrideFlex,28.0,89.99,92.82,50,4641.0,3241.0,69.83,80.89,89,0,4,4,Easter,0.0643,-1.7,97.61714285714285,1.0314479386598512,1.1474842378538754,44.0,43.714285714285715,48.166666666666664,2.0,0.030963580767172674,3.912023005428146
2026-04-11,F002,Running Sneakers V2,Fashion,StrideFlex,28.0,89.99,88.51,54,4779.54,3267.54,68.37,101.5,89,1,5,4,Easter,0.0714,-1.7,95.16999999999999,0.9835537281920215,0.8720197044334976,50.0,45.57142857142857,48.266666666666666,2.0,-0.016583013065071452,3.9889840465642745
2026-04-12,F002,Running Sneakers V2,Fashion,StrideFlex,28.0,89.99,79.34,76,6029.84,3901.84,64.71,77.27,51,1,6,4,Easter,0.1,-1.7,92.25142857142858,0.8816535170574509,1.0267891807946163,54.0,49.857142857142854,49.0,1.0,-0.12595613795967303,4.330733340286331
2026-04-13,F002,Running Sneakers V2,Fashion,StrideFlex,28.0,89.99,81.81,56,4581.36,3013.36,65.77,92.38,84,0,0,4,Easter,0.1,-1.7,89.0142857142857,0.9091010112234693,0.8855812946525222,76.0,52.42857142857143,49.2,2.0,-0.09529906752025027,4.02535169073515
2026-04-14,F002,Running Sneakers V2,Fashion,StrideFlex,28.0,89.99,80.07,61,4884.27,3176.27,65.03,83.92,86,0,1,4,Easter,0.1,-1.7,86.96285714285715,0.8897655295032781,0.9541229742612011,56.0,54.857142857142854,49.4,2.0,-0.1167973009613147,4.110873864173311
2026-04-15,F002,Running Sneakers V2,Fashion,StrideFlex,28.0,89.99,79.58,58,4615.64,2991.64,64.82,86.61,86,0,2,4,Easter,0.1,-1.7,85.14,0.8843204800533393,0.9188315437016511,61.0,57.0,49.333333333333336,2.0,-0.12293574804707454,4.060443010546419
2026-04-16,F002,Running Sneakers V2,Fashion,StrideFlex,28.0,89.99,76.88,60,4612.8,2932.8,63.58,98.96,92,0,3,4,Easter,0.1,-1.7,82.71571428571428,0.8543171463495944,0.7768795472918351,58.0,59.285714285714285,49.4,2.0,-0.15745278838382007,4.0943445622221
2026-04-17,F002,Running Sneakers V2,Fashion,StrideFlex,28.0,89.99,74.66,62,4628.92,2892.92,62.5,98.56,93,0,4,4,Easter,0.1,-1.7,80.12142857142858,0.8296477386376264,0.7575081168831168,60.0,61.0,49.333333333333336,2.0,-0.18675407955941936,4.127134385045092
2026-04-18,F002,Running Sneakers V2,Fashion,StrideFlex,28.0,89.99,76.27,68,5186.36,3282.36,63.29,85.6,79,1,5,4,Easter,0.1,-1.7,78.37285714285714,0.8475386154017113,0.8910046728971963,62.0,63.0,49.63333333333333,1.0,-0.16541887686971,4.219507705176107
2026-04-19,F002,Running Sneakers V2,Fashion,StrideFlex,28.0,89.99,69.3,81,5613.3,3345.3,59.6,85.52,34,1,6,4,Easter,0.0714,-1.7,76.93857142857142,0.7700855650627848,0.8103367633302152,68.0,63.714285714285715,50.36666666666667,1.0,-0.2612536468499996,4.394449154672439
2026-04-20,F002,Running Sneakers V2,Fashion,StrideFlex,28.0,89.99,74.96,64,4797.44,3005.44,62.65,91.93,84,0,0,4,Easter,0.0643,-1.7,75.96000000000001,0.832981442382487,0.8154030240400303,81.0,64.85714285714286,50.266666666666666,2.0,-0.1827439151156904,4.1588830833596715
2026-04-21,F002,Running Sneakers V2,Fashion,StrideFlex,28.0,89.99,78.32,60,4699.2,3019.2,64.25,80.52,71,0,1,4,Easter,0.0571,-1.7,75.71000000000001,0.870318924324925,0.9726775956284153,64.0,64.71428571428571,50.4,1.0,-0.13889555482360225,4.0943445622221
2026-04-22,F002,Running Sneakers V2,Fashion,StrideFlex,28.0,89.99,78.94,49,3868.06,2496.06,64.53,94.84,84,0,2,4,Easter,0.05,-1.7,75.61857142857141,0.8772085787309701,0.832349219738507,60.0,63.42857142857143,50.3,2.0,-0.13101048281115607,3.8918202981106265
2026-04-23,F002,Running Sneakers V2,Fashion,StrideFlex,28.0,89.99,84.24,49,4127.76,2755.76,66.76,95.31,90,0,3,4,Easter,0.0429,-1.7,76.66999999999999,0.9361040115568396,0.8838526912181303,49.0,61.857142857142854,50.56666666666667,2.0,-0.0660286852201371,3.8918202981106265
2026-04-24,F002,Running Sneakers V2,Fashion,StrideFlex,28.0,89.99,83.63,54,4516.02,3004.02,66.52,100.41,108,0,4,4,Easter,0.0357,-1.7,77.95142857142856,0.9293254806089566,0.8328851707997211,49.0,60.714285714285715,50.766666666666666,2.0,-0.07329624565242272,3.9889840465642745
2026-04-25,F002,Running Sneakers V2,Fashion,StrideFlex,28.0,89.99,87.28,51,4451.28,3023.28,67.92,87.6,88,1,5,4,Easter,0.0286,-1.7,79.52428571428571,0.9698855428380931,0.9963470319634704,54.0,58.285714285714285,51.06666666666667,2.0,-0.030577211521041765,3.9318256327243257
2026-04-26,F002,Running Sneakers V2,Fashion,StrideFlex,28.0,89.99,95.43,48,4580.64,3236.64,70.66,94.66,117,1,6,4,Easter,0.0214,-1.7,83.25714285714285,1.060451161240138,1.0081343756602579,51.0,53.57142857142857,51.13333333333333,2.0,0.05869444138330541,3.871201010907891
2026-04-27,F002,Running Sneakers V2,Fashion,StrideFlex,28.0,89.99,92.5,41,3792.5,2644.5,69.73,96.41,112,0,0,4,Easter,0.0143,-1.7,85.76285714285714,1.0278919879986665,0.9594440410745774,48.0,50.285714285714285,50.93333333333333,2.0,0.027510091472522372,3.713572066704308
2026-04-28,F002,Running Sneakers V2,Fashion,StrideFlex,28.0,89.99,94.69,43,4071.67,2867.67,70.43,78.68,134,0,1,4,Easter,0.0071,-1.7,88.10142857142856,1.0522280253361485,1.2034824605998982,41.0,47.857142857142854,50.733333333333334,2.0,0.050909844949551565,3.7612001156935624
2026-04-29,F002,Running Sneakers V2,Fashion,StrideFlex,28.0,89.99,102.43,41,4199.63,3051.63,72.66,99.87,110,0,2,4,Mothers Day,0.0129,-1.7,91.45714285714287,1.1382375819535506,1.0256333233203165,43.0,46.714285714285715,50.86666666666667,2.0,0.12948108540258627,3.713572066704308
2026-04-30,F002,Running Sneakers V2,Fashion,StrideFlex,28.0,89.99,107.84,31,3343.04,2475.04,74.04,87.59,135,0,3,4,Mothers Day,0.0257,-1.7,94.82857142857142,1.1983553728192022,1.2311907752026487,41.0,44.142857142857146,50.766666666666666,2.0,0.18095009411813984,3.4339872044851463
2026-05-01,F002,Running Sneakers V2,Fashion,StrideFlex,28.0,89.99,104.75,33,3456.75,2532.75,73.27,99.45,122,0,4,5,Mothers Day,0.0386,-1.7,97.84571428571428,1.1640182242471386,1.0532931121166416,31.0,41.142857142857146,50.666666666666664,2.0,0.15187800575639,3.4965075614664802
2026-05-02,F002,Running Sneakers V2,Fashion,StrideFlex,28.0,89.99,103.91,48,4987.68,3643.68,73.05,98.72,106,1,5,5,Mothers Day,0.0514,-1.7,100.22142857142858,1.1546838537615292,1.0525729335494327,33.0,40.714285714285715,51.0,2.0,0.14382658681869828,3.871201010907891
2026-05-03,F002,Running Sneakers V2,Fashion,StrideFlex,28.0,89.99,100.84,47,4739.48,3423.48,72.23,97.15,96,1,6,5,Mothers Day,0.0643,-1.7,100.99428571428571,1.1205689521057896,1.0379825012866701,48.0,40.57142857142857,51.36666666666667,2.0,0.11383654927386193,3.8501476017100584
2026-05-04,F002,Running Sneakers V2,Fashion,StrideFlex,28.0,89.99,105.26,42,4420.92,3244.92,73.4,85.25,123,0,0,5,Mothers Day,0.0771,-1.7,102.81714285714285,1.1696855206134016,1.2347214076246336,47.0,40.714285714285715,51.4,2.0,0.15673492687977583,3.7376696182833684
2026-05-05,F002,Running Sneakers V2,Fashion,StrideFlex,28.0,89.99,106.18,45,4778.1,3518.1,73.63,94.92,113,0,1,5,Mothers Day,0.09,-1.7,104.45857142857143,1.1799088787643073,1.1186262115465655,42.0,41.0,51.36666666666667,2.0,0.16543721410966838,3.8066624897703196
2026-05-06,F002,Running Sneakers V2,Fashion,StrideFlex,28.0,89.99,95.55,47,4490.85,3174.85,70.7,97.24,95,0,2,5,Mothers Day,0.1029,-1.7,103.47571428571428,1.061784642738082,0.982620320855615,45.0,41.857142857142854,51.666666666666664,2.0,0.05995111764042481,3.8501476017100584
2026-05-07,F002,Running Sneakers V2,Fashion,StrideFlex,28.0,89.99,95.09,53,5039.77,3555.77,70.55,93.37,104,0,3,5,Mothers Day,0.1157,-1.7,101.65428571428572,1.0566729636626293,1.0184213344757416,47.0,45.0,51.96666666666667,2.0,0.05512525850549583,3.970291913552122
2026-05-08,F002,Running Sneakers V2,Fashion,StrideFlex,28.0,89.99,96.25,45,4331.25,3071.25,70.91,99.42,92,0,4,5,Mothers Day,0.1286,-1.7,100.44000000000001,1.0695632848094234,0.9681150673908671,53.0,46.714285714285715,52.03333333333333,2.0,0.06725042012203658,3.8066624897703196
2026-05-09,F002,Running Sneakers V2,Fashion,StrideFlex,28.0,89.99,90.51,72,6516.72,4500.72,69.06,89.41,73,1,5,5,Mothers Day,0.18,-1.7,98.52571428571427,1.005778419824425,1.012302874398837,45.0,50.142857142857146,52.96666666666667,1.0,0.005761788793222378,4.276666119016055
2026-05-10,F002,Running Sneakers V2,Fashion,StrideFlex,28.0,89.99,88.86,57,5065.02,3469.02,68.49,76.86,69,1,6,5,Mothers Day,0.18,-1.7,96.81428571428572,0.987443049227692,1.156128024980484,72.0,51.57142857142857,53.2,1.0,-0.012636455538094721,4.04305126783455
2026-02-09,F003,Leather Crossbody Bag,Fashion,CraftLeather,20.0,64.99,62.9,57,3585.3,2445.3,68.2,65.93,73,0,0,2,Valentines Day,0.1286,-1.5,62.9,0.9678412063394369,0.9540421659335658,57.0,57.0,57.0,1.0,-0.03268724819986257,4.04305126783455
2026-02-10,F003,Leather Crossbody Bag,Fashion,CraftLeather,20.0,64.99,64.93,43,2791.99,1931.99,69.2,74.06,96,0,1,2,Valentines Day,0.1429,-1.5,63.915000000000006,0.9990767810432376,0.876721577099649,57.0,50.0,50.0,2.0,-0.0009236453858619454,3.7612001156935624
2026-02-11,F003,Leather Crossbody Bag,Fashion,CraftLeather,20.0,64.99,61.39,59,3622.01,2442.01,67.42,66.24,82,0,2,2,Valentines Day,0.2,-1.5,63.073333333333345,0.9446068625942453,0.9267814009661837,43.0,53.0,53.0,2.0,-0.05698645646685249,4.07753744390572
2026-02-12,F003,Leather Crossbody Bag,Fashion,CraftLeather,20.0,64.99,56.01,68,3808.68,2448.68,64.29,73.13,60,0,3,2,Valentines Day,0.2,-1.5,61.307500000000005,0.8618248961378674,0.765896348967592,59.0,56.75,56.75,1.0,-0.14870316568451655,4.219507705176107
2026-02-13,F003,Leather Crossbody Bag,Fashion,CraftLeather,20.0,64.99,58.61,55,3223.55,2123.55,65.88,60.96,91,0,4,2,Valentines Day,0.2,-1.5,60.76800000000001,0.9018310509309125,0.9614501312335958,68.0,56.4,56.4,2.0,-0.10332808141791956,4.007333185232471
