backend/data/features.csv
date,product_id,product_name,category,brand,cost,base_price,price,demand,revenue,profit,margin,competitor_price,stock,is_weekend,day_of_week,month,holiday_name,holiday_boost,elasticity,price_lag_7d,price_to_base,price_to_competitor,demand_lag_1d,demand_lag_7d,demand_lag_30d,stock_level,log_price_ratio,log_demand
2026-03-26,F004,Aviator Sunglasses,Fashion,ShadeCraft,8.0,29.99,29.83,53,1580.99,1156.99,73.18,31.46,98,0,3,3,Easter,0.0,-2.8,28.101428571428574,0.9946648882960987,0.9481881754609026,52.0,69.42857142857143,56.46666666666667,2.0,-0.0053493942342606,3.970291913552122
2026-03-27,F004,Aviator Sunglasses,Fashion,ShadeCraft,8.0,29.99,29.45,47,1384.15,1008.15,72.84,32.55,94,0,4,3,Easter,0.0,-2.8,28.708571428571425,0.9819939979993332,0.9047619047619048,53.0,63.57142857142857,56.36666666666667,2.0,-0.01817008266332194,3.8501476017100584
2026-03-28,F004,Aviator Sunglasses,Fashion,ShadeCraft,8.0,29.99,32.27,53,1710.31,1286.31,75.21,29.26,92,1,5,3,Easter,0.0,-2.8,29.454285714285714,1.0760253417805936,1.1028708133971292,47.0,58.285714285714285,56.6,2.0,0.07327401330295281,3.970291913552122
2026-03-29,F004,Aviator Sunglasses,Fashion,ShadeCraft,8.0,29.99,33.41,42,1403.22,1067.22,76.06,30.11,109,1,6,3,Easter,0.0,-2.8,30.43857142857143,1.1140380126708902,1.109598140152773,53.0,51.857142857142854,56.53333333333333,2.0,0.10799126360774736,3.7376696182833684
2026-03-30,F004,Aviator Sunglasses,Fashion,ShadeCraft,8.0,29.99,34.05,36,1225.8,937.8,76.51,28.6,110,0,0,3,Easter,0.0,-2.8,31.34142857142857,1.1353784594864955,1.1905594405594404,42.0,47.714285714285715,56.03333333333333,2.0,0.12696603983460367,3.58351893845611
2026-03-31,F004,Aviator Sunglasses,Fashion,ShadeCraft,8.0,29.99,33.55,34,1140.7,868.7,76.15,27.47,112,0,1,3,Easter,0.0,-2.8,32.075714285714284,1.1187062354118038,1.2213323625773571,36.0,45.285714285714285,56.03333333333333,2.0,0.11217287065677296,3.5263605246161616
2026-04-01,F004,Aviator Sunglasses,Fashion,ShadeCraft,8.0,29.99,33.63,40,1345.2,1025.2,76.21,26.57,103,0,2,4,Easter,0.0,-2.8,32.31285714285714,1.1213737912637547,1.2657132103876554,34.0,43.57142857142857,56.1,2.0,0.11455453299126062,3.6888794541139363
2026-04-02,F004,Aviator Sunglasses,Fashion,ShadeCraft,8.0,29.99,34.75,35,1216.25,936.25,76.98,29.37,115,0,3,4,Easter,0.0071,-2.8,33.01571428571428,1.1587195731910638,1.1831801157643853,40.0,41.0,56.0,2.0,0.1473155792498835,3.5553480614894135
2026-04-03,F004,Aviator Sunglasses,Fashion,ShadeCraft,8.0,29.99,32.51,43,1397.93,1053.93,75.39,28.86,119,0,4,4,Easter,0.0143,-2.8,33.45285714285715,1.0840280093364454,1.1264726264726264,35.0,40.42857142857143,56.2,2.0,0.08068374155489616,3.7612001156935624
2026-04-04,F004,Aviator Sunglasses,Fashion,ShadeCraft,8.0,29.99,33.74,45,1518.3,1158.3,76.29,25.81,130,1,5,4,Easter,0.0214,-2.8,33.66285714285714,1.1250416805601868,1.3072452537776058,43.0,39.285714285714285,56.46666666666667,2.0,0.11782008435690461,3.8066624897703196
2026-04-05,F004,Aviator Sunglasses,Fashion,ShadeCraft,8.0,29.99,35.01,39,1365.39,1053.39,77.15,28.56,120,1,6,4,Easter,0.0286,-2.8,33.89142857142857,1.1673891297099033,1.2258403361344539,45.0,38.857142857142854,56.56666666666667,2.0,0.15476974220565656,3.6635616461296463
2026-04-06,F004,Aviator Sunglasses,Fashion,ShadeCraft,8.0,29.99,33.43,47,1571.21,1195.21,76.07,33.24,121,0,0,4,Easter,0.0357,-2.8,33.80285714285714,1.114704901633878,1.0057160048134777,39.0,40.42857142857143,56.766666666666666,2.0,0.10858970767108948,3.8501476017100584
2026-04-07,F004,Aviator Sunglasses,Fashion,ShadeCraft,8.0,29.99,32.88,42,1380.96,1044.96,75.67,29.84,135,0,1,4,Easter,0.0429,-2.8,33.707142857142856,1.0963654551517175,1.1018766756032172,47.0,41.57142857142857,56.733333333333334,2.0,0.09200057742706165,3.7376696182833684
2026-04-08,F004,Aviator Sunglasses,Fashion,ShadeCraft,8.0,29.99,31.09,53,1647.77,1223.77,74.27,30.34,114,0,2,4,Easter,0.05,-2.8,33.34428571428571,1.0366788929643216,1.0247198417930126,42.0,43.42857142857143,57.266666666666666,2.0,0.036022231309744863,3.970291913552122
2026-04-09,F004,Aviator Sunglasses,Fashion,ShadeCraft,8.0,29.99,30.05,61,1833.05,1345.05,73.38,25.55,74,0,3,4,Easter,0.0571,-2.8,32.67285714285715,1.0020006668889632,1.1761252446183954,53.0,47.142857142857146,57.733333333333334,1.0,0.0019986682202990428,4.110873864173311
2026-04-10,F004,Aviator Sunglasses,Fashion,ShadeCraft,8.0,29.99,30.59,50,1529.5,1129.5,73.85,28.53,113,0,4,4,Easter,0.0643,-2.8,32.39857142857143,1.0200066688896299,1.072204696810375,61.0,48.142857142857146,57.96666666666667,2.0,0.019809165401894365,3.912023005428146
2026-04-11,F004,Aviator Sunglasses,Fashion,ShadeCraft,8.0,29.99,28.35,71,2012.85,1444.85,71.78,26.1,45,1,5,4,Easter,0.0714,-2.8,31.62857142857143,0.9453151050350118,1.0862068965517242,50.0,51.857142857142854,58.333333333333336,1.0,-0.05623696258715649,4.2626798770413155
2026-04-12,F004,Aviator Sunglasses,Fashion,ShadeCraft,8.0,29.99,26.57,97,2577.29,1801.29,69.89,29.25,5,1,6,4,Easter,0.1,-2.8,30.42285714285714,0.8859619873291098,0.9083760683760684,71.0,60.142857142857146,59.53333333333333,0.0,-0.12108123298919547,4.574710978503383
2026-04-13,F004,Aviator Sunglasses,Fashion,ShadeCraft,8.0,29.99,25.48,90,2293.2,1573.2,68.6,26.45,38,0,0,4,Easter,0.1,-2.8,29.28714285714286,0.8496165388462822,0.9633270321361059,97.0,66.28571428571429,59.9,1.0,-0.16297016205695503,4.499809670330265
2026-04-14,F004,Aviator Sunglasses,Fashion,ShadeCraft,8.0,29.99,26.51,79,2094.29,1462.29,69.82,28.17,35,0,1,4,Easter,0.1,-2.8,28.377142857142854,0.8839613204401469,0.9410720624778133,90.0,71.57142857142857,60.03333333333333,1.0,-0.12334197245998339,4.3694478524670215
2026-04-15,F004,Aviator Sunglasses,Fashion,ShadeCraft,8.0,29.99,26.51,78,2067.78,1443.78,69.82,26.59,49,0,2,4,Easter,0.1,-2.8,27.722857142857144,0.8839613204401469,0.9969913501316285,79.0,75.14285714285714,59.833333333333336,1.0,-0.12334197245998339,4.356708826689592
2026-04-16,F004,Aviator Sunglasses,Fashion,ShadeCraft,8.0,29.99,25.87,96,2483.52,1715.52,69.08,26.19,26,0,3,4,Easter,0.1,-2.8,27.125714285714285,0.8626208736245415,0.9877815960290187,78.0,80.14285714285714,60.86666666666667,1.0,-0.14777999656297994,4.564348191467836
2026-04-17,F004,Aviator Sunglasses,Fashion,ShadeCraft,8.0,29.99,26.04,83,2161.32,1497.32,69.28,27.01,48,0,4,4,Easter,0.1,-2.8,26.475714285714286,0.8682894298099366,0.9640873750462791,96.0,84.85714285714286,60.86666666666667,1.0,-0.14123017542054925,4.418840607796598
2026-04-18,F004,Aviator Sunglasses,Fashion,ShadeCraft,8.0,29.99,25.52,101,2577.52,1769.52,68.65,32.41,15,1,5,4,Easter,0.1,-2.8,26.071428571428573,0.8509503167722574,0.7874112928108609,83.0,89.14285714285714,61.6,0.0,-0.1614015342843286,4.61512051684126
2026-04-19,F004,Aviator Sunglasses,Fashion,ShadeCraft,8.0,29.99,25.56,103,2632.68,1808.68,68.7,28.05,5,1,6,4,Easter,0.0714,-2.8,25.927142857142858,0.8522840946982327,0.9112299465240641,101.0,90.0,62.1,0.0,-0.15983536325158368,4.634728988229636
2026-04-20,F004,Aviator Sunglasses,Fashion,ShadeCraft,8.0,29.99,24.84,82,2036.88,1380.88,67.79,30.39,22,0,0,4,Easter,0.0643,-2.8,25.835714285714285,0.828276092030677,0.8173741362290227,103.0,88.85714285714286,61.833333333333336,1.0,-0.1884087356956396,4.406719247264253
2026-04-21,F004,Aviator Sunglasses,Fashion,ShadeCraft,8.0,29.99,25.84,88,2273.92,1569.92,69.04,28.28,24,0,1,4,Easter,0.0571,-2.8,25.740000000000002,0.8616205401800601,0.9137199434229136,82.0,90.14285714285714,61.86666666666667,1.0,-0.14894031384651657,4.477336814478207
2026-04-22,F004,Aviator Sunglasses,Fashion,ShadeCraft,8.0,29.99,27.94,71,1983.74,1415.74,71.37,31.3,44,0,2,4,Easter,0.05,-2.8,25.944285714285716,0.9316438812937646,0.8926517571884984,88.0,89.14285714285714,62.06666666666667,1.0,-0.07080463893210191,4.2626798770413155
2026-04-23,F004,Aviator Sunglasses,Fashion,ShadeCraft,8.0,29.99,27.39,71,1944.69,1376.69,70.79,28.89,55,0,3,4,Easter,0.0429,-2.8,26.16142857142857,0.913304434811604,0.9480789200415368,71.0,85.57142857142857,62.733333333333334,1.0,-0.09068600948593084,4.2626798770413155
2026-04-24,F004,Aviator Sunglasses,Fashion,ShadeCraft,8.0,29.99,28.71,61,1751.31,1263.31,72.14,27.1,74,0,4,4,Easter,0.0357,-2.8,26.54285714285714,0.9573191063687897,1.059409594095941,71.0,82.42857142857143,63.03333333333333,1.0,-0.04361849862794503,4.110873864173311
2026-04-25,F004,Aviator Sunglasses,Fashion,ShadeCraft,8.0,29.99,29.63,65,1925.95,1405.95,73.0,34.32,65,1,5,4,Easter,0.0286,-2.8,27.13,0.9879959986662221,0.8633449883449883,61.0,77.28571428571429,63.43333333333333,1.0,-0.012076631175443801,4.174387269895637
2026-04-26,F004,Aviator Sunglasses,Fashion,ShadeCraft,8.0,29.99,30.32,65,1970.8,1450.8,73.61,31.14,58,1,6,4,Easter,0.0214,-2.8,27.810000000000002,1.0110036678892964,0.9736673089274245,65.0,71.85714285714286,64.03333333333333,1.0,0.010943568013253165,4.174387269895637
2026-04-27,F004,Aviator Sunglasses,Fashion,ShadeCraft,8.0,29.99,32.88,43,1413.84,1069.84,75.67,26.11,107,0,0,4,Easter,0.0143,-2.8,28.958571428571428,1.0963654551517175,1.2592876292608197,65.0,66.28571428571429,63.7,2.0,0.09200057742706165,3.7612001156935624
2026-04-28,F004,Aviator Sunglasses,Fashion,ShadeCraft,8.0,29.99,33.57,34,1141.38,869.38,76.17,28.69,118,0,1,4,Easter,0.0071,-2.8,30.062857142857144,1.1193731243747918,1.1700941094458,43.0,58.57142857142857,63.43333333333333,2.0,0.11276881823102597,3.5263605246161616
2026-04-29,F004,Aviator Sunglasses,Fashion,ShadeCraft,8.0,29.99,34.45,37,1274.65,978.65,76.78,28.93,111,0,2,4,Mothers Day,0.0129,-2.8,30.992857142857144,1.1487162387462488,1.190805392326305,34.0,53.714285714285715,63.46666666666667,2.0,0.13864500469874994,3.6109179126442243
2026-04-30,F004,Aviator Sunglasses,Fashion,ShadeCraft,8.0,29.99,33.33,38,1266.54,962.54,76.0,28.19,130,0,3,4,Mothers Day,0.0257,-2.8,31.84142857142857,1.1113704568189398,1.1823341610500175,37.0,49.0,63.6,2.0,0.10559389955873069,3.6375861597263857
2026-05-01,F004,Aviator Sunglasses,Fashion,ShadeCraft,8.0,29.99,35.72,40,1428.8,1108.8,77.6,28.75,133,0,4,5,Mothers Day,0.0386,-2.8,32.84285714285714,1.1910636878959653,1.2424347826086957,38.0,46.0,63.6,2.0,0.17484676324738055,3.6888794541139363
2026-05-02,F004,Aviator Sunglasses,Fashion,ShadeCraft,8.0,29.99,34.33,43,1476.19,1132.19,76.7,32.7,101,1,5,5,Mothers Day,0.0514,-2.8,33.51428571428572,1.1447149049683227,1.049847094801223,40.0,42.857142857142854,63.86666666666667,2.0,0.13515561470868293,3.7612001156935624
2026-05-03,F004,Aviator Sunglasses,Fashion,ShadeCraft,8.0,29.99,35.63,40,1425.2,1105.2,77.55,25.72,128,1,6,5,Mothers Day,0.0643,-2.8,34.27285714285714,1.188062687562521,1.3853032659409021,43.0,39.285714285714285,63.766666666666666,2.0,0.17232398685682718,3.6888794541139363
2026-05-04,F004,Aviator Sunglasses,Fashion,ShadeCraft,8.0,29.99,33.94,44,1493.36,1141.36,76.43,30.98,102,0,0,5,Mothers Day,0.0771,-2.8,34.424285714285716,1.1317105701900634,1.0955455132343446,40.0,39.42857142857143,63.733333333333334,2.0,0.12373026704516256,3.784189633918261
2026-05-05,F004,Aviator Sunglasses,Fashion,ShadeCraft,8.0,29.99,33.23,47,1561.81,1185.81,75.93,26.82,98,0,1,5,Mothers Day,0.09,-2.8,34.37571428571429,1.1080360120040014,1.239000745712155,44.0,41.285714285714285,64.0,2.0,0.10258908960558523,3.8501476017100584
2026-05-06,F004,Aviator Sunglasses,Fashion,ShadeCraft,8.0,29.99,33.33,47,1566.51,1190.51,76.0,26.6,98,0,2,5,Mothers Day,0.1029,-2.8,34.215714285714284,1.1113704568189398,1.2530075187969925,47.0,42.714285714285715,64.0,2.0,0.10559389955873069,3.8501476017100584
2026-05-07,F004,Aviator Sunglasses,Fashion,ShadeCraft,8.0,29.99,32.92,57,1876.44,1420.44,75.7,33.45,88,0,3,5,Mothers Day,0.1157,-2.8,34.15714285714286,1.0976992330776927,0.9841554559043348,47.0,45.42857142857143,64.5,2.0,0.09321638304795145,4.04305126783455
2026-05-08,F004,Aviator Sunglasses,Fashion,ShadeCraft,8.0,29.99,30.57,64,1956.48,1444.48,73.83,26.99,89,0,4,5,Mothers Day,0.1286,-2.8,33.42142857142857,1.0193397799266424,1.1326417191552427,57.0,48.857142857142854,64.86666666666666,2.0,0.019155143141825575,4.1588830833596715
2026-05-09,F004,Aviator Sunglasses,Fashion,ShadeCraft,8.0,29.99,29.94,71,2125.74,1557.74,73.28,32.33,52,1,5,5,Mothers Day,0.18,-2.8,32.794285714285714,0.9983327775925309,0.9260748530776369,64.0,52.857142857142854,65.2,1.0,-0.001668613769435348,4.2626798770413155
2026-05-10,F004,Aviator Sunglasses,Fashion,ShadeCraft,8.0,29.99,30.84,75,2313.0,1713.0,74.06,25.94,40,1,6,5,Mothers Day,0.18,-2.8,32.11,1.0283427809269756,1.1888974556669236,71.0,57.857142857142854,66.03333333333333,1.0,0.027948555934210983,4.31748811353631
2026-02-09,F005,Slim Fit Chinos,Fashion,UrbanThread,16.0,49.99,47.69,56,2670.64,1774.64,66.45,53.65,105,0,0,2,Valentines Day,0.1286,-2.0,47.69,0.9539907981596318,0.8889095992544268,56.0,56.0,56.0,2.0,-0.04710125311534611,4.02535169073515
2026-02-10,F005,Slim Fit Chinos,Fashion,UrbanThread,16.0,49.99,45.67,59,2694.53,1750.53,64.97,56.91,80,0,1,2,Valentines Day,0.1429,-2.0,46.68,0.9135827165433087,0.802495167808821,56.0,57.5,57.5,1.0,-0.09038135822857137,4.07753744390572
2026-02-11,F005,Slim Fit Chinos,Fashion,UrbanThread,16.0,49.99,43.65,71,3099.15,1963.15,63.34,56.13,61,0,2,2,Valentines Day,0.2,-2.0,45.669999999999995,0.8731746349269853,0.7776590058792089,59.0,62.0,62.0,1.0,-0.13561970313986785,4.2626798770413155
2026-02-12,F005,Slim Fit Chinos,Fashion,UrbanThread,16.0,49.99,46.62,66,3076.92,2020.92,65.68,47.62,65,0,3,2,Valentines Day,0.2,-2.0,45.9075,0.9325865173034606,0.9790004199916001,71.0,63.0,63.0,1.0,-0.06979335181786796,4.189654742026425
2026-02-13,F005,Slim Fit Chinos,Fashion,UrbanThread,16.0,49.99,43.83,78,3418.74,2170.74,63.5,54.4,62,0,4,2,Valentines Day,0.2,-2.0,45.492,0.8767753550710141,0.8056985294117647,66.0,66.0,66.0,1.0,-0.13150447099476129,4.356708826689592
2026-02-14,F005,Slim Fit Chinos,Fashion,UrbanThread,16.0,49.99,45.59,81,3692.79,2396.79,64.9,54.57,52,1,5,2,Valentines Day,0.2,-2.0,45.50833333333333,0.9119823964792959,0.8354407183434122,78.0,68.5,68.5,1.0,-0.0921345912001289,4.394449154672439
2026-02-15,F005,Slim Fit Chinos,Fashion,UrbanThread,16.0,49.99,42.02,89,3739.78,2315.78,61.92,48.52,29,1,6,2,Valentines Day,0.2,-2.0,45.01,0.8405681136227245,0.8660346248969497,81.0,71.42857142857143,71.42857142857143,1.0,-0.17367729000862464,4.48863636973214
2026-02-16,F005,Slim Fit Chinos,Fashion,UrbanThread,16.0,49.99,44.95,67,3011.65,1939.65,64.4,47.85,71,0,0,2,Valentines Day,0.2,-2.0,44.61857142857143,0.8991798359671934,0.9393939393939394,89.0,73.0,70.875,1.0,-0.10627222450784973,4.204692619390966
2026-02-17,F005,Slim Fit Chinos,Fashion,UrbanThread,16.0,49.99,43.41,69,2995.29,1891.29,63.14,50.68,50,0,1,2,Valentines Day,0.2,-2.0,44.29571428571428,0.8683736747349469,0.8565509076558799,67.0,74.42857142857143,70.66666666666667,1.0,-0.14113315611397695,4.23410650459726
2026-02-18,F005,Slim Fit Chinos,Fashion,UrbanThread,16.0,49.99,44.37,62,2750.94,1758.94,63.94,49.73,65,0,2,2,Valentines Day,0.1429,-2.0,44.39857142857143,0.8875775155031005,0.8922179770762115,69.0,73.14285714285714,69.8,1.0,-0.11925942003466102,4.127134385045092
2026-02-19,F005,Slim Fit Chinos,Fashion,UrbanThread,16.0,49.99,43.36,72,3121.92,1969.92,63.1,49.62,72,0,3,2,Valentines Day,0.1286,-2.0,43.93285714285714,0.867373474694939,0.8738411930673116,62.0,74.0,70.0,1.0,-0.14228562829408825,4.276666119016055
2026-02-20,F005,Slim Fit Chinos,Fashion,UrbanThread,16.0,49.99,47.2,59,2784.8,1840.8,66.1,46.27,80,0,4,2,Valentines Day,0.1143,-2.0,44.41428571428572,0.9441888377675536,1.0200994164685542,72.0,71.28571428571429,69.08333333333333,1.0,-0.05742909283396922,4.07753744390572
2026-02-21,F005,Slim Fit Chinos,Fashion,UrbanThread,16.0,49.99,45.19,69,3118.11,2014.11,64.59,42.51,44,1,5,2,Valentines Day,0.1,-2.0,44.357142857142854,0.9039807961592318,1.0630439896494943,59.0,69.57142857142857,69.07692307692308,1.0,-0.10094716200229076,4.23410650459726
2026-02-22,F005,Slim Fit Chinos,Fashion,UrbanThread,16.0,49.99,48.38,64,3096.32,2072.32,66.93,50.75,58,1,6,2,Valentines Day,0.0857,-2.0,45.26571428571429,0.9677935587117423,0.9533004926108375,69.0,66.0,68.71428571428571,1.0,-0.032736480243597814,4.1588830833596715
2026-02-23,F005,Slim Fit Chinos,Fashion,UrbanThread,16.0,49.99,49.44,57,2818.08,1906.08,67.64,53.46,97,0,0,2,Valentines Day,0.0714,-2.0,45.90714285714286,0.9889977995599118,0.924803591470258,64.0,64.57142857142857,67.93333333333334,2.0,-0.011063172276043793,4.04305126783455
2026-02-24,F005,Slim Fit Chinos,Fashion,UrbanThread,16.0,49.99,50.08,50,2504.0,1704.0,68.05,47.62,106,0,1,2,Valentines Day,0.0571,-2.0,46.86,1.0018003600720142,1.0516589668206635,57.0,61.857142857142854,66.8125,2.0,0.0017987413663639207,3.912023005428146
2026-02-25,F005,Slim Fit Chinos,Fashion,UrbanThread,16.0,49.99,51.02,43,2193.86,1505.86,68.64,54.73,118,0,2,2,Valentines Day,0.0429,-2.0,47.809999999999995,1.020604120824165,0.9322126804312079,50.0,59.142857142857146,65.41176470588235,2.0,0.020394727288186473,3.7612001156935624
2026-02-26,F005,Slim Fit Chinos,Fashion,UrbanThread,16.0,49.99,52.14,35,1824.9,1264.9,69.31,55.31,124,0,3,2,Valentines Day,0.0286,-2.0,49.06428571428571,1.043008601720344,0.9426866751039594,43.0,53.857142857142854,63.72222222222222,2.0,0.04210942307987655,3.5553480614894135
2026-02-27,F005,Slim Fit Chinos,Fashion,UrbanThread,16.0,49.99,55.2,40,2208.0,1568.0,71.01,45.22,117,0,4,2,Valentines Day,0.0143,-2.0,50.207142857142856,1.1042208441688337,1.2206988058381247,35.0,51.142857142857146,62.473684210526315,2.0,0.09913996785757058,3.6888794541139363
2026-02-28,F005,Slim Fit Chinos,Fashion,UrbanThread,16.0,49.99,56.34,39,2197.26,1573.26,71.6,50.52,127,1,5,2,Valentines Day,0.0,-2.0,51.800000000000004,1.1270254050810162,1.1152019002375297,40.0,46.857142857142854,61.3,2.0,0.11958177702274757,3.6635616461296463
2026-03-01,F005,Slim Fit Chinos,Fashion,UrbanThread,16.0,49.99,55.61,41,2280.01,1624.01,71.23,43.11,111,1,6,3,Valentines Day,0.0,-2.0,52.832857142857144,1.1124224844968993,1.2899559266991418,39.0,43.57142857142857,60.333333333333336,2.0,0.10654005577399354,3.713572066704308
