backend/data/features.csv
date,product_id,product_name,category,brand,cost,base_price,price,demand,revenue,profit,margin,competitor_price,stock,is_weekend,day_of_week,month,holiday_name,holiday_boost,elasticity,price_lag_7d,price_to_base,price_to_competitor,demand_lag_1d,demand_lag_7d,demand_lag_30d,stock_level,log_price_ratio,log_demand
2026-03-02,F005,Slim Fit Chinos,Fashion,UrbanThread,16.0,49.99,58.8,34,1999.2,1455.2,72.79,52.49,129,0,0,3,Valentines Day,0.0,-2.0,54.17,1.1762352470494097,1.1202133739759954,41.0,40.285714285714285,59.13636363636363,2.0,0.16231886947910212,3.5263605246161616
2026-03-03,F005,Slim Fit Chinos,Fashion,UrbanThread,16.0,49.99,57.52,37,2128.24,1536.24,72.18,46.37,108,0,1,3,Valentines Day,0.0,-2.0,55.23285714285714,1.150630126025205,1.240457192150097,34.0,38.42857142857143,58.17391304347826,2.0,0.1403097279873122,3.6109179126442243
2026-03-04,F005,Slim Fit Chinos,Fashion,UrbanThread,16.0,49.99,56.54,37,2091.98,1499.98,71.7,47.03,127,0,2,3,Valentines Day,0.0,-2.0,56.02142857142858,1.1310262052410482,1.2022113544546034,37.0,37.57142857142857,57.291666666666664,2.0,0.12312536683996532,3.6109179126442243
2026-03-05,F005,Slim Fit Chinos,Fashion,UrbanThread,16.0,49.99,60.14,35,2104.9,1544.9,73.4,44.98,125,0,3,3,Valentines Day,0.0,-2.0,57.16428571428571,1.2030406081216243,1.3370386838594932,37.0,37.57142857142857,56.4,2.0,0.18485219213490398,3.5553480614894135
2026-03-06,F005,Slim Fit Chinos,Fashion,UrbanThread,16.0,49.99,57.01,36,2052.36,1476.36,71.93,53.4,145,0,4,3,Valentines Day,0.0,-2.0,57.42285714285714,1.1404280856171234,1.0676029962546816,35.0,37.0,55.61538461538461,2.0,0.13140370561801148,3.58351893845611
2026-03-07,F005,Slim Fit Chinos,Fashion,UrbanThread,16.0,49.99,56.32,47,2647.04,1895.04,71.59,45.37,113,1,5,3,Valentines Day,0.0,-2.0,57.42000000000001,1.126625325065013,1.2413489089706855,36.0,38.142857142857146,55.2962962962963,2.0,0.11922672642430787,3.8501476017100584
2026-03-08,F005,Slim Fit Chinos,Fashion,UrbanThread,16.0,49.99,56.44,47,2652.68,1900.68,71.65,49.84,107,1,6,3,Valentines Day,0.0,-2.0,57.53857142857142,1.129025805161032,1.1324237560192616,47.0,39.0,55.0,2.0,0.12135514155913409,3.8501476017100584
2026-03-09,F005,Slim Fit Chinos,Fashion,UrbanThread,16.0,49.99,53.4,34,1815.6,1271.6,70.04,45.45,144,0,0,3,Valentines Day,0.0,-2.0,56.76714285714286,1.0682136427285456,1.1749174917491747,47.0,39.0,54.275862068965516,2.0,0.06598776054067004,3.5263605246161616
2026-03-10,F005,Slim Fit Chinos,Fashion,UrbanThread,16.0,49.99,54.43,36,1959.48,1383.48,70.6,49.06,119,0,1,3,Valentines Day,0.0,-2.0,56.32571428571429,1.0888177635527105,1.1094578067672238,34.0,38.857142857142854,53.666666666666664,2.0,0.08509248702062966,3.58351893845611
2026-03-11,F005,Slim Fit Chinos,Fashion,UrbanThread,16.0,49.99,47.03,55,2586.65,1706.65,65.98,56.48,107,0,2,3,Valentines Day,0.0,-2.0,54.96714285714285,0.9407881576315263,0.8326841359773371,36.0,41.42857142857143,53.63333333333333,2.0,-0.06103728946852234,4.007333185232471
2026-03-12,F005,Slim Fit Chinos,Fashion,UrbanThread,16.0,49.99,45.33,56,2538.48,1642.48,64.7,53.55,69,0,3,3,Valentines Day,0.0,-2.0,52.85142857142858,0.9067813562712542,0.8464985994397759,55.0,44.42857142857143,53.53333333333333,1.0,-0.09785392047272112,4.02535169073515
2026-03-13,F005,Slim Fit Chinos,Fashion,UrbanThread,16.0,49.99,43.82,58,2541.56,1613.56,63.49,56.3,64,0,4,3,Valentines Day,0.0,-2.0,50.96714285714286,0.8765753150630126,0.7783303730017762,56.0,47.57142857142857,53.1,1.0,-0.13173265125815858,4.060443010546419
2026-03-14,F005,Slim Fit Chinos,Fashion,UrbanThread,16.0,49.99,48.05,59,2834.95,1890.95,66.7,49.77,65,1,5,3,Valentines Day,0.0,-2.0,49.785714285714285,0.9611922384476894,0.9654410287321679,58.0,49.285714285714285,52.86666666666667,1.0,-0.03958085000917762,4.07753744390572
2026-03-15,F005,Slim Fit Chinos,Fashion,UrbanThread,16.0,49.99,44.44,69,3066.36,1962.36,64.0,51.7,51,1,6,3,Valentines Day,0.0,-2.0,48.07142857142856,0.8889777955591117,0.8595744680851063,59.0,52.42857142857143,52.56666666666667,1.0,-0.11768302065404987,4.23410650459726
2026-03-16,F005,Slim Fit Chinos,Fashion,UrbanThread,16.0,49.99,39.44,70,2760.8,1640.8,59.43,43.61,44,0,0,3,Valentines Day,0.0,-2.0,46.07714285714285,0.7889577915583116,0.9043797294198578,69.0,57.57142857142857,52.2,1.0,-0.23704245569104443,4.248495242049359
2026-03-17,F005,Slim Fit Chinos,Fashion,UrbanThread,16.0,49.99,42.13,68,2864.84,1776.84,62.02,45.42,64,0,1,3,Easter,0.0,-2.0,44.32,0.8427685537107422,0.9275649493615148,70.0,62.142857142857146,51.5,1.0,-0.17106290943455374,4.219507705176107
2026-03-18,F005,Slim Fit Chinos,Fashion,UrbanThread,16.0,49.99,41.06,69,2833.14,1729.14,61.03,43.04,44,0,2,3,Easter,0.0,-2.0,43.46714285714285,0.8213642728545709,0.9539962825278812,68.0,64.14285714285714,51.56666666666667,1.0,-0.19678857383469148,4.23410650459726
2026-03-19,F005,Slim Fit Chinos,Fashion,UrbanThread,16.0,49.99,42.41,61,2587.01,1611.01,62.27,55.15,68,0,3,3,Easter,0.0,-2.0,43.05,0.8483696739347869,0.7689936536718042,69.0,64.85714285714286,51.3,1.0,-0.1644388019389797,4.110873864173311
2026-03-20,F005,Slim Fit Chinos,Fashion,UrbanThread,16.0,49.99,42.08,64,2693.12,1669.12,61.98,49.23,75,0,4,3,Easter,0.0,-2.0,42.801428571428566,0.8417683536707341,0.8547633556774324,61.0,65.71428571428571,51.36666666666667,1.0,-0.1722504169960246,4.1588830833596715
2026-03-21,F005,Slim Fit Chinos,Fashion,UrbanThread,16.0,49.99,40.72,85,3461.2,2101.2,60.71,47.22,14,1,5,3,Easter,0.0,-2.0,41.75428571428571,0.8145629125825165,0.8623464633629818,64.0,69.42857142857143,51.8,0.0,-0.20510361318321174,4.442651256490317
2026-03-22,F005,Slim Fit Chinos,Fashion,UrbanThread,16.0,49.99,43.25,69,2984.25,1880.25,63.01,53.99,81,1,6,3,Easter,0.0,-2.0,41.58428571428571,0.8651730346069213,0.801074273013521,85.0,69.42857142857143,52.13333333333333,2.0,-0.14482575204759077,4.23410650459726
2026-03-23,F005,Slim Fit Chinos,Fashion,UrbanThread,16.0,49.99,47.98,53,2542.94,1694.94,66.65,46.77,99,0,0,3,Easter,0.0,-2.0,42.80428571428571,0.9597919583916782,1.0258712850117595,69.0,67.0,51.6,2.0,-0.04103872801393063,3.970291913552122
2026-03-24,F005,Slim Fit Chinos,Fashion,UrbanThread,16.0,49.99,45.21,43,1944.03,1256.03,64.61,53.86,105,0,1,3,Easter,0.0,-2.0,43.24428571428571,0.904380876175235,0.8393984404010397,53.0,63.42857142857143,50.9,2.0,-0.10050468411896527,3.7612001156935624
2026-03-25,F005,Slim Fit Chinos,Fashion,UrbanThread,16.0,49.99,49.21,47,2312.87,1560.87,67.49,43.33,105,0,2,3,Easter,0.0,-2.0,44.40857142857143,0.9843968793758752,1.135702746365105,43.0,60.285714285714285,50.56666666666667,2.0,-0.01572613054759216,3.8501476017100584
2026-03-26,F005,Slim Fit Chinos,Fashion,UrbanThread,16.0,49.99,50.3,48,2414.4,1646.4,68.19,50.69,94,0,3,3,Easter,0.0,-2.0,45.535714285714285,1.0062012402480496,0.9923061747879266,47.0,58.42857142857143,50.5,2.0,0.006182091680214498,3.871201010907891
2026-03-27,F005,Slim Fit Chinos,Fashion,UrbanThread,16.0,49.99,52.95,40,2118.0,1478.0,69.78,50.88,121,0,4,3,Easter,0.0,-2.0,47.08857142857143,1.0592118423684738,1.040683962264151,48.0,55.0,50.4,2.0,0.05752508662193654,3.6888794541139363
2026-03-28,F005,Slim Fit Chinos,Fashion,UrbanThread,16.0,49.99,52.88,49,2591.12,1807.12,69.74,51.54,85,1,5,3,Easter,0.0,-2.0,48.82571428571429,1.0578115623124624,1.025999223903764,40.0,49.857142857142854,50.86666666666667,2.0,0.05620221011795179,3.8918202981106265
2026-03-29,F005,Slim Fit Chinos,Fashion,UrbanThread,16.0,49.99,55.09,44,2423.96,1719.96,70.96,51.12,97,1,6,3,Easter,0.0,-2.0,50.51714285714286,1.1020204040808161,1.0776604068857591,49.0,46.285714285714285,51.0,2.0,0.09714522605914615,3.784189633918261
2026-03-30,F005,Slim Fit Chinos,Fashion,UrbanThread,16.0,49.99,57.76,36,2079.36,1503.36,72.3,48.59,143,0,0,3,Easter,0.0,-2.0,51.91428571428571,1.1554310862172434,1.1887219592508746,44.0,43.857142857142854,50.9,2.0,0.1444735091590918,3.58351893845611
2026-03-31,F005,Slim Fit Chinos,Fashion,UrbanThread,16.0,49.99,57.61,35,2016.35,1456.35,72.23,51.84,115,0,1,3,Easter,0.0,-2.0,53.68571428571429,1.1524304860972194,1.111304012345679,36.0,42.714285714285715,50.7,2.0,0.14187317831881274,3.5553480614894135
2026-04-01,F005,Slim Fit Chinos,Fashion,UrbanThread,16.0,49.99,55.63,35,1947.05,1387.05,71.24,56.12,140,0,2,4,Easter,0.0,-2.0,54.60285714285714,1.1128225645129026,0.9912687099073415,35.0,41.0,50.733333333333334,2.0,0.10689963866172289,3.5553480614894135
2026-04-02,F005,Slim Fit Chinos,Fashion,UrbanThread,16.0,49.99,55.66,41,2282.06,1626.06,71.25,45.25,128,0,3,4,Easter,0.0071,-2.0,55.368571428571435,1.1134226845369073,1.2300552486187843,35.0,40.0,50.86666666666667,2.0,0.10743877067226565,3.713572066704308
2026-04-03,F005,Slim Fit Chinos,Fashion,UrbanThread,16.0,49.99,55.14,38,2095.32,1487.32,70.98,51.74,106,0,4,4,Easter,0.0143,-2.0,55.68142857142857,1.1030206041208241,1.0657131812910707,41.0,39.714285714285715,50.9,2.0,0.09805242017017167,3.6375861597263857
2026-04-04,F005,Slim Fit Chinos,Fashion,UrbanThread,16.0,49.99,56.58,35,1980.3,1420.3,71.72,44.71,149,1,5,4,Easter,0.0214,-2.0,56.209999999999994,1.1318263652730545,1.2654887049876984,38.0,37.714285714285715,50.9,2.0,0.12383258044794201,3.5553480614894135
2026-04-05,F005,Slim Fit Chinos,Fashion,UrbanThread,16.0,49.99,55.9,42,2347.8,1675.8,71.38,45.54,127,1,6,4,Easter,0.0286,-2.0,56.32571428571429,1.1182236447289458,1.227492314448836,35.0,37.42857142857143,51.1,2.0,0.11174139473557446,3.7376696182833684
2026-04-06,F005,Slim Fit Chinos,Fashion,UrbanThread,16.0,49.99,58.08,30,1742.4,1262.4,72.45,42.81,121,0,0,4,Easter,0.0357,-2.0,56.371428571428574,1.1618323664732946,1.3566923615977575,42.0,36.57142857142857,50.53333333333333,2.0,0.1499983850910616,3.4011973816621555
2026-04-07,F005,Slim Fit Chinos,Fashion,UrbanThread,16.0,49.99,56.36,37,2085.32,1493.32,71.61,55.77,109,0,1,4,Easter,0.0429,-2.0,56.19285714285714,1.1274254850970193,1.0105791644253181,30.0,36.857142857142854,50.2,2.0,0.11993670160500042,3.6109179126442243
2026-04-08,F005,Slim Fit Chinos,Fashion,UrbanThread,16.0,49.99,54.33,41,2227.53,1571.53,70.55,48.31,131,0,2,4,Easter,0.05,-2.0,56.00714285714286,1.0868173634726945,1.1246118815980128,37.0,37.714285714285715,50.43333333333333,2.0,0.0832535751379527,3.713572066704308
2026-04-09,F005,Slim Fit Chinos,Fashion,UrbanThread,16.0,49.99,49.9,54,2694.6,1830.6,67.94,56.56,83,0,3,4,Easter,0.0571,-2.0,55.18428571428571,0.9981996399279855,0.8822489391796322,41.0,39.57142857142857,51.03333333333333,2.0,-0.0018019826680060586,3.9889840465642745
2026-04-10,F005,Slim Fit Chinos,Fashion,UrbanThread,16.0,49.99,51.84,42,2177.28,1505.28,69.14,53.97,133,0,4,4,Easter,0.0643,-2.0,54.712857142857146,1.0370074014802961,0.9605336297943302,54.0,40.142857142857146,50.6,2.0,0.03633906661854033,3.7376696182833684
2026-04-11,F005,Slim Fit Chinos,Fashion,UrbanThread,16.0,49.99,49.32,55,2712.6,1832.6,67.56,53.57,73,1,5,4,Easter,0.0714,-2.0,53.675714285714285,0.9865973194638927,0.9206645510546948,42.0,43.0,50.56666666666667,1.0,-0.013493307129335491,4.007333185232471
2026-04-12,F005,Slim Fit Chinos,Fashion,UrbanThread,16.0,49.99,44.69,68,3038.92,1950.92,64.2,47.06,83,1,6,4,Easter,0.1,-2.0,52.074285714285715,0.8939787957591517,0.9496387590310241,55.0,46.714285714285715,50.9,2.0,-0.11207322248011896,4.219507705176107
2026-04-13,F005,Slim Fit Chinos,Fashion,UrbanThread,16.0,49.99,47.61,60,2856.6,1896.6,66.39,57.14,75,0,0,4,Easter,0.1,-2.0,50.57857142857143,0.952390478095619,0.8332166608330417,68.0,51.0,50.93333333333333,1.0,-0.04878016221905167,4.0943445622221
2026-04-14,F005,Slim Fit Chinos,Fashion,UrbanThread,16.0,49.99,43.98,72,3166.56,2014.56,63.62,55.53,43,0,1,4,Easter,0.1,-2.0,48.809999999999995,0.8797759551910381,0.7920043219881144,60.0,56.0,51.03333333333333,1.0,-0.12808800029886397,4.276666119016055
2026-04-15,F005,Slim Fit Chinos,Fashion,UrbanThread,16.0,49.99,45.21,58,2622.18,1694.18,64.61,48.4,88,0,2,4,Easter,0.1,-2.0,47.50714285714286,0.904380876175235,0.9340909090909091,72.0,58.42857142857143,50.63333333333333,2.0,-0.10050468411896527,4.060443010546419
2026-04-16,F005,Slim Fit Chinos,Fashion,UrbanThread,16.0,49.99,45.3,60,2718.0,1758.0,64.68,45.92,62,0,3,4,Easter,0.1,-2.0,46.85,0.9061812362472493,0.9864982578397211,58.0,59.285714285714285,50.36666666666667,1.0,-0.09851595293649078,4.0943445622221
2026-04-17,F005,Slim Fit Chinos,Fashion,UrbanThread,16.0,49.99,42.17,60,2530.2,1570.2,62.06,45.01,74,0,4,4,Easter,0.1,-2.0,45.46857142857142,0.8435687137427486,0.9369029104643414,60.0,61.857142857142854,50.06666666666667,1.0,-0.1701139176670105,4.0943445622221
2026-04-18,F005,Slim Fit Chinos,Fashion,UrbanThread,16.0,49.99,41.62,83,3454.46,2126.46,61.56,51.24,49,1,5,4,Easter,0.1,-2.0,44.36857142857143,0.8325665133026604,0.8122560499609679,60.0,65.85714285714286,50.8,1.0,-0.18324216445999078,4.418840607796598
2026-04-19,F005,Slim Fit Chinos,Fashion,UrbanThread,16.0,49.99,43.32,69,2989.08,1885.08,63.07,52.46,59,1,6,4,Easter,0.0714,-2.0,44.17285714285714,0.8665733146629325,0.8257720167746855,83.0,66.0,50.96666666666667,1.0,-0.1432085632926892,4.23410650459726
2026-04-20,F005,Slim Fit Chinos,Fashion,UrbanThread,16.0,49.99,42.39,77,3264.03,2032.03,62.26,50.06,26,0,0,4,Easter,0.0643,-2.0,43.42714285714285,0.8479695939187837,0.8467838593687574,69.0,68.42857142857143,50.7,1.0,-0.16491050006093333,4.343805421853684
2026-04-21,F005,Slim Fit Chinos,Fashion,UrbanThread,16.0,49.99,46.02,63,2899.26,1891.26,65.23,43.07,69,0,1,4,Easter,0.0571,-2.0,43.71857142857143,0.9205841168233647,1.0684931506849316,77.0,67.14285714285714,50.5,1.0,-0.08274690081825913,4.143134726391533
2026-04-22,F005,Slim Fit Chinos,Fashion,UrbanThread,16.0,49.99,45.5,60,2730.0,1770.0,64.84,50.02,96,0,2,4,Easter,0.05,-2.0,43.76,0.9101820364072815,0.9096361455417832,63.0,67.42857142857143,50.733333333333334,2.0,-0.09411065946857426,4.0943445622221
2026-04-23,F005,Slim Fit Chinos,Fashion,UrbanThread,16.0,49.99,47.87,59,2824.33,1880.33,66.58,54.46,97,0,3,4,Easter,0.0429,-2.0,44.127142857142864,0.9575915183036606,0.8789937568857876,60.0,67.28571428571429,51.266666666666666,2.0,-0.043333982021061444,4.07753744390572
2026-04-24,F005,Slim Fit Chinos,Fashion,UrbanThread,16.0,49.99,46.15,44,2030.6,1326.6,65.33,48.28,131,0,4,4,Easter,0.0357,-2.0,44.69571428571429,0.9231846369273854,0.9558823529411764,59.0,65.0,51.166666666666664,2.0,-0.07992602447661792,3.784189633918261
2026-04-25,F005,Slim Fit Chinos,Fashion,UrbanThread,16.0,49.99,49.22,57,2805.54,1893.54,67.49,55.43,85,1,5,4,Easter,0.0286,-2.0,45.78142857142858,0.9845969193838767,0.8879668049792531,44.0,61.285714285714285,51.46666666666667,2.0,-0.015522940462569239,4.04305126783455
2026-04-26,F005,Slim Fit Chinos,Fashion,UrbanThread,16.0,49.99,51.68,48,2480.64,1712.64,69.04,48.75,119,1,6,4,Easter,0.0214,-2.0,46.97571428571428,1.0338067613522703,1.060102564102564,57.0,58.285714285714285,51.733333333333334,2.0,0.03324787404886731,3.871201010907891
2026-04-27,F005,Slim Fit Chinos,Fashion,UrbanThread,16.0,49.99,53.83,39,2099.37,1475.37,70.28,50.86,104,0,0,4,Easter,0.0143,-2.0,48.61000000000001,1.0768153630726145,1.0583955957530475,48.0,52.857142857142854,51.4,2.0,0.0740079471473869,3.6635616461296463
2026-04-28,F005,Slim Fit Chinos,Fashion,UrbanThread,16.0,49.99,54.42,41,2231.22,1575.22,70.6,46.85,117,0,1,4,Easter,0.0071,-2.0,49.809999999999995,1.088617723544709,1.1615795090715049,39.0,49.714285714285715,51.3,2.0,0.08490874792962128,3.713572066704308
2026-04-29,F005,Slim Fit Chinos,Fashion,UrbanThread,16.0,49.99,54.91,41,2251.31,1595.31,70.86,45.38,103,0,2,4,Mothers Day,0.0129,-2.0,51.15428571428571,1.0984196839367872,1.2100044072278535,41.0,47.0,51.46666666666667,2.0,0.09387249586530215,3.713572066704308
2026-04-30,F005,Slim Fit Chinos,Fashion,UrbanThread,16.0,49.99,57.96,33,1912.68,1384.68,72.39,49.56,123,0,3,4,Mothers Day,0.0257,-2.0,52.59571428571428,1.1594318863772755,1.1694915254237288,41.0,43.285714285714285,51.4,2.0,0.14793013202700264,3.4965075614664802
2026-05-01,F005,Slim Fit Chinos,Fashion,UrbanThread,16.0,49.99,56.4,39,2199.6,1575.6,71.63,56.59,116,0,4,5,Mothers Day,0.0386,-2.0,54.06,1.1282256451290258,0.996642516345644,33.0,42.57142857142857,51.53333333333333,2.0,0.1206461730785342,3.6635616461296463
2026-05-02,F005,Slim Fit Chinos,Fashion,UrbanThread,16.0,49.99,57.43,48,2756.64,1988.64,72.14,45.18,120,1,5,5,Mothers Day,0.0514,-2.0,55.23285714285714,1.1488297659531905,1.2711376715360778,39.0,41.285714285714285,51.766666666666666,2.0,0.13874382945072605,3.871201010907891
2026-05-03,F005,Slim Fit Chinos,Fashion,UrbanThread,16.0,49.99,60.17,42,2527.14,1855.14,73.41,57.24,98,1,6,5,Mothers Day,0.0643,-2.0,56.44571428571429,1.2036407281456292,1.0511879804332633,48.0,40.42857142857143,51.9,2.0,0.18535090380678143,3.7376696182833684
2026-05-04,F005,Slim Fit Chinos,Fashion,UrbanThread,16.0,49.99,57.54,40,2301.6,1661.6,72.19,46.72,107,0,0,5,Mothers Day,0.0771,-2.0,56.97571428571428,1.151030206041208,1.2315924657534247,42.0,40.57142857142857,52.06666666666667,2.0,0.14065737269792272,3.6888794541139363
2026-05-05,F005,Slim Fit Chinos,Fashion,UrbanThread,16.0,49.99,55.77,46,2565.42,1829.42,71.31,49.51,112,0,1,5,Mothers Day,0.09,-2.0,57.16857142857143,1.115623124624925,1.1264391032114724,40.0,41.285714285714285,52.2,2.0,0.10941310497598343,3.828641396489095
2026-05-06,F005,Slim Fit Chinos,Fashion,UrbanThread,16.0,49.99,54.94,47,2582.18,1830.18,70.88,54.24,86,0,2,5,Mothers Day,0.1029,-2.0,57.17285714285714,1.0990198039607921,1.012905604719764,46.0,42.142857142857146,52.766666666666666,2.0,0.09441869524164878,3.8501476017100584
2026-05-07,F005,Slim Fit Chinos,Fashion,UrbanThread,16.0,49.99,54.99,49,2694.51,1910.51,70.9,48.98,103,0,3,5,Mothers Day,0.1157,-2.0,56.74857142857143,1.1000200040008001,1.1227031441404656,47.0,44.42857142857143,53.166666666666664,2.0,0.09532836509424432,3.8918202981106265
2026-05-08,F005,Slim Fit Chinos,Fashion,UrbanThread,16.0,49.99,49.46,57,2819.22,1907.22,67.65,55.8,102,0,4,5,Mothers Day,0.1286,-2.0,55.75714285714285,0.9893978795759152,0.8863799283154122,49.0,47.0,53.7,2.0,-0.010658723332208844,4.04305126783455
2026-05-09,F005,Slim Fit Chinos,Fashion,UrbanThread,16.0,49.99,53.19,54,2872.26,2008.26,69.92,56.39,110,1,5,5,Mothers Day,0.18,-2.0,55.15142857142858,1.064012802560512,0.9432523497073949,57.0,47.857142857142854,53.7,2.0,0.06204742332874713,3.9889840465642745
2026-05-10,F005,Slim Fit Chinos,Fashion,UrbanThread,16.0,49.99,45.48,88,4002.24,2594.24,64.82,46.67,42,1,6,5,Mothers Day,0.18,-2.0,53.05285714285714,0.9097819563912781,0.9745018212984786,54.0,54.42857142857143,55.233333333333334,1.0,-0.09455031654314384,4.477336814478207
