backend/data/features.csv
date,product_id,product_name,category,brand,cost,base_price,price,demand,revenue,profit,margin,competitor_price,stock,is_weekend,day_of_week,month,holiday_name,holiday_boost,elasticity,price_lag_7d,price_to_base,price_to_competitor,demand_lag_1d,demand_lag_7d,demand_lag_30d,stock_level,log_price_ratio,log_demand
2026-02-09,F006,Minimalist Watch,Fashion,TimeLess,35.0,145.0,146.06,41,5988.46,4553.46,76.04,135.54,109,0,0,2,Valentines Day,0.1286,-1.3,146.06,1.0073103448275862,1.0776154640696474,41.0,41.0,41.0,2.0,0.007283753771389284,3.713572066704308
2026-02-10,F006,Minimalist Watch,Fashion,TimeLess,35.0,145.0,140.96,46,6484.16,4874.16,75.17,126.84,94,0,1,2,Valentines Day,0.1429,-1.3,143.51,0.9721379310344828,1.1113213497319459,41.0,43.5,43.5,2.0,-0.028257580232705023,3.828641396489095
2026-02-11,F006,Minimalist Watch,Fashion,TimeLess,35.0,145.0,138.3,40,5532.0,4132.0,74.69,134.51,113,0,2,2,Valentines Day,0.2,-1.3,141.77333333333334,0.953793103448276,1.028176343766263,46.0,42.333333333333336,42.333333333333336,2.0,-0.047308503749861786,3.6888794541139363
2026-02-12,F006,Minimalist Watch,Fashion,TimeLess,35.0,145.0,131.1,53,6948.3,5093.3,73.3,165.3,112,0,3,2,Valentines Day,0.2,-1.3,139.10500000000002,0.9041379310344827,0.793103448275862,40.0,45.0,45.0,2.0,-0.10077335165092031,3.970291913552122
2026-02-13,F006,Minimalist Watch,Fashion,TimeLess,35.0,145.0,132.31,46,6086.26,4476.26,73.55,162.82,88,0,4,2,Valentines Day,0.2,-1.3,137.746,0.9124827586206896,0.8126151578430169,53.0,45.2,45.2,2.0,-0.09158608836625481,3.828641396489095
2026-02-14,F006,Minimalist Watch,Fashion,TimeLess,35.0,145.0,126.36,70,8845.2,6395.2,72.3,123.87,50,1,5,2,Valentines Day,0.2,-1.3,135.84833333333333,0.871448275862069,1.020101719544684,46.0,49.333333333333336,49.333333333333336,1.0,-0.13759876648668995,4.248495242049359
2026-02-15,F006,Minimalist Watch,Fashion,TimeLess,35.0,145.0,132.39,60,7943.4,5843.4,73.56,155.14,100,1,6,2,Valentines Day,0.2,-1.3,135.3542857142857,0.9130344827586206,0.8533582570581411,70.0,50.857142857142854,50.857142857142854,2.0,-0.09098163047100892,4.0943445622221
2026-02-16,F006,Minimalist Watch,Fashion,TimeLess,35.0,145.0,124.78,50,6239.0,4489.0,71.95,146.45,96,0,0,2,Valentines Day,0.2,-1.3,132.31428571428572,0.860551724137931,0.8520314100375556,60.0,52.142857142857146,50.75,2.0,-0.15018155573793412,3.912023005428146
2026-02-17,F006,Minimalist Watch,Fashion,TimeLess,35.0,145.0,123.34,65,8017.1,5742.1,71.62,149.49,59,0,1,2,Valentines Day,0.2,-1.3,129.79714285714286,0.8506206896551725,0.8250719111646264,50.0,54.857142857142854,52.333333333333336,1.0,-0.1617889728572276,4.174387269895637
2026-02-18,F006,Minimalist Watch,Fashion,TimeLess,35.0,145.0,132.44,54,7151.76,5261.76,73.57,145.66,112,0,2,2,Valentines Day,0.1429,-1.3,128.96,0.9133793103448276,0.9092406975147604,65.0,56.857142857142854,52.5,2.0,-0.09060402974152891,3.9889840465642745
2026-02-19,F006,Minimalist Watch,Fashion,TimeLess,35.0,145.0,119.33,65,7756.45,5481.45,70.67,156.84,57,0,3,2,Valentines Day,0.1286,-1.3,127.27857142857144,0.8229655172413793,0.7608390716653914,54.0,58.57142857142857,53.63636363636363,1.0,-0.19484097803901002,4.174387269895637
2026-02-20,F006,Minimalist Watch,Fashion,TimeLess,35.0,145.0,122.04,51,6224.04,4439.04,71.32,142.03,109,0,4,2,Valentines Day,0.1143,-1.3,125.81142857142858,0.8416551724137932,0.8592550869534605,65.0,59.285714285714285,53.416666666666664,2.0,-0.17238488257210544,3.9318256327243257
2026-02-21,F006,Minimalist Watch,Fashion,TimeLess,35.0,145.0,138.54,54,7481.16,5591.16,74.74,148.33,86,1,5,2,Valentines Day,0.1,-1.3,127.55142857142857,0.9554482758620689,0.9339985168206025,51.0,57.0,53.46153846153846,2.0,-0.04557464982611545,3.9889840465642745
2026-02-22,F006,Minimalist Watch,Fashion,TimeLess,35.0,145.0,133.59,59,7881.81,5816.81,73.8,133.01,82,1,6,2,Valentines Day,0.0857,-1.3,127.72285714285714,0.9213103448275862,1.004360574392903,54.0,56.857142857142854,53.857142857142854,2.0,-0.08195833441885368,4.07753744390572
2026-02-23,F006,Minimalist Watch,Fashion,TimeLess,35.0,145.0,141.19,53,7483.07,5628.07,75.21,142.63,113,0,0,2,Valentines Day,0.0714,-1.3,130.06714285714287,0.9737241379310345,0.9899039472761691,59.0,57.285714285714285,53.8,2.0,-0.026627241399140657,3.970291913552122
2026-02-24,F006,Minimalist Watch,Fashion,TimeLess,35.0,145.0,149.68,42,6286.56,4816.56,76.62,129.32,119,0,1,2,Valentines Day,0.0571,-1.3,133.82999999999998,1.0322758620689656,1.1574389112279617,53.0,54.0,53.0625,2.0,0.03176593954525985,3.7376696182833684
2026-02-25,F006,Minimalist Watch,Fashion,TimeLess,35.0,145.0,150.54,43,6473.22,4968.22,76.75,154.48,109,0,2,2,Valentines Day,0.0429,-1.3,136.41571428571427,1.0382068965517242,0.9744950802692905,42.0,52.42857142857143,52.470588235294116,2.0,0.037495087185811536,3.7612001156935624
2026-02-26,F006,Minimalist Watch,Fashion,TimeLess,35.0,145.0,153.45,36,5524.2,4264.2,77.19,140.41,143,0,3,2,Valentines Day,0.0286,-1.3,141.29,1.0582758620689654,1.0928708781425824,43.0,48.285714285714285,51.55555555555556,2.0,0.056641038645170665,3.58351893845611
2026-02-27,F006,Minimalist Watch,Fashion,TimeLess,35.0,145.0,161.09,35,5638.15,4413.15,78.27,165.3,128,0,4,2,Valentines Day,0.0143,-1.3,146.8685714285714,1.1109655172413793,0.9745311554748941,36.0,46.0,50.68421052631579,2.0,0.10522947258929977,3.5553480614894135
2026-02-28,F006,Minimalist Watch,Fashion,TimeLess,35.0,145.0,162.43,34,5522.62,4332.62,78.45,153.17,123,1,5,2,Valentines Day,0.0,-1.3,150.28142857142856,1.1202068965517242,1.060455702813867,35.0,43.142857142857146,49.85,2.0,0.11351339731073011,3.5263605246161616
2026-03-01,F006,Minimalist Watch,Fashion,TimeLess,35.0,145.0,163.26,38,6203.88,4873.88,78.56,138.63,117,1,6,3,Valentines Day,0.0,-1.3,154.52,1.1259310344827587,1.177667171607877,34.0,40.142857142857146,49.285714285714285,2.0,0.11861027960263557,3.6375861597263857
2026-03-02,F006,Minimalist Watch,Fashion,TimeLess,35.0,145.0,156.89,36,5648.04,4388.04,77.69,131.61,120,0,0,3,Valentines Day,0.0,-1.3,156.76285714285714,1.0819999999999999,1.1920826684902361,38.0,37.714285714285715,48.68181818181818,2.0,0.07881118042428964,3.58351893845611
2026-03-03,F006,Minimalist Watch,Fashion,TimeLess,35.0,145.0,166.33,35,5821.55,4596.55,78.96,142.6,133,0,1,3,Valentines Day,0.0,-1.3,159.14142857142858,1.1471034482758622,1.1664095371669005,36.0,36.714285714285715,48.08695652173913,2.0,0.13724002438186927,3.5553480614894135
2026-03-04,F006,Minimalist Watch,Fashion,TimeLess,35.0,145.0,171.67,35,6008.45,4783.45,79.61,149.67,114,0,2,3,Valentines Day,0.0,-1.3,162.16,1.1839310344827585,1.14699004476515,35.0,35.57142857142857,47.541666666666664,2.0,0.16884028686226335,3.5553480614894135
2026-03-05,F006,Minimalist Watch,Fashion,TimeLess,35.0,145.0,163.69,35,5729.15,4504.15,78.62,149.18,140,0,3,3,Valentines Day,0.0,-1.3,163.62285714285716,1.1288965517241378,1.0972650489341733,35.0,35.42857142857143,47.04,2.0,0.12124065273568874,3.5553480614894135
2026-03-06,F006,Minimalist Watch,Fashion,TimeLess,35.0,145.0,166.05,33,5479.65,4324.65,78.92,124.57,148,0,4,3,Valentines Day,0.0,-1.3,164.33142857142857,1.1451724137931034,1.3329854700168582,35.0,35.142857142857146,46.5,2.0,0.13555520540218113,3.4965075614664802
2026-03-07,F006,Minimalist Watch,Fashion,TimeLess,35.0,145.0,154.71,42,6497.82,5027.82,77.38,129.07,134,1,5,3,Valentines Day,0.0,-1.3,163.22857142857143,1.0669655172413794,1.1986518943209112,33.0,36.285714285714285,46.333333333333336,2.0,0.064818654310403,3.7376696182833684
2026-03-08,F006,Minimalist Watch,Fashion,TimeLess,35.0,145.0,163.03,35,5706.05,4481.05,78.53,146.95,115,1,6,3,Valentines Day,0.0,-1.3,163.19571428571427,1.124344827586207,1.1094249744811162,42.0,35.857142857142854,45.92857142857143,2.0,0.11720049053098854,3.5553480614894135
2026-03-09,F006,Minimalist Watch,Fashion,TimeLess,35.0,145.0,149.56,36,5384.16,4124.16,76.6,132.54,124,0,0,3,Valentines Day,0.0,-1.3,162.14857142857142,1.0314482758620689,1.1284140636788895,35.0,35.857142857142854,45.58620689655172,2.0,0.03096390768833849,3.58351893845611
2026-03-10,F006,Minimalist Watch,Fashion,TimeLess,35.0,145.0,145.28,43,6247.04,4742.04,75.91,139.2,110,0,1,3,Valentines Day,0.0,-1.3,159.14142857142858,1.0019310344827586,1.0436781609195402,36.0,37.0,45.5,2.0,0.0019291724324086946,3.7612001156935624
2026-03-11,F006,Minimalist Watch,Fashion,TimeLess,35.0,145.0,142.26,44,6259.44,4719.44,75.4,126.21,105,0,2,3,Valentines Day,0.0,-1.3,154.94,0.981103448275862,1.1271690040408842,43.0,38.285714285714285,45.6,2.0,-0.019077373115205312,3.784189633918261
2026-03-12,F006,Minimalist Watch,Fashion,TimeLess,35.0,145.0,140.67,36,5064.12,3804.12,75.12,157.08,142,0,3,3,Valentines Day,0.0,-1.3,151.65142857142857,0.9701379310344826,0.8955309396485865,44.0,38.42857142857143,45.266666666666666,2.0,-0.030317020650969893,3.58351893845611
2026-03-13,F006,Minimalist Watch,Fashion,TimeLess,35.0,145.0,134.37,48,6449.76,4769.76,73.95,153.14,97,0,4,3,Valentines Day,0.0,-1.3,147.1257142857143,0.9266896551724139,0.877432414783858,36.0,40.57142857142857,45.53333333333333,2.0,-0.07613655353325592,3.871201010907891
2026-03-14,F006,Minimalist Watch,Fashion,TimeLess,35.0,145.0,132.89,51,6777.39,4992.39,73.66,123.68,94,1,5,3,Valentines Day,0.0,-1.3,144.00857142857143,0.9164827586206895,1.074466364812419,48.0,41.857142857142854,45.46666666666667,2.0,-0.0872120240771582,3.9318256327243257
2026-03-15,F006,Minimalist Watch,Fashion,TimeLess,35.0,145.0,134.14,47,6304.58,4659.58,73.91,156.58,98,1,6,3,Valentines Day,0.0,-1.3,139.8814285714286,0.925103448275862,0.8566866777366201,51.0,43.57142857142857,45.5,2.0,-0.07784971174898331,3.8501476017100584
2026-03-16,F006,Minimalist Watch,Fashion,TimeLess,35.0,145.0,123.57,53,6549.21,4694.21,71.68,142.67,103,0,0,3,Valentines Day,0.0,-1.3,136.16857142857143,0.8522068965517241,0.866124623256466,47.0,46.0,44.93333333333333,2.0,-0.15992594530447538,3.970291913552122
2026-03-17,F006,Minimalist Watch,Fashion,TimeLess,35.0,145.0,127.28,43,5473.04,3968.04,72.5,149.77,131,0,1,3,Easter,0.0,-1.3,133.59714285714284,0.8777931034482759,0.8498364158376176,53.0,46.0,44.36666666666667,2.0,-0.13034435839104294,3.7612001156935624
2026-03-18,F006,Minimalist Watch,Fashion,TimeLess,35.0,145.0,125.43,46,5769.78,4159.78,72.1,147.97,99,0,2,3,Easter,0.0,-1.3,131.19285714285715,0.8650344827586207,0.8476718253700075,43.0,46.285714285714285,44.233333333333334,2.0,-0.14498590838399103,3.828641396489095
2026-03-19,F006,Minimalist Watch,Fashion,TimeLess,35.0,145.0,114.39,54,6177.06,4287.06,69.4,148.45,108,0,3,3,Easter,0.0,-1.3,127.43857142857144,0.788896551724138,0.7705624789491412,46.0,48.857142857142854,43.86666666666667,2.0,-0.23712007988299227,3.9889840465642745
2026-03-20,F006,Minimalist Watch,Fashion,TimeLess,35.0,145.0,132.79,49,6506.71,4791.71,73.64,145.82,84,0,4,3,Easter,0.0,-1.3,127.21285714285715,0.9157931034482758,0.9106432588122343,54.0,49.0,43.7,2.0,-0.08796480941833833,3.8918202981106265
2026-03-21,F006,Minimalist Watch,Fashion,TimeLess,35.0,145.0,125.96,49,6172.04,4457.04,72.21,136.75,89,1,5,3,Easter,0.0,-1.3,126.22285714285714,0.8686896551724137,0.9210968921389396,49.0,48.714285714285715,43.166666666666664,2.0,-0.1407693461877506,3.8918202981106265
2026-03-22,F006,Minimalist Watch,Fashion,TimeLess,35.0,145.0,119.98,60,7198.8,5098.8,70.83,134.48,79,1,6,3,Easter,0.0,-1.3,124.20000000000002,0.827448275862069,0.892177275431291,49.0,50.57142857142857,43.46666666666667,1.0,-0.1894086801956273,4.0943445622221
2026-03-23,F006,Minimalist Watch,Fashion,TimeLess,35.0,145.0,133.97,47,6296.59,4651.59,73.87,127.87,117,0,0,3,Easter,0.0,-1.3,125.68571428571428,0.9239310344827586,1.047704700086025,60.0,49.714285714285715,43.233333333333334,2.0,-0.07911784813167996,3.8501476017100584
2026-03-24,F006,Minimalist Watch,Fashion,TimeLess,35.0,145.0,138.73,45,6242.85,4667.85,74.77,128.21,116,0,1,3,Easter,0.0,-1.3,127.32142857142857,0.9567586206896551,1.0820528819904842,47.0,50.0,42.766666666666666,2.0,-0.04420414432794029,3.8066624897703196
2026-03-25,F006,Minimalist Watch,Fashion,TimeLess,35.0,145.0,141.68,46,6517.28,4907.28,75.3,151.37,106,0,2,3,Easter,0.0,-1.3,129.64285714285714,0.9771034482758622,0.9359846733170377,45.0,50.0,42.53333333333333,2.0,-0.023162748945996216,3.828641396489095
2026-03-26,F006,Minimalist Watch,Fashion,TimeLess,35.0,145.0,142.71,41,5851.11,4416.11,75.47,151.04,101,0,3,3,Easter,0.0,-1.3,133.6885714285714,0.9842068965517242,0.9448490466101696,46.0,48.142857142857146,42.5,2.0,-0.015919143308274514,3.713572066704308
2026-03-27,F006,Minimalist Watch,Fashion,TimeLess,35.0,145.0,141.94,40,5677.6,4277.6,75.34,146.98,105,0,4,3,Easter,0.0,-1.3,134.99571428571429,0.9788965517241379,0.9657096203565111,41.0,46.857142857142854,42.4,2.0,-0.021329309323737555,3.6888794541139363
2026-03-28,F006,Minimalist Watch,Fashion,TimeLess,35.0,145.0,158.17,44,6959.48,5419.48,77.87,130.36,96,1,5,3,Easter,0.0,-1.3,139.59714285714284,1.0908275862068966,1.2133323105247007,40.0,46.142857142857146,42.666666666666664,2.0,0.08693666155482303,3.784189633918261
2026-03-29,F006,Minimalist Watch,Fashion,TimeLess,35.0,145.0,147.47,53,7815.91,5960.91,76.27,127.89,100,1,6,3,Easter,0.0,-1.3,143.52428571428572,1.0170344827586206,1.1531003205880053,44.0,45.142857142857146,43.266666666666666,2.0,0.016891022842275002,3.970291913552122
2026-03-30,F006,Minimalist Watch,Fashion,TimeLess,35.0,145.0,161.85,36,5826.6,4566.6,78.38,150.48,111,0,0,3,Easter,0.0,-1.3,147.50714285714284,1.116206896551724,1.0755582137161084,53.0,43.57142857142857,43.333333333333336,2.0,0.10993623795167884,3.58351893845611
2026-03-31,F006,Minimalist Watch,Fashion,TimeLess,35.0,145.0,161.19,34,5480.46,4290.46,78.29,134.56,127,0,1,3,Easter,0.0,-1.3,150.71571428571428,1.111655172413793,1.1979042806183116,36.0,42.0,43.2,2.0,0.10585005098826537,3.5263605246161616
2026-04-01,F006,Minimalist Watch,Fashion,TimeLess,35.0,145.0,166.32,35,5821.2,4596.2,78.96,159.57,138,0,2,4,Easter,0.0,-1.3,154.23571428571427,1.1470344827586207,1.0423011844331642,34.0,40.42857142857143,43.166666666666664,2.0,0.13717990112918313,3.5553480614894135
2026-04-02,F006,Minimalist Watch,Fashion,TimeLess,35.0,145.0,168.04,32,5377.28,4257.28,79.17,135.22,142,0,3,4,Easter,0.0071,-1.3,157.8542857142857,1.1588965517241379,1.2427155746191392,35.0,39.142857142857146,43.06666666666667,2.0,0.14746830388060686,3.4657359027997265
2026-04-03,F006,Minimalist Watch,Fashion,TimeLess,35.0,145.0,162.71,33,5369.43,4214.43,78.49,163.73,115,0,4,4,Easter,0.0143,-1.3,160.82142857142858,1.1221379310344828,0.993770231478654,32.0,38.142857142857146,43.0,2.0,0.11523573273065324,3.4965075614664802
2026-04-04,F006,Minimalist Watch,Fashion,TimeLess,35.0,145.0,170.38,41,6985.58,5550.58,79.46,159.63,137,1,5,4,Easter,0.0214,-1.3,162.56571428571428,1.1750344827586208,1.0673432312222013,33.0,37.714285714285715,43.2,2.0,0.1612974941941201,3.713572066704308
2026-04-05,F006,Minimalist Watch,Fashion,TimeLess,35.0,145.0,165.96,44,7302.24,5762.24,78.91,151.41,97,1,6,4,Easter,0.0286,-1.3,165.20714285714286,1.144551724137931,1.096096691103626,41.0,36.42857142857143,43.56666666666667,2.0,0.13501305304409275,3.784189633918261
2026-04-06,F006,Minimalist Watch,Fashion,TimeLess,35.0,145.0,160.62,39,6264.18,4899.18,78.21,124.99,116,0,0,4,Easter,0.0357,-1.3,165.03142857142856,1.1077241379310345,1.285062805024402,44.0,36.857142857142854,43.46666666666667,2.0,0.10230758433974178,3.6635616461296463
2026-04-07,F006,Minimalist Watch,Fashion,TimeLess,35.0,145.0,160.14,40,6405.6,5005.6,78.14,143.23,102,0,1,4,Easter,0.0429,-1.3,164.8814285714286,1.1044137931034481,1.1180618585491866,39.0,37.714285714285715,43.63333333333333,2.0,0.09931469022391322,3.6888794541139363
2026-04-08,F006,Minimalist Watch,Fashion,TimeLess,35.0,145.0,149.24,33,4924.92,3769.92,76.55,163.64,140,0,2,4,Easter,0.05,-1.3,162.4414285714286,1.029241379310345,0.9120019555120998,40.0,37.42857142857143,43.53333333333333,2.0,0.028822005932382846,3.4965075614664802
2026-04-09,F006,Minimalist Watch,Fashion,TimeLess,35.0,145.0,150.66,34,5122.44,3932.44,76.77,126.12,151,0,3,4,Easter,0.0571,-1.3,159.95857142857145,1.0390344827586206,1.1945765937202664,33.0,37.714285714285715,43.233333333333334,2.0,0.0382918999769742,3.5263605246161616
2026-04-10,F006,Minimalist Watch,Fashion,TimeLess,35.0,145.0,143.47,36,5164.92,3904.92,75.6,138.7,135,0,4,4,Easter,0.0643,-1.3,157.21,0.989448275862069,1.034390771449171,34.0,38.142857142857146,42.96666666666667,2.0,-0.010607788310275805,3.58351893845611
2026-04-11,F006,Minimalist Watch,Fashion,TimeLess,35.0,145.0,145.94,53,7734.82,5879.82,76.02,134.91,87,1,5,4,Easter,0.0714,-1.3,153.71857142857144,1.0064827586206897,1.0817582091764881,36.0,39.857142857142854,43.53333333333333,2.0,0.006461835916899689,3.970291913552122
2026-04-12,F006,Minimalist Watch,Fashion,TimeLess,35.0,145.0,137.68,51,7021.68,5236.68,74.58,124.98,102,1,6,4,Easter,0.1,-1.3,149.67857142857142,0.9495172413793104,1.1016162586013762,53.0,40.857142857142854,43.63333333333333,2.0,-0.05180159051729039,3.9318256327243257
2026-04-13,F006,Minimalist Watch,Fashion,TimeLess,35.0,145.0,124.47,45,5601.15,4026.15,71.88,126.6,117,0,0,4,Easter,0.1,-1.3,144.5142857142857,0.8584137931034482,0.983175355450237,51.0,41.714285714285715,43.43333333333333,2.0,-0.15266901940768823,3.8066624897703196
2026-04-14,F006,Minimalist Watch,Fashion,TimeLess,35.0,145.0,126.43,56,7080.08,5120.08,72.32,141.58,102,0,1,4,Easter,0.1,-1.3,139.69857142857146,0.8719310344827587,0.8929933606441588,45.0,44.0,43.733333333333334,2.0,-0.13704494709676804,4.02535169073515
2026-04-15,F006,Minimalist Watch,Fashion,TimeLess,35.0,145.0,124.68,56,6982.08,5022.08,71.93,147.2,76,0,2,4,Easter,0.1,-1.3,136.19,0.8598620689655173,0.8470108695652175,56.0,47.285714285714285,43.833333333333336,1.0,-0.150983287521438,4.02535169073515
2026-04-16,F006,Minimalist Watch,Fashion,TimeLess,35.0,145.0,126.72,56,7096.32,5136.32,72.38,125.37,102,0,3,4,Easter,0.1,-1.3,132.77,0.8739310344827587,1.0107681263460158,56.0,50.42857142857143,44.266666666666666,2.0,-0.13475381435445863,4.02535169073515
