backend/data/features.csv
date,product_id,product_name,category,brand,cost,base_price,price,demand,revenue,profit,margin,competitor_price,stock,is_weekend,day_of_week,month,holiday_name,holiday_boost,elasticity,price_lag_7d,price_to_base,price_to_competitor,demand_lag_1d,demand_lag_7d,demand_lag_30d,stock_level,log_price_ratio,log_demand
2026-04-17,F006,Minimalist Watch,Fashion,TimeLess,35.0,145.0,114.94,56,6436.64,4476.64,69.55,147.02,72,0,4,4,Easter,0.1,-1.3,128.6942857142857,0.7926896551724137,0.7817983947762208,56.0,53.285714285714285,44.6,1.0,-0.232323489340979,4.02535169073515
2026-04-18,F006,Minimalist Watch,Fashion,TimeLess,35.0,145.0,125.46,69,8656.74,6241.74,72.1,131.37,50,1,5,4,Easter,0.1,-1.3,125.76857142857143,0.8652413793103448,0.9550125599451929,56.0,55.57142857142857,45.1,1.0,-0.14474675975197718,4.23410650459726
2026-04-19,F006,Minimalist Watch,Fashion,TimeLess,35.0,145.0,129.32,59,7629.88,5564.88,72.94,124.01,64,1,6,4,Easter,0.0714,-1.3,124.57428571428571,0.8918620689655172,1.0428191274897185,69.0,56.714285714285715,45.43333333333333,1.0,-0.11444378956334209,4.07753744390572
2026-04-20,F006,Minimalist Watch,Fashion,TimeLess,35.0,145.0,131.68,50,6584.0,4834.0,73.42,137.46,94,0,0,4,Easter,0.0643,-1.3,125.60428571428572,0.9081379310344828,0.957951404044813,59.0,57.42857142857143,45.46666666666667,2.0,-0.09635900549181466,3.912023005428146
2026-04-21,F006,Minimalist Watch,Fashion,TimeLess,35.0,145.0,122.09,56,6837.04,4877.04,71.33,124.41,97,0,1,4,Easter,0.0571,-1.3,124.98428571428572,0.842,0.9813519813519814,50.0,57.42857142857143,45.333333333333336,2.0,-0.17197526473981037,4.02535169073515
2026-04-22,F006,Minimalist Watch,Fashion,TimeLess,35.0,145.0,137.39,52,7144.28,5324.28,74.53,155.51,103,0,2,4,Easter,0.05,-1.3,126.8,0.9475172413793103,0.8834801620474567,56.0,56.857142857142854,45.5,2.0,-0.05391014548471764,3.9512437185814275
2026-04-23,F006,Minimalist Watch,Fashion,TimeLess,35.0,145.0,133.63,43,5746.09,4241.09,73.81,128.74,99,0,3,4,Easter,0.0429,-1.3,127.78714285714285,0.9215862068965517,1.037983532701569,52.0,55.0,45.43333333333333,2.0,-0.08165895562760489,3.7612001156935624
2026-04-24,F006,Minimalist Watch,Fashion,TimeLess,35.0,145.0,144.18,44,6343.92,4803.92,75.72,165.13,117,0,4,4,Easter,0.0357,-1.3,131.96428571428572,0.9943448275862069,0.8731302610064798,43.0,53.285714285714285,45.36666666666667,2.0,-0.00567122344414185,3.784189633918261
2026-04-25,F006,Minimalist Watch,Fashion,TimeLess,35.0,145.0,146.41,52,7613.32,5793.32,76.09,150.15,107,1,5,4,Easter,0.0286,-1.3,134.95714285714286,1.0097241379310344,0.9750915750915751,44.0,50.857142857142854,45.733333333333334,2.0,0.009677162784816363,3.9512437185814275
2026-04-26,F006,Minimalist Watch,Fashion,TimeLess,35.0,145.0,153.2,46,7047.2,5437.2,77.15,125.7,118,1,6,4,Easter,0.0214,-1.3,138.36857142857144,1.056551724137931,1.218774860779634,52.0,49.0,45.93333333333333,2.0,0.05501051488591646,3.828641396489095
2026-04-27,F006,Minimalist Watch,Fashion,TimeLess,35.0,145.0,151.84,41,6225.44,4790.44,76.95,151.11,111,0,0,4,Easter,0.0143,-1.3,141.24857142857144,1.0471724137931036,1.0048309178743962,46.0,47.714285714285715,45.833333333333336,2.0,0.046093592441043434,3.713572066704308
2026-04-28,F006,Minimalist Watch,Fashion,TimeLess,35.0,145.0,152.59,39,5951.01,4586.01,77.06,154.23,109,0,1,4,Easter,0.0071,-1.3,145.6057142857143,1.0523448275862068,0.9893665305063867,41.0,45.285714285714285,45.36666666666667,2.0,0.051020843483069775,3.6635616461296463
2026-04-29,F006,Minimalist Watch,Fashion,TimeLess,35.0,145.0,161.02,31,4991.62,3906.62,78.26,163.05,126,0,2,4,Mothers Day,0.0129,-1.3,148.98142857142855,1.1104827586206898,0.9875498313400797,39.0,42.285714285714285,45.2,2.0,0.1047948384512604,3.4339872044851463
2026-04-30,F006,Minimalist Watch,Fashion,TimeLess,35.0,145.0,165.67,33,5467.11,4312.11,78.87,145.03,150,0,3,4,Mothers Day,0.0257,-1.3,153.5585714285714,1.142551724137931,1.1423153830242019,31.0,40.857142857142854,45.166666666666664,2.0,0.13326411552987166,3.4965075614664802
2026-05-01,F006,Minimalist Watch,Fashion,TimeLess,35.0,145.0,167.41,36,6026.76,4766.76,79.09,133.38,114,0,4,5,Mothers Day,0.0386,-1.3,156.87714285714287,1.154551724137931,1.2551357025041237,33.0,39.714285714285715,45.2,2.0,0.14371215100711904,3.58351893845611
2026-05-02,F006,Minimalist Watch,Fashion,TimeLess,35.0,145.0,170.36,50,8518.0,6768.0,79.46,156.08,92,1,5,5,Mothers Day,0.0514,-1.3,160.29857142857142,1.174896551724138,1.0914915427985648,36.0,39.42857142857143,45.8,2.0,0.16118010263443847,3.912023005428146
2026-05-03,F006,Minimalist Watch,Fashion,TimeLess,35.0,145.0,157.19,45,7073.55,5498.55,77.73,166.06,102,1,6,5,Mothers Day,0.0643,-1.3,160.8685714285714,1.0840689655172413,0.9465855714801878,50.0,39.285714285714285,46.2,2.0,0.08072152231957211,3.8066624897703196
2026-05-04,F006,Minimalist Watch,Fashion,TimeLess,35.0,145.0,161.51,38,6137.38,4807.38,78.33,147.81,114,0,0,5,Mothers Day,0.0771,-1.3,162.25,1.1138620689655172,1.0926865570665043,45.0,38.857142857142854,46.1,2.0,0.10783331782984736,3.6375861597263857
2026-05-05,F006,Minimalist Watch,Fashion,TimeLess,35.0,145.0,162.9,44,7167.6,5627.6,78.51,162.22,96,0,1,5,Mothers Day,0.09,-1.3,163.72285714285712,1.123448275862069,1.0041918382443595,38.0,39.57142857142857,46.1,2.0,0.11640277318742505,3.784189633918261
2026-05-06,F006,Minimalist Watch,Fashion,TimeLess,35.0,145.0,164.17,43,7059.31,5554.31,78.68,130.59,133,0,2,5,Mothers Day,0.1029,-1.3,164.17285714285714,1.132206896551724,1.257140669270235,44.0,41.285714285714285,46.233333333333334,2.0,0.12416873388585233,3.7612001156935624
2026-05-07,F006,Minimalist Watch,Fashion,TimeLess,35.0,145.0,160.65,44,7068.6,5528.6,78.21,152.69,104,0,3,5,Mothers Day,0.1157,-1.3,163.4557142857143,1.1079310344827586,1.0521317702534547,43.0,42.857142857142854,46.36666666666667,2.0,0.10249434314129309,3.784189633918261
2026-05-08,F006,Minimalist Watch,Fashion,TimeLess,35.0,145.0,151.28,45,6807.6,5232.6,76.86,127.3,96,0,4,5,Mothers Day,0.1286,-1.3,161.15142857142857,1.0433103448275862,1.1883739198743126,44.0,44.142857142857146,46.766666666666666,2.0,0.04239868192962767,3.8066624897703196
2026-05-09,F006,Minimalist Watch,Fashion,TimeLess,35.0,145.0,148.75,55,8181.25,6256.25,76.47,157.86,76,1,5,5,Mothers Day,0.18,-1.3,158.06428571428572,1.0258620689655173,0.9422906372735335,45.0,44.857142857142854,47.46666666666667,1.0,0.025533302005164845,4.007333185232471
2026-05-10,F006,Minimalist Watch,Fashion,TimeLess,35.0,145.0,146.52,56,8205.12,6245.12,76.11,131.83,72,1,6,5,Mothers Day,0.18,-1.3,156.54,1.0104827586206897,1.1114313889099598,55.0,46.42857142857143,48.13333333333333,1.0,0.010428195490039267,4.02535169073515
2026-02-09,F007,Denim Jacket,Fashion,Indigo,22.0,75.0,73.9,57,4212.3,2958.3,70.23,78.51,87,0,0,2,Valentines Day,0.1286,-1.9,73.9,0.9853333333333334,0.9412813654311553,57.0,57.0,57.0,2.0,-0.01477528558215429,4.04305126783455
2026-02-10,F007,Denim Jacket,Fashion,Indigo,22.0,75.0,75.32,56,4217.92,2985.92,70.79,77.9,79,0,1,2,Valentines Day,0.1429,-1.9,74.61,1.0042666666666666,0.9668806161745827,57.0,56.5,56.5,1.0,0.004257590252641196,4.02535169073515
2026-02-11,F007,Denim Jacket,Fashion,Indigo,22.0,75.0,70.3,59,4147.7,2849.7,68.71,83.8,85,0,2,2,Valentines Day,0.2,-1.9,73.17333333333333,0.9373333333333332,0.8389021479713604,56.0,57.333333333333336,57.333333333333336,2.0,-0.06471631471969132,4.07753744390572
2026-02-12,F007,Denim Jacket,Fashion,Indigo,22.0,75.0,69.51,58,4031.58,2755.58,68.35,78.92,103,0,3,2,Valentines Day,0.2,-1.9,72.2575,0.9268000000000001,0.8807653319817538,59.0,57.5,57.5,2.0,-0.07601748642391584,4.060443010546419
2026-02-13,F007,Denim Jacket,Fashion,Indigo,22.0,75.0,68.31,61,4166.91,2824.91,67.79,66.16,89,0,4,2,Valentines Day,0.2,-1.9,71.468,0.9108,1.0324969770253931,58.0,58.2,58.2,2.0,-0.09343194479255244,4.110873864173311
2026-02-14,F007,Denim Jacket,Fashion,Indigo,22.0,75.0,64.76,87,5634.12,3720.12,66.03,77.94,23,1,5,2,Valentines Day,0.2,-1.9,70.35000000000001,0.8634666666666667,0.8308955606877085,61.0,63.0,63.0,1.0,-0.146799984726876,4.465908118654584
2026-02-15,F007,Denim Jacket,Fashion,Indigo,22.0,75.0,60.2,90,5418.0,3438.0,63.46,80.9,37,1,6,2,Valentines Day,0.2,-1.9,68.9,0.8026666666666668,0.7441285537700865,87.0,66.85714285714286,66.85714285714286,1.0,-0.21981576122153498,4.499809670330265
2026-02-16,F007,Denim Jacket,Fashion,Indigo,22.0,75.0,64.64,75,4848.0,3198.0,65.97,69.44,33,0,0,2,Valentines Day,0.2,-1.9,67.57714285714285,0.8618666666666667,0.9308755760368664,90.0,69.42857142857143,67.875,1.0,-0.1486546993234705,4.31748811353631
2026-02-17,F007,Denim Jacket,Fashion,Indigo,22.0,75.0,64.74,70,4531.8,2991.8,66.02,78.0,69,0,1,2,Valentines Day,0.2,-1.9,66.0657142857143,0.8632,0.83,75.0,71.42857142857143,68.11111111111111,1.0,-0.1471088650382122,4.248495242049359
2026-02-18,F007,Denim Jacket,Fashion,Indigo,22.0,75.0,66.26,60,3975.6,2655.6,66.8,64.38,75,0,2,2,Valentines Day,0.1429,-1.9,65.48857142857143,0.8834666666666667,1.0292016154085122,70.0,71.57142857142857,67.3,1.0,-0.12390171666456057,4.0943445622221
2026-02-19,F007,Denim Jacket,Fashion,Indigo,22.0,75.0,62.99,73,4598.27,2992.27,65.07,82.27,43,0,3,2,Valentines Day,0.1286,-1.9,64.55714285714285,0.8398666666666667,0.765649690044974,60.0,73.71428571428571,67.81818181818181,1.0,-0.1745121299024728,4.290459441148391
2026-02-20,F007,Denim Jacket,Fashion,Indigo,22.0,75.0,64.23,77,4945.71,3251.71,65.75,77.16,30,0,4,2,Valentines Day,0.1143,-1.9,63.97428571428572,0.8564,0.8324261275272162,73.0,76.0,68.58333333333333,1.0,-0.15501772226660926,4.343805421853684
2026-02-21,F007,Denim Jacket,Fashion,Indigo,22.0,75.0,70.17,62,4350.54,2986.54,68.65,86.24,64,1,5,2,Valentines Day,0.1,-1.9,64.74714285714286,0.9356,0.8136595547309834,77.0,72.42857142857143,68.07692307692308,1.0,-0.06656724427211311,4.127134385045092
2026-02-22,F007,Denim Jacket,Fashion,Indigo,22.0,75.0,72.34,54,3906.36,2718.36,69.59,85.47,109,1,6,2,Valentines Day,0.0857,-1.9,66.48142857142857,0.9645333333333334,0.8463788463788464,62.0,67.28571428571429,67.07142857142857,2.0,-0.03611088701235853,3.9889840465642745
2026-02-23,F007,Denim Jacket,Fashion,Indigo,22.0,75.0,75.93,47,3568.71,2534.71,71.03,66.8,125,0,0,2,Valentines Day,0.0714,-1.9,68.09428571428572,1.0124000000000002,1.136676646706587,54.0,63.285714285714285,65.73333333333333,2.0,0.012323749688832122,3.8501476017100584
2026-02-24,F007,Denim Jacket,Fashion,Indigo,22.0,75.0,73.66,48,3535.68,2479.68,70.13,69.86,117,0,1,2,Valentines Day,0.0571,-1.9,69.36857142857143,0.9821333333333333,1.0543945032922988,47.0,60.142857142857146,64.625,2.0,-0.01802820251939123,3.871201010907891
2026-02-25,F007,Denim Jacket,Fashion,Indigo,22.0,75.0,75.65,46,3479.9,2467.9,70.92,71.45,127,0,2,2,Valentines Day,0.0429,-1.9,70.71000000000001,1.0086666666666668,1.058782365290413,48.0,58.142857142857146,63.529411764705884,2.0,0.008629326698054638,3.828641396489095
2026-02-26,F007,Denim Jacket,Fashion,Indigo,22.0,75.0,76.93,51,3923.43,2801.43,71.4,67.5,117,0,3,2,Valentines Day,0.0286,-1.9,72.70142857142858,1.0257333333333334,1.1397037037037039,46.0,55.0,62.833333333333336,2.0,0.02540780393453291,3.9318256327243257
2026-02-27,F007,Denim Jacket,Fashion,Indigo,22.0,75.0,80.34,43,3454.62,2508.62,72.62,65.33,96,0,4,2,Valentines Day,0.0143,-1.9,75.00285714285714,1.0712000000000002,1.2297566202357264,51.0,50.142857142857146,61.78947368421053,2.0,0.06877951539482584,3.7612001156935624
2026-02-28,F007,Denim Jacket,Fashion,Indigo,22.0,75.0,83.83,39,3269.37,2411.37,73.76,84.65,122,1,5,2,Valentines Day,0.0,-1.9,76.95428571428572,1.1177333333333332,0.9903130537507382,43.0,46.857142857142854,60.65,2.0,0.11130282511345549,3.6635616461296463
2026-03-01,F007,Denim Jacket,Fashion,Indigo,22.0,75.0,84.32,46,3878.72,2866.72,73.91,79.69,117,1,6,3,Valentines Day,0.0,-1.9,78.6657142857143,1.1242666666666665,1.0581001380348851,39.0,45.714285714285715,59.95238095238095,2.0,0.11713097125674163,3.828641396489095
2026-03-02,F007,Denim Jacket,Fashion,Indigo,22.0,75.0,84.67,33,2794.11,2068.11,74.02,78.09,117,0,0,3,Valentines Day,0.0,-1.9,79.91428571428571,1.1289333333333333,1.0842617492636701,46.0,43.714285714285715,58.72727272727273,2.0,0.12127323411787541,3.4965075614664802
2026-03-03,F007,Denim Jacket,Fashion,Indigo,22.0,75.0,87.42,28,2447.76,1831.76,74.83,86.17,143,0,1,3,Valentines Day,0.0,-1.9,81.88,1.1656,1.0145062086573053,33.0,40.857142857142854,57.391304347826086,2.0,0.153235975898858,3.332204510175204
2026-03-04,F007,Denim Jacket,Fashion,Indigo,22.0,75.0,85.56,39,3336.84,2478.84,74.29,81.67,126,0,2,3,Valentines Day,0.0,-1.9,83.2957142857143,1.1408,1.0476307089506551,28.0,39.857142857142854,56.625,2.0,0.13172977067789446,3.6635616461296463
2026-03-05,F007,Denim Jacket,Fashion,Indigo,22.0,75.0,85.21,38,3237.98,2401.98,74.18,77.35,129,0,3,3,Valentines Day,0.0,-1.9,84.47857142857143,1.1361333333333332,1.1016160310277958,39.0,38.0,55.88,2.0,0.12763068430355407,3.6375861597263857
2026-03-06,F007,Denim Jacket,Fashion,Indigo,22.0,75.0,82.29,37,3044.73,2230.73,73.27,65.86,107,0,4,3,Valentines Day,0.0,-1.9,84.75714285714285,1.0972000000000002,1.249468569693289,38.0,37.142857142857146,55.15384615384615,2.0,0.09276148008131127,3.6109179126442243
2026-03-07,F007,Denim Jacket,Fashion,Indigo,22.0,75.0,82.58,45,3716.1,2726.1,73.36,68.51,119,1,5,3,Valentines Day,0.0,-1.9,84.57857142857142,1.1010666666666666,1.2053714786162604,37.0,38.0,54.77777777777778,2.0,0.09627940692163371,3.8066624897703196
2026-03-08,F007,Denim Jacket,Fashion,Indigo,22.0,75.0,81.77,37,3025.49,2211.49,73.1,67.41,144,1,6,3,Valentines Day,0.0,-1.9,84.21428571428571,1.0902666666666667,1.2130247737724373,45.0,36.714285714285715,54.142857142857146,2.0,0.08642231463757549,3.6109179126442243
2026-03-09,F007,Denim Jacket,Fashion,Indigo,22.0,75.0,82.82,36,2981.52,2189.52,73.44,66.99,108,0,0,3,Valentines Day,0.0,-1.9,83.95,1.1042666666666665,1.2363039259590984,37.0,37.142857142857146,53.51724137931034,2.0,0.09918146458111061,3.58351893845611
2026-03-10,F007,Denim Jacket,Fashion,Indigo,22.0,75.0,77.46,41,3175.86,2273.86,71.6,74.0,119,0,1,3,Valentines Day,0.0,-1.9,82.52714285714286,1.0328,1.0467567567567566,36.0,39.0,53.1,2.0,0.032273560550295635,3.713572066704308
2026-03-11,F007,Denim Jacket,Fashion,Indigo,22.0,75.0,74.96,45,3373.2,2383.2,70.65,79.91,108,0,2,3,Valentines Day,0.0,-1.9,81.01285714285713,0.9994666666666666,0.9380553122262545,41.0,39.857142857142854,52.7,2.0,-0.000533475606143745,3.8066624897703196
2026-03-12,F007,Denim Jacket,Fashion,Indigo,22.0,75.0,70.66,54,3815.64,2627.64,68.86,82.05,96,0,3,3,Valentines Day,0.0,-1.9,78.9342857142857,0.9421333333333333,0.8611822059719683,45.0,42.142857142857146,52.63333333333333,2.0,-0.05960847160531135,3.9889840465642745
2026-03-13,F007,Denim Jacket,Fashion,Indigo,22.0,75.0,68.92,50,3446.0,2346.0,68.08,77.88,113,0,4,3,Valentines Day,0.0,-1.9,77.02428571428571,0.9189333333333334,0.8849512069851053,54.0,44.0,52.333333333333336,2.0,-0.08454170187658151,3.912023005428146
2026-03-14,F007,Denim Jacket,Fashion,Indigo,22.0,75.0,64.91,65,4219.15,2789.15,66.11,83.26,77,1,5,3,Valentines Day,0.0,-1.9,74.5,0.8654666666666666,0.7796060533269276,50.0,46.857142857142854,52.56666666666667,1.0,-0.1444864184909333,4.174387269895637
2026-03-15,F007,Denim Jacket,Fashion,Indigo,22.0,75.0,65.11,52,3385.72,2241.72,66.21,68.35,101,1,6,3,Valentines Day,0.0,-1.9,72.11999999999999,0.8681333333333333,0.9525969275786395,65.0,49.0,52.266666666666666,2.0,-0.14140996628753977,3.9512437185814275
2026-03-16,F007,Denim Jacket,Fashion,Indigo,22.0,75.0,60.72,52,3157.44,2013.44,63.77,76.48,113,0,0,3,Valentines Day,0.0,-1.9,68.96285714285715,0.8096,0.7939330543933054,52.0,51.285714285714285,51.1,2.0,-0.21121498044893597,3.9512437185814275
2026-03-17,F007,Denim Jacket,Fashion,Indigo,22.0,75.0,63.79,68,4337.72,2841.72,65.51,79.92,67,0,1,3,Easter,0.0,-1.9,67.01,0.8505333333333334,0.7981731731731732,52.0,55.142857142857146,50.36666666666667,1.0,-0.16189167528244647,4.219507705176107
2026-03-18,F007,Denim Jacket,Fashion,Indigo,22.0,75.0,60.68,67,4065.56,2591.56,63.74,74.19,56,0,2,3,Easter,0.0,-1.9,64.97,0.8090666666666667,0.8178999865210945,68.0,58.285714285714285,50.1,1.0,-0.2118739590559789,4.204692619390966
2026-03-19,F007,Denim Jacket,Fashion,Indigo,22.0,75.0,63.25,66,4174.5,2722.5,65.22,85.18,69,0,3,3,Easter,0.0,-1.9,63.91142857142857,0.8433333333333334,0.7425451984033811,67.0,60.0,49.96666666666667,1.0,-0.17039298592868077,4.189654742026425
2026-03-20,F007,Denim Jacket,Fashion,Indigo,22.0,75.0,65.88,68,4479.84,2983.84,66.61,66.66,59,0,4,3,Easter,0.0,-1.9,63.47714285714285,0.8784,0.9882988298829882,66.0,62.57142857142857,50.233333333333334,1.0,-0.1296532082268709,4.219507705176107
2026-03-21,F007,Denim Jacket,Fashion,Indigo,22.0,75.0,65.81,62,4080.22,2716.22,66.57,73.8,87,1,5,3,Easter,0.0,-1.9,63.605714285714285,0.8774666666666667,0.8917344173441735,68.0,62.142857142857146,49.86666666666667,2.0,-0.1307163110682826,4.127134385045092
2026-03-22,F007,Denim Jacket,Fashion,Indigo,22.0,75.0,65.37,65,4249.05,2819.05,66.35,72.89,87,1,6,3,Easter,0.0,-1.9,63.642857142857146,0.8716,0.8968308409932776,62.0,64.0,49.46666666666667,2.0,-0.1374246759116722,4.174387269895637
2026-03-23,F007,Denim Jacket,Fashion,Indigo,22.0,75.0,66.94,64,4284.16,2876.16,67.13,75.39,55,0,0,3,Easter,0.0,-1.9,64.53142857142856,0.8925333333333333,0.8879161692532166,65.0,65.71428571428571,49.53333333333333,1.0,-0.11369141775312994,4.1588830833596715
2026-03-24,F007,Denim Jacket,Fashion,Indigo,22.0,75.0,71.89,43,3091.27,2145.27,69.4,66.21,133,0,1,3,Easter,0.0,-1.9,65.68857142857142,0.9585333333333333,1.08578764537079,64.0,62.142857142857146,49.166666666666664,2.0,-0.042350940540530256,3.7612001156935624
2026-03-25,F007,Denim Jacket,Fashion,Indigo,22.0,75.0,73.74,43,3170.82,2224.82,70.17,69.27,123,0,2,3,Easter,0.0,-1.9,67.55428571428571,0.9832,1.064530099610221,43.0,58.714285714285715,49.03333333333333,2.0,-0.016942720730312024,3.7612001156935624
