backend/data/features.csv
date,product_id,product_name,category,brand,cost,base_price,price,demand,revenue,profit,margin,competitor_price,stock,is_weekend,day_of_week,month,holiday_name,holiday_boost,elasticity,price_lag_7d,price_to_base,price_to_competitor,demand_lag_1d,demand_lag_7d,demand_lag_30d,stock_level,log_price_ratio,log_demand
2026-03-26,F007,Denim Jacket,Fashion,Indigo,22.0,75.0,76.56,47,3598.32,2564.32,71.26,77.58,122,0,3,3,Easter,0.0,-1.9,69.45571428571428,1.0208,0.9868522815158547,43.0,56.0,49.0,2.0,0.020586633608388312,3.8501476017100584
2026-03-27,F007,Denim Jacket,Fashion,Indigo,22.0,75.0,76.82,41,3149.62,2247.62,71.36,69.34,138,0,4,3,Easter,0.0,-1.9,71.01857142857143,1.0242666666666667,1.1078742428612631,47.0,52.142857142857146,48.833333333333336,2.0,0.02397690938144829,3.713572066704308
2026-03-28,F007,Denim Jacket,Fashion,Indigo,22.0,75.0,82.89,41,3398.49,2496.49,73.46,79.16,106,1,5,3,Easter,0.0,-1.9,73.45857142857143,1.1052,1.0471197574532594,41.0,49.142857142857146,48.5,2.0,0.10002631406712438,3.713572066704308
2026-03-29,F007,Denim Jacket,Fashion,Indigo,22.0,75.0,79.82,43,3432.26,2486.26,72.44,73.0,103,1,6,3,Easter,0.0,-1.9,75.52285714285713,1.0642666666666665,1.0934246575342466,41.0,46.0,48.5,2.0,0.062285986084277205,3.7612001156935624
2026-03-30,F007,Denim Jacket,Fashion,Indigo,22.0,75.0,83.17,38,3160.46,2324.46,73.55,71.37,104,0,0,3,Easter,0.0,-1.9,77.84142857142857,1.1089333333333333,1.1653355751716408,43.0,42.285714285714285,48.46666666666667,2.0,0.1033985923442857,3.6375861597263857
2026-03-31,F007,Denim Jacket,Fashion,Indigo,22.0,75.0,86.88,36,3127.68,2335.68,74.68,67.05,114,0,1,3,Easter,0.0,-1.9,79.98285714285714,1.1583999999999999,1.2957494407158836,38.0,41.285714285714285,48.13333333333333,2.0,0.14703974264931477,3.58351893845611
2026-04-01,F007,Denim Jacket,Fashion,Indigo,22.0,75.0,86.85,38,3300.3,2464.3,74.67,64.76,129,0,2,4,Easter,0.0,-1.9,81.85571428571428,1.158,1.3411056207535514,36.0,40.57142857142857,48.3,2.0,0.14669437915080344,3.6375861597263857
2026-04-02,F007,Denim Jacket,Fashion,Indigo,22.0,75.0,83.95,32,2686.4,1982.4,73.79,81.07,148,0,3,4,Easter,0.0071,-1.9,82.91142857142857,1.1193333333333333,1.0355248550635254,38.0,38.42857142857143,48.43333333333333,2.0,0.11273326998723934,3.4657359027997265
2026-04-03,F007,Denim Jacket,Fashion,Indigo,22.0,75.0,87.49,34,2974.66,2226.66,74.85,72.9,143,0,4,4,Easter,0.0143,-1.9,84.43571428571428,1.1665333333333332,1.200137174211248,32.0,37.42857142857143,48.266666666666666,2.0,0.1540363875818626,3.5263605246161616
2026-04-04,F007,Denim Jacket,Fashion,Indigo,22.0,75.0,87.85,39,3426.15,2568.15,74.96,84.17,105,1,5,4,Easter,0.0214,-1.9,85.14428571428572,1.1713333333333333,1.0437210407508613,34.0,37.142857142857146,48.3,2.0,0.15814270109679576,3.6635616461296463
2026-04-05,F007,Denim Jacket,Fashion,Indigo,22.0,75.0,83.37,46,3835.02,2823.02,73.61,81.87,122,1,6,4,Easter,0.0286,-1.9,85.65142857142857,1.1116000000000001,1.0183217295712714,39.0,37.57142857142857,48.6,2.0,0.10580041888621174,3.828641396489095
2026-04-06,F007,Denim Jacket,Fashion,Indigo,22.0,75.0,83.54,38,3174.52,2338.52,73.67,64.87,110,0,0,4,Easter,0.0357,-1.9,85.7042857142857,1.1138666666666668,1.2878063819947587,46.0,37.57142857142857,48.36666666666667,2.0,0.10783744553271894,3.6375861597263857
2026-04-07,F007,Denim Jacket,Fashion,Indigo,22.0,75.0,86.99,39,3392.61,2534.61,74.71,78.27,103,0,1,4,Easter,0.0429,-1.9,85.72,1.1598666666666666,1.1114092244793663,38.0,38.0,48.43333333333333,2.0,0.1483050559831389,3.6635616461296463
2026-04-08,F007,Denim Jacket,Fashion,Indigo,22.0,75.0,81.2,41,3329.2,2427.2,72.91,78.73,131,0,2,4,Easter,0.05,-1.9,84.91285714285713,1.0826666666666667,1.0313730471230789,39.0,38.42857142857143,48.6,2.0,0.07942713363132183,3.713572066704308
2026-04-09,F007,Denim Jacket,Fashion,Indigo,22.0,75.0,77.4,44,3405.6,2437.6,71.58,74.09,112,0,3,4,Easter,0.0571,-1.9,83.97714285714287,1.032,1.0446753947901202,41.0,40.142857142857146,48.7,2.0,0.031498667059371016,3.784189633918261
2026-04-10,F007,Denim Jacket,Fashion,Indigo,22.0,75.0,75.47,46,3471.62,2459.62,70.85,75.07,119,0,4,4,Easter,0.0643,-1.9,82.25999999999999,1.0062666666666666,1.0053283601971494,44.0,41.857142857142854,48.733333333333334,2.0,0.006247112760466575,3.828641396489095
2026-04-11,F007,Denim Jacket,Fashion,Indigo,22.0,75.0,69.99,63,4409.37,3023.37,68.57,78.34,61,1,5,4,Easter,0.0714,-1.9,79.70857142857143,0.9331999999999999,0.893413326525402,46.0,45.285714285714285,49.03333333333333,1.0,-0.06913573883486224,4.143134726391533
2026-04-12,F007,Denim Jacket,Fashion,Indigo,22.0,75.0,71.08,68,4833.44,3337.44,69.05,67.29,82,1,6,4,Easter,0.1,-1.9,77.95285714285714,0.9477333333333333,1.0563233764303759,63.0,48.42857142857143,49.63333333333333,2.0,-0.053682110249859874,4.219507705176107
2026-04-13,F007,Denim Jacket,Fashion,Indigo,22.0,75.0,66.61,62,4129.82,2765.82,66.97,77.85,66,0,0,4,Easter,0.1,-1.9,75.53428571428572,0.8881333333333333,0.8556197816313423,68.0,51.857142857142854,49.53333333333333,1.0,-0.11863339711122238,4.127134385045092
2026-04-14,F007,Denim Jacket,Fashion,Indigo,22.0,75.0,67.81,63,4272.03,2886.03,67.56,85.78,74,0,1,4,Easter,0.1,-1.9,72.7942857142857,0.9041333333333333,0.7905106085334577,62.0,55.285714285714285,49.9,1.0,-0.10077843684055968,4.143134726391533
2026-04-15,F007,Denim Jacket,Fashion,Indigo,22.0,75.0,68.87,57,3925.59,2671.59,68.06,66.73,88,0,2,4,Easter,0.1,-1.9,71.03285714285714,0.9182666666666667,1.0320695339427544,63.0,57.57142857142857,50.06666666666667,2.0,-0.08526744397970355,4.04305126783455
2026-04-16,F007,Denim Jacket,Fashion,Indigo,22.0,75.0,62.35,71,4426.85,2864.85,64.72,73.15,72,0,3,4,Easter,0.1,-1.9,68.88285714285715,0.8313333333333334,0.8523581681476418,57.0,61.42857142857143,50.166666666666664,1.0,-0.18472444141026495,4.2626798770413155
2026-04-17,F007,Denim Jacket,Fashion,Indigo,22.0,75.0,63.28,66,4176.48,2724.48,65.23,83.43,53,0,4,4,Easter,0.1,-1.9,67.14142857142858,0.8437333333333333,0.7584801630109073,71.0,64.28571428571429,50.13333333333333,1.0,-0.169918790076912,4.189654742026425
2026-04-18,F007,Denim Jacket,Fashion,Indigo,22.0,75.0,62.61,82,5134.02,3330.02,64.86,77.77,30,1,5,4,Easter,0.1,-1.9,66.08714285714285,0.8348,0.8050662209078051,66.0,67.0,50.666666666666664,1.0,-0.18056310377909138,4.406719247264253
2026-04-19,F007,Denim Jacket,Fashion,Indigo,22.0,75.0,62.8,83,5212.4,3386.4,64.97,78.13,23,1,6,4,Easter,0.0714,-1.9,64.9042857142857,0.8373333333333333,0.8037885575323179,82.0,69.14285714285714,51.166666666666664,1.0,-0.17753304006215753,4.418840607796598
2026-04-20,F007,Denim Jacket,Fashion,Indigo,22.0,75.0,66.77,62,4139.74,2775.74,67.05,66.6,91,0,0,4,Easter,0.0643,-1.9,64.92714285714285,0.8902666666666667,1.0025525525525525,83.0,69.14285714285714,51.166666666666664,2.0,-0.11623423566653301,4.127134385045092
2026-04-21,F007,Denim Jacket,Fashion,Indigo,22.0,75.0,64.4,65,4186.0,2756.0,65.84,73.37,56,0,1,4,Easter,0.0571,-1.9,64.44,0.8586666666666667,0.877742946708464,62.0,69.42857142857143,51.166666666666664,1.0,-0.1523744804260025,4.174387269895637
2026-04-22,F007,Denim Jacket,Fashion,Indigo,22.0,75.0,70.7,56,3959.2,2727.2,68.88,66.13,88,0,2,4,Easter,0.05,-1.9,64.70142857142858,0.9426666666666667,1.0691063057613792,65.0,69.28571428571429,50.9,2.0,-0.059042540633783384,4.02535169073515
2026-04-23,F007,Denim Jacket,Fashion,Indigo,22.0,75.0,71.88,51,3665.88,2543.88,69.39,75.8,94,0,3,4,Easter,0.0429,-1.9,66.06285714285714,0.9583999999999999,0.9482849604221636,56.0,66.42857142857143,51.166666666666664,2.0,-0.042490051620952235,3.9318256327243257
2026-04-24,F007,Denim Jacket,Fashion,Indigo,22.0,75.0,72.61,55,3993.55,2783.55,69.7,74.37,90,0,4,4,Easter,0.0357,-1.9,67.39571428571428,0.9681333333333333,0.9763345434987225,51.0,64.85714285714286,51.56666666666667,2.0,-0.0323854601441551,4.007333185232471
2026-04-25,F007,Denim Jacket,Fashion,Indigo,22.0,75.0,75.63,54,4084.02,2896.02,70.91,72.83,85,1,5,4,Easter,0.0286,-1.9,69.25571428571429,1.0084,1.0384456954551695,55.0,60.857142857142854,51.8,2.0,0.008364916331627672,3.9889840465642745
2026-04-26,F007,Denim Jacket,Fashion,Indigo,22.0,75.0,83.54,42,3508.68,2584.68,73.67,69.11,128,1,6,4,Easter,0.0214,-1.9,72.21857142857144,1.1138666666666668,1.2087975690927508,54.0,55.0,51.833333333333336,2.0,0.10783744553271894,3.7376696182833684
2026-04-27,F007,Denim Jacket,Fashion,Indigo,22.0,75.0,74.87,45,3369.15,2379.15,70.62,66.15,100,0,0,4,Easter,0.0143,-1.9,73.37571428571428,0.9982666666666667,1.1318216175359033,42.0,52.57142857142857,51.96666666666667,2.0,-0.0017348372937165154,3.8066624897703196
2026-04-28,F007,Denim Jacket,Fashion,Indigo,22.0,75.0,81.35,40,3254.0,2374.0,72.96,67.55,118,0,1,4,Easter,0.0071,-1.9,75.79714285714286,1.0846666666666667,1.2042931162102146,45.0,49.0,51.86666666666667,2.0,0.08127272012873636,3.6888794541139363
2026-04-29,F007,Denim Jacket,Fashion,Indigo,22.0,75.0,84.45,31,2617.95,1935.95,73.95,76.16,132,0,2,4,Mothers Day,0.0129,-1.9,77.76142857142858,1.1260000000000001,1.1088497899159664,40.0,45.42857142857143,51.63333333333333,2.0,0.11867152971749874,3.4339872044851463
2026-04-30,F007,Denim Jacket,Fashion,Indigo,22.0,75.0,85.88,36,3091.68,2299.68,74.38,72.24,118,0,3,4,Mothers Day,0.0257,-1.9,79.76142857142858,1.1450666666666667,1.188815060908084,31.0,43.285714285714285,51.63333333333333,2.0,0.13546285947426984,3.58351893845611
2026-05-01,F007,Denim Jacket,Fashion,Indigo,22.0,75.0,85.11,36,3063.96,2271.96,74.15,80.84,116,0,4,5,Mothers Day,0.0386,-1.9,81.54714285714286,1.1348,1.0528203859475507,36.0,40.57142857142857,51.56666666666667,2.0,0.12645642395255927,3.58351893845611
2026-05-02,F007,Denim Jacket,Fashion,Indigo,22.0,75.0,89.4,42,3754.8,2830.8,75.39,71.37,119,1,5,5,Mothers Day,0.0514,-1.9,83.51428571428572,1.1920000000000002,1.2526271542664986,36.0,38.857142857142854,51.9,2.0,0.17563256864315815,3.7376696182833684
2026-05-03,F007,Denim Jacket,Fashion,Indigo,22.0,75.0,87.67,43,3769.81,2823.81,74.91,64.93,128,1,6,5,Mothers Day,0.0643,-1.9,84.10428571428572,1.1689333333333334,1.3502233174187586,42.0,39.0,52.2,2.0,0.15609165206418382,3.7612001156935624
2026-05-04,F007,Denim Jacket,Fashion,Indigo,22.0,75.0,86.39,41,3541.99,2639.99,74.53,71.68,127,0,0,5,Mothers Day,0.0771,-1.9,85.75,1.1518666666666666,1.2052176339285714,43.0,38.42857142857143,52.266666666666666,2.0,0.14138381483448229,3.713572066704308
2026-05-05,F007,Denim Jacket,Fashion,Indigo,22.0,75.0,86.15,41,3532.15,2630.15,74.46,66.6,105,0,1,5,Mothers Day,0.09,-1.9,86.43571428571428,1.1486666666666667,1.2935435435435438,41.0,38.57142857142857,52.1,2.0,0.13860184943762824,3.713572066704308
2026-05-06,F007,Denim Jacket,Fashion,Indigo,22.0,75.0,81.46,48,3910.08,2854.08,72.99,68.16,122,0,2,5,Mothers Day,0.1029,-1.9,86.00857142857144,1.0861333333333332,1.1951291079812205,41.0,41.0,52.43333333333333,2.0,0.08262398868395593,3.871201010907891
2026-05-07,F007,Denim Jacket,Fashion,Indigo,22.0,75.0,81.47,49,3992.03,2914.03,73.0,84.52,104,0,3,5,Mothers Day,0.1157,-1.9,85.37857142857145,1.0862666666666667,0.9639138665404638,48.0,42.857142857142854,52.766666666666666,2.0,0.08274674078624,3.8918202981106265
2026-05-08,F007,Denim Jacket,Fashion,Indigo,22.0,75.0,81.65,45,3674.25,2684.25,73.06,78.58,130,0,4,5,Mothers Day,0.1286,-1.9,84.88428571428572,1.0886666666666667,1.0390684652583355,49.0,44.142857142857146,52.9,2.0,0.08495370588016368,3.8066624897703196
2026-05-09,F007,Denim Jacket,Fashion,Indigo,22.0,75.0,79.29,56,4440.24,3208.24,72.25,64.92,73,1,5,5,Mothers Day,0.18,-1.9,83.44000000000001,1.0572000000000001,1.2213493530499075,45.0,46.142857142857146,53.3,1.0,0.055623903747997215,4.02535169073515
2026-05-10,F007,Denim Jacket,Fashion,Indigo,22.0,75.0,76.32,70,5342.4,3802.4,71.17,75.22,52,1,6,5,Mothers Day,0.18,-1.9,81.81857142857143,1.0175999999999998,1.0146237702738632,56.0,50.0,54.1,1.0,0.017446913603720488,4.248495242049359
2026-02-09,F008,Wool Scarf,Fashion,CozyLayer,12.0,39.0,38.45,55,2114.75,1454.75,68.79,37.55,100,0,0,2,Valentines Day,0.1286,-2.5,38.45,0.985897435897436,1.0239680426098536,55.0,55.0,55.0,2.0,-0.014202950177993395,4.007333185232471
2026-02-10,F008,Wool Scarf,Fashion,CozyLayer,12.0,39.0,36.84,66,2431.44,1639.44,67.43,33.36,52,0,1,2,Valentines Day,0.1429,-2.5,37.645,0.9446153846153847,1.10431654676259,55.0,60.5,60.5,1.0,-0.056977434742540196,4.189654742026425
2026-02-11,F008,Wool Scarf,Fashion,CozyLayer,12.0,39.0,37.42,66,2469.72,1677.72,67.93,40.61,80,0,2,2,Valentines Day,0.2,-2.5,37.57,0.9594871794871795,0.9214479192317164,66.0,62.333333333333336,62.333333333333336,1.0,-0.04135632528370281,4.189654742026425
2026-02-12,F008,Wool Scarf,Fashion,CozyLayer,12.0,39.0,33.01,87,2871.87,1827.87,63.65,34.42,41,0,3,2,Valentines Day,0.2,-2.5,36.43,0.8464102564102564,0.9590354445090062,66.0,68.5,68.5,1.0,-0.16675110026454484,4.465908118654584
2026-02-13,F008,Wool Scarf,Fashion,CozyLayer,12.0,39.0,34.0,88,2992.0,1936.0,64.71,39.14,23,0,4,2,Valentines Day,0.2,-2.5,35.944,0.8717948717948718,0.8686765457332651,87.0,72.4,72.4,1.0,-0.137201121513485,4.477336814478207
2026-02-14,F008,Wool Scarf,Fashion,CozyLayer,12.0,39.0,34.56,94,3248.64,2120.64,65.28,39.93,14,1,5,2,Valentines Day,0.2,-2.5,35.71333333333333,0.8861538461538462,0.8655146506386177,88.0,76.0,76.0,0.0,-0.12086470219379153,4.543294782270004
2026-02-15,F008,Wool Scarf,Fashion,CozyLayer,12.0,39.0,34.46,101,3480.46,2268.46,65.18,34.74,11,1,6,2,Valentines Day,0.2,-2.5,35.534285714285716,0.8835897435897436,0.9919401266551525,94.0,79.57142857142857,79.57142857142857,0.0,-0.12376241502986282,4.61512051684126
2026-02-16,F008,Wool Scarf,Fashion,CozyLayer,12.0,39.0,32.63,88,2871.44,1815.44,63.22,36.06,19,0,0,2,Valentines Day,0.2,-2.5,34.70285714285715,0.8366666666666668,0.9048807542983915,101.0,84.28571428571429,80.625,0.0,-0.17832953552441705,4.477336814478207
2026-02-17,F008,Wool Scarf,Fashion,CozyLayer,12.0,39.0,33.09,78,2581.02,1645.02,63.74,37.92,63,0,1,2,Valentines Day,0.2,-2.5,34.167142857142856,0.8484615384615386,0.8726265822784811,88.0,86.0,80.33333333333333,1.0,-0.16433052419612548,4.356708826689592
2026-02-18,F008,Wool Scarf,Fashion,CozyLayer,12.0,39.0,33.61,79,2655.19,1707.19,64.3,33.79,55,0,2,2,Valentines Day,0.1429,-2.5,33.62285714285714,0.8617948717948718,0.9946729801716484,78.0,87.85714285714286,80.2,1.0,-0.14873800439263213,4.3694478524670215
2026-02-19,F008,Wool Scarf,Fashion,CozyLayer,12.0,39.0,37.53,69,2589.57,1761.57,68.03,39.72,49,0,3,2,Valentines Day,0.1286,-2.5,34.268571428571434,0.9623076923076923,0.9448640483383687,79.0,85.28571428571429,79.18181818181819,1.0,-0.038421032982716964,4.23410650459726
2026-02-20,F008,Wool Scarf,Fashion,CozyLayer,12.0,39.0,33.94,72,2443.68,1579.68,64.64,40.09,44,0,4,2,Valentines Day,0.1143,-2.5,34.260000000000005,0.8702564102564102,0.8465951608880019,69.0,83.0,78.58333333333333,1.0,-0.13896738632356623,4.276666119016055
2026-02-21,F008,Wool Scarf,Fashion,CozyLayer,12.0,39.0,34.76,91,3163.16,2071.16,65.48,34.74,5,1,5,2,Valentines Day,0.1,-2.5,34.28857142857143,0.8912820512820512,1.0005757052389175,72.0,82.57142857142857,79.53846153846153,0.0,-0.11509434573245525,4.51085950651685
2026-02-22,F008,Wool Scarf,Fashion,CozyLayer,12.0,39.0,37.78,75,2833.5,1933.5,68.24,42.31,67,1,6,2,Valentines Day,0.0857,-2.5,34.76285714285714,0.9687179487179487,0.8929331127393051,91.0,78.85714285714286,79.21428571428571,1.0,-0.03178178405628296,4.31748811353631
2026-02-23,F008,Wool Scarf,Fashion,CozyLayer,12.0,39.0,36.79,64,2354.56,1586.56,67.38,36.0,86,0,0,2,Valentines Day,0.0714,-2.5,35.357142857142854,0.9433333333333334,1.0219444444444443,75.0,75.42857142857143,78.2,2.0,-0.05833557701296341,4.1588830833596715
2026-02-24,F008,Wool Scarf,Fashion,CozyLayer,12.0,39.0,38.1,63,2400.3,1644.3,68.5,43.91,80,0,1,2,Valentines Day,0.0571,-2.5,36.07285714285714,0.976923076923077,0.8676838988840812,64.0,73.28571428571429,77.25,1.0,-0.023347363996991062,4.143134726391533
2026-02-25,F008,Wool Scarf,Fashion,CozyLayer,12.0,39.0,39.25,46,1805.5,1253.5,69.43,37.86,90,0,2,2,Valentines Day,0.0429,-2.5,36.878571428571426,1.0064102564102564,1.0367142102482831,63.0,68.57142857142857,75.41176470588235,2.0,0.006389798098770988,3.828641396489095
2026-02-26,F008,Wool Scarf,Fashion,CozyLayer,12.0,39.0,40.13,48,1926.24,1350.24,70.1,37.84,98,0,3,2,Valentines Day,0.0286,-2.5,37.25,1.028974358974359,1.0605179704016914,46.0,65.57142857142857,73.88888888888889,2.0,0.028562538149178914,3.871201010907891
2026-02-27,F008,Wool Scarf,Fashion,CozyLayer,12.0,39.0,43.22,41,1772.02,1280.02,72.24,34.94,113,0,4,2,Valentines Day,0.0143,-2.5,38.575714285714284,1.1082051282051282,1.2369776760160276,48.0,61.142857142857146,72.15789473684211,2.0,0.10274170494909346,3.713572066704308
2026-02-28,F008,Wool Scarf,Fashion,CozyLayer,12.0,39.0,42.15,46,1938.9,1386.9,71.53,42.49,116,1,5,2,Valentines Day,0.0,-2.5,39.63142857142857,1.0807692307692307,0.991998117204048,41.0,54.714285714285715,70.85,2.0,0.07767303831821798,3.828641396489095
2026-03-01,F008,Wool Scarf,Fashion,CozyLayer,12.0,39.0,43.49,40,1739.6,1259.6,72.41,34.39,125,1,6,3,Valentines Day,0.0,-2.5,40.44714285714286,1.1151282051282052,1.2646118057574878,46.0,49.714285714285715,69.38095238095238,2.0,0.10896938047990068,3.6888794541139363
2026-03-02,F008,Wool Scarf,Fashion,CozyLayer,12.0,39.0,43.96,41,1802.36,1310.36,72.7,39.92,134,0,0,3,Valentines Day,0.0,-2.5,41.471428571428575,1.1271794871794871,1.1012024048096192,40.0,46.42857142857143,68.0909090909091,2.0,0.11971848340577414,3.713572066704308
2026-03-03,F008,Wool Scarf,Fashion,CozyLayer,12.0,39.0,43.33,39,1689.87,1221.87,72.31,37.58,136,0,1,3,Valentines Day,0.0,-2.5,42.21857142857142,1.111025641025641,1.1530069185737095,41.0,43.0,66.82608695652173,2.0,0.10528358962217153,3.6635616461296463
2026-03-04,F008,Wool Scarf,Fashion,CozyLayer,12.0,39.0,46.4,36,1670.4,1238.4,74.14,43.29,144,0,2,3,Valentines Day,0.0,-2.5,43.24,1.1897435897435897,1.0718410718410718,39.0,41.57142857142857,65.54166666666667,2.0,0.17373781310256314,3.58351893845611
