backend/data/features.csv
date,product_id,product_name,category,brand,cost,base_price,price,demand,revenue,profit,margin,competitor_price,stock,is_weekend,day_of_week,month,holiday_name,holiday_boost,elasticity,price_lag_7d,price_to_base,price_to_competitor,demand_lag_1d,demand_lag_7d,demand_lag_30d,stock_level,log_price_ratio,log_demand
2026-03-05,F008,Wool Scarf,Fashion,CozyLayer,12.0,39.0,46.51,33,1534.83,1138.83,74.2,42.01,138,0,3,3,Valentines Day,0.0,-2.5,44.151428571428575,1.1925641025641025,1.1071173530111877,36.0,39.42857142857143,64.24,2.0,0.17610569710635918,3.4965075614664802
2026-03-06,F008,Wool Scarf,Fashion,CozyLayer,12.0,39.0,44.59,34,1516.06,1108.06,73.09,41.58,115,0,4,3,Valentines Day,0.0,-2.5,44.347142857142856,1.1433333333333333,1.0723905723905724,33.0,38.42857142857143,63.07692307692308,2.0,0.13394797250973883,3.5263605246161616
2026-03-07,F008,Wool Scarf,Fashion,CozyLayer,12.0,39.0,41.84,48,2008.32,1432.32,71.32,37.1,85,1,5,3,Valentines Day,0.0,-2.5,44.30285714285714,1.0728205128205128,1.1277628032345013,34.0,38.714285714285715,62.51851851851852,2.0,0.07029117362702104,3.871201010907891
2026-03-08,F008,Wool Scarf,Fashion,CozyLayer,12.0,39.0,43.72,36,1573.92,1141.92,72.55,40.4,135,1,6,3,Valentines Day,0.0,-2.5,44.33571428571428,1.121025641025641,1.0821782178217823,48.0,38.142857142857146,61.57142857142857,2.0,0.11424401717869132,3.58351893845611
2026-03-09,F008,Wool Scarf,Fashion,CozyLayer,12.0,39.0,40.84,46,1878.64,1326.64,70.62,34.56,122,0,0,3,Valentines Day,0.0,-2.5,43.89,1.0471794871794873,1.181712962962963,36.0,38.857142857142854,61.03448275862069,2.0,0.046100347166818476,3.828641396489095
2026-03-10,F008,Wool Scarf,Fashion,CozyLayer,12.0,39.0,40.22,51,2051.22,1439.22,70.16,44.63,82,0,1,3,Valentines Day,0.0,-2.5,43.44571428571429,1.0312820512820513,0.9011875420120994,46.0,40.57142857142857,60.7,2.0,0.03080273821485958,3.9318256327243257
2026-03-11,F008,Wool Scarf,Fashion,CozyLayer,12.0,39.0,40.15,41,1646.15,1154.15,70.11,37.25,135,0,2,3,Valentines Day,0.0,-2.5,42.55285714285714,1.0294871794871794,1.0778523489932885,51.0,41.285714285714285,60.233333333333334,2.0,0.029060794263124152,3.713572066704308
2026-03-12,F008,Wool Scarf,Fashion,CozyLayer,12.0,39.0,37.88,51,1931.88,1319.88,68.32,40.06,104,0,3,3,Valentines Day,0.0,-2.5,41.32,0.9712820512820514,0.945581627558662,41.0,43.857142857142854,59.733333333333334,2.0,-0.02913837781176885,3.9318256327243257
2026-03-13,F008,Wool Scarf,Fashion,CozyLayer,12.0,39.0,35.76,55,1966.8,1306.8,66.44,43.02,78,0,4,3,Valentines Day,0.0,-2.5,40.05857142857143,0.9169230769230768,0.8312412831241283,51.0,46.857142857142854,59.36666666666667,1.0,-0.08673169582433313,4.007333185232471
2026-03-14,F008,Wool Scarf,Fashion,CozyLayer,12.0,39.0,35.84,78,2795.52,1859.52,66.52,42.07,53,1,5,3,Valentines Day,0.0,-2.5,39.201428571428565,0.9189743589743591,0.8519134775374376,55.0,51.142857142857146,59.06666666666667,1.0,-0.08449705802291659,4.356708826689592
2026-03-15,F008,Wool Scarf,Fashion,CozyLayer,12.0,39.0,35.04,67,2347.68,1543.68,65.75,43.3,63,1,6,3,Valentines Day,0.0,-2.5,37.96142857142858,0.8984615384615384,0.8092378752886836,78.0,55.57142857142857,58.36666666666667,1.0,-0.10707138006145578,4.204692619390966
2026-03-16,F008,Wool Scarf,Fashion,CozyLayer,12.0,39.0,33.87,74,2506.38,1618.38,64.57,34.82,48,0,0,3,Valentines Day,0.0,-2.5,36.965714285714284,0.8684615384615384,0.9727168294083859,67.0,59.57142857142857,57.7,1.0,-0.14103197929996616,4.30406509320417
2026-03-17,F008,Wool Scarf,Fashion,CozyLayer,12.0,39.0,33.29,76,2530.04,1618.04,63.95,43.31,63,0,1,3,Easter,0.0,-2.5,35.97571428571429,0.8535897435897436,0.7686446548141306,74.0,63.142857142857146,56.86666666666667,1.0,-0.15830459454271284,4.330733340286331
2026-03-18,F008,Wool Scarf,Fashion,CozyLayer,12.0,39.0,32.41,78,2527.98,1591.98,62.97,41.63,36,0,2,3,Easter,0.0,-2.5,34.87,0.8310256410256409,0.7785251020898389,76.0,68.42857142857143,56.53333333333333,1.0,-0.18509462897619056,4.356708826689592
2026-03-19,F008,Wool Scarf,Fashion,CozyLayer,12.0,39.0,32.84,86,2824.24,1792.24,63.46,38.83,39,0,3,3,Easter,0.0,-2.5,34.15,0.8420512820512821,0.8457378315735258,78.0,73.42857142857143,56.8,1.0,-0.1719143615454189,4.454347296253507
2026-03-20,F008,Wool Scarf,Fashion,CozyLayer,12.0,39.0,32.26,67,2161.42,1357.42,62.8,37.55,61,0,4,3,Easter,0.0,-2.5,33.65,0.8271794871794871,0.859121171770972,86.0,75.14285714285714,56.4,1.0,-0.18973357343258374,4.204692619390966
2026-03-21,F008,Wool Scarf,Fashion,CozyLayer,12.0,39.0,35.55,73,2595.15,1719.15,66.24,37.38,55,1,5,3,Easter,0.0,-2.5,33.60857142857143,0.9115384615384615,0.951043338683788,67.0,74.42857142857143,56.53333333333333,1.0,-0.09262148988039656,4.290459441148391
2026-03-22,F008,Wool Scarf,Fashion,CozyLayer,12.0,39.0,33.25,92,3059.0,1955.0,63.91,36.4,33,1,6,3,Easter,0.0,-2.5,33.35285714285714,0.8525641025641025,0.9134615384615385,73.0,78.0,57.2,1.0,-0.15950687902778332,4.5217885770490405
2026-03-23,F008,Wool Scarf,Fashion,CozyLayer,12.0,39.0,36.22,68,2462.96,1646.96,66.87,40.73,45,0,0,3,Easter,0.0,-2.5,33.68857142857143,0.9287179487179487,0.889270807758409,92.0,77.14285714285714,56.43333333333333,1.0,-0.07395019367437916,4.219507705176107
2026-03-24,F008,Wool Scarf,Fashion,CozyLayer,12.0,39.0,36.85,69,2542.65,1714.65,67.44,39.54,56,0,1,3,Easter,0.0,-2.5,34.19714285714286,0.944871794871795,0.9319676277187658,68.0,76.14285714285714,56.233333333333334,1.0,-0.056706027494300724,4.23410650459726
2026-03-25,F008,Wool Scarf,Fashion,CozyLayer,12.0,39.0,37.65,57,2146.05,1462.05,68.13,38.61,68,0,2,3,Easter,0.0,-2.5,34.94571428571429,0.9653846153846154,0.9751359751359752,69.0,73.14285714285714,56.0,1.0,-0.03522869188374383,4.04305126783455
2026-03-26,F008,Wool Scarf,Fashion,CozyLayer,12.0,39.0,39.83,59,2349.97,1641.97,69.87,35.99,92,0,3,3,Easter,0.0,-2.5,35.94428571428571,1.0212820512820513,1.1066963045290357,57.0,69.28571428571429,55.86666666666667,2.0,0.021058751063906443,4.07753744390572
2026-03-27,F008,Wool Scarf,Fashion,CozyLayer,12.0,39.0,39.72,46,1827.12,1275.12,69.79,38.54,99,0,4,3,Easter,0.0,-2.5,37.01,1.0184615384615385,1.0306175402179554,59.0,66.28571428571429,55.86666666666667,2.0,0.018293193047325483,3.828641396489095
2026-03-28,F008,Wool Scarf,Fashion,CozyLayer,12.0,39.0,42.24,42,1774.08,1270.08,71.59,40.77,129,1,5,3,Easter,0.0,-2.5,37.965714285714284,1.083076923076923,1.036055923473142,46.0,61.857142857142854,55.666666666666664,2.0,0.07980599326835958,3.7376696182833684
2026-03-29,F008,Wool Scarf,Fashion,CozyLayer,12.0,39.0,41.58,48,1995.84,1419.84,71.14,36.35,123,1,6,3,Easter,0.0,-2.5,39.15571428571428,1.066153846153846,1.143878954607978,42.0,55.57142857142857,55.9,2.0,0.0640576363002203,3.871201010907891
2026-03-30,F008,Wool Scarf,Fashion,CozyLayer,12.0,39.0,45.22,37,1673.14,1229.14,73.46,33.24,127,0,0,3,Easter,0.0,-2.5,40.44142857142857,1.1594871794871795,1.3604091456077014,48.0,51.142857142857146,55.6,2.0,0.14797782072017737,3.6109179126442243
2026-03-31,F008,Wool Scarf,Fashion,CozyLayer,12.0,39.0,44.16,35,1545.6,1125.6,72.83,43.92,149,0,1,3,Easter,0.0,-2.5,41.48571428571428,1.1323076923076922,1.0054644808743167,37.0,46.285714285714285,55.43333333333333,2.0,0.12425775583919338,3.5553480614894135
2026-04-01,F008,Wool Scarf,Fashion,CozyLayer,12.0,39.0,42.1,48,2020.8,1444.8,71.5,44.21,111,0,2,4,Easter,0.0,-2.5,42.12142857142857,1.0794871794871794,0.9522732413481113,35.0,45.0,55.666666666666664,2.0,0.07648609455868925,3.871201010907891
2026-04-02,F008,Wool Scarf,Fashion,CozyLayer,12.0,39.0,44.75,34,1521.5,1113.5,73.18,35.96,131,0,3,4,Easter,0.0071,-2.5,42.824285714285715,1.1474358974358974,1.2444382647385983,48.0,41.42857142857143,55.5,2.0,0.1375297985912179,3.5263605246161616
2026-04-03,F008,Wool Scarf,Fashion,CozyLayer,12.0,39.0,47.48,28,1329.44,993.44,74.73,37.32,131,0,4,4,Easter,0.0143,-2.5,43.93285714285714,1.2174358974358974,1.2722400857449088,34.0,38.857142857142854,55.233333333333334,2.0,0.19674692361182083,3.332204510175204
2026-04-04,F008,Wool Scarf,Fashion,CozyLayer,12.0,39.0,46.07,39,1796.73,1328.73,73.95,40.92,116,1,5,4,Easter,0.0214,-2.5,44.48,1.1812820512820512,1.1258553274682306,28.0,38.42857142857143,55.43333333333333,2.0,0.16660033281817913,3.6635616461296463
2026-04-05,F008,Wool Scarf,Fashion,CozyLayer,12.0,39.0,44.92,43,1931.56,1415.56,73.29,44.47,130,1,6,4,Easter,0.0286,-2.5,44.957142857142856,1.1517948717948718,1.0101191814706545,39.0,37.714285714285715,55.733333333333334,2.0,0.14132148374059603,3.7612001156935624
2026-04-06,F008,Wool Scarf,Fashion,CozyLayer,12.0,39.0,44.18,45,1988.1,1448.1,72.84,33.48,100,0,0,4,Easter,0.0357,-2.5,44.80857142857143,1.1328205128205129,1.3195937873357229,43.0,38.857142857142854,55.63333333333333,2.0,0.12471055186232474,3.8066624897703196
2026-04-07,F008,Wool Scarf,Fashion,CozyLayer,12.0,39.0,45.0,34,1530.0,1122.0,73.33,39.67,142,0,1,4,Easter,0.0429,-2.5,44.92857142857143,1.1538461538461537,1.134358457272498,45.0,38.714285714285715,55.56666666666667,2.0,0.14310084364067324,3.5263605246161616
2026-04-08,F008,Wool Scarf,Fashion,CozyLayer,12.0,39.0,41.96,38,1594.48,1138.48,71.4,34.18,121,0,2,4,Easter,0.05,-2.5,44.90857142857143,1.075897435897436,1.2276184903452312,34.0,37.285714285714285,55.3,2.0,0.07315513739845012,3.6375861597263857
2026-04-09,F008,Wool Scarf,Fashion,CozyLayer,12.0,39.0,41.19,50,2059.5,1459.5,70.87,44.74,91,0,3,4,Easter,0.0571,-2.5,44.4,1.056153846153846,0.9206526598122484,38.0,39.57142857142857,55.266666666666666,2.0,0.0546338623183428,3.912023005428146
2026-04-10,F008,Wool Scarf,Fashion,CozyLayer,12.0,39.0,36.57,62,2267.34,1523.34,67.19,38.31,90,0,4,4,Easter,0.0643,-2.5,42.84142857142857,0.9376923076923077,0.9545810493343774,50.0,44.42857142857143,55.96666666666667,2.0,-0.06433341396835655,4.127134385045092
2026-04-11,F008,Wool Scarf,Fashion,CozyLayer,12.0,39.0,38.64,65,2511.6,1731.6,68.94,35.53,85,1,5,4,Easter,0.0714,-2.5,41.78000000000001,0.9907692307692307,1.0875316633830565,62.0,48.142857142857146,56.43333333333333,2.0,-0.009273636785329215,4.174387269895637
2026-04-12,F008,Wool Scarf,Fashion,CozyLayer,12.0,39.0,35.2,74,2604.8,1716.8,65.91,39.14,70,1,6,4,Easter,0.1,-2.5,40.39142857142857,0.9025641025641027,0.8993357179356158,65.0,52.57142857142857,57.06666666666667,1.0,-0.10251556352559488,4.30406509320417
2026-04-13,F008,Wool Scarf,Fashion,CozyLayer,12.0,39.0,35.4,68,2407.2,1591.2,66.1,43.17,60,0,0,4,Easter,0.1,-2.5,39.137142857142855,0.9076923076923077,0.8200138985406532,74.0,55.857142857142854,56.733333333333334,1.0,-0.09684982598991766,4.219507705176107
2026-04-14,F008,Wool Scarf,Fashion,CozyLayer,12.0,39.0,34.26,68,2329.68,1513.68,64.97,37.66,81,0,1,4,Easter,0.1,-2.5,37.60285714285714,0.8784615384615384,0.9097185342538503,68.0,60.714285714285715,56.766666666666666,2.0,-0.12958315323367264,4.219507705176107
2026-04-15,F008,Wool Scarf,Fashion,CozyLayer,12.0,39.0,33.97,88,2989.36,1933.36,64.67,44.71,23,0,2,4,Easter,0.1,-2.5,36.46142857142858,0.871025641025641,0.7597852829344666,68.0,67.85714285714286,57.233333333333334,1.0,-0.13808386395715397,4.477336814478207
2026-04-16,F008,Wool Scarf,Fashion,CozyLayer,12.0,39.0,32.06,88,2821.28,1765.28,62.57,44.24,35,0,3,4,Easter,0.1,-2.5,35.15714285714286,0.8220512820512821,0.7246835443037974,88.0,73.28571428571429,57.63333333333333,1.0,-0.1959524989482395,4.477336814478207
2026-04-17,F008,Wool Scarf,Fashion,CozyLayer,12.0,39.0,33.9,68,2305.2,1489.2,64.6,41.59,82,0,4,4,Easter,0.1,-2.5,34.77571428571429,0.8692307692307691,0.8150997836018272,88.0,74.14285714285714,57.3,2.0,-0.14014663174324196,4.219507705176107
2026-04-18,F008,Wool Scarf,Fashion,CozyLayer,12.0,39.0,33.23,102,3389.46,2165.46,63.89,42.21,5,1,5,4,Easter,0.1,-2.5,34.00285714285714,0.852051282051282,0.7872542051646528,68.0,79.42857142857143,57.833333333333336,0.0,-0.16010856376314359,4.624972813284271
2026-04-19,F008,Wool Scarf,Fashion,CozyLayer,12.0,39.0,32.27,100,3227.0,2027.0,62.81,34.63,5,1,6,4,Easter,0.0714,-2.5,33.58428571428571,0.8274358974358975,0.9318509962460295,102.0,83.14285714285714,58.93333333333333,0.0,-0.1894236400657759,4.605170185988092
2026-04-20,F008,Wool Scarf,Fashion,CozyLayer,12.0,39.0,35.05,82,2874.1,1890.1,65.76,44.49,35,0,0,4,Easter,0.0643,-2.5,33.534285714285716,0.8987179487179486,0.7878174870757473,100.0,85.14285714285714,59.233333333333334,1.0,-0.10678603264904743,4.406719247264253
2026-04-21,F008,Wool Scarf,Fashion,CozyLayer,12.0,39.0,34.75,67,2328.25,1524.25,65.47,42.99,86,0,1,4,Easter,0.0571,-2.5,33.604285714285716,0.8910256410256411,0.8083275180274482,82.0,85.0,58.4,2.0,-0.11538207411884523,4.204692619390966
2026-04-22,F008,Wool Scarf,Fashion,CozyLayer,12.0,39.0,33.43,73,2440.39,1564.39,64.1,43.76,42,0,2,4,Easter,0.05,-2.5,33.527142857142856,0.8571794871794872,0.7639396709323584,67.0,82.85714285714286,58.56666666666667,1.0,-0.15410794569763914,4.290459441148391
2026-04-23,F008,Wool Scarf,Fashion,CozyLayer,12.0,39.0,34.99,78,2729.22,1793.22,65.7,33.63,38,0,3,4,Easter,0.0429,-2.5,33.94571428571428,0.8971794871794873,1.0404400832589948,73.0,81.42857142857143,58.86666666666667,1.0,-0.10849933975004969,4.356708826689592
2026-04-24,F008,Wool Scarf,Fashion,CozyLayer,12.0,39.0,38.82,48,1863.36,1287.36,69.09,44.25,95,0,4,4,Easter,0.0357,-2.5,34.64857142857143,0.9953846153846154,0.8772881355932204,78.0,78.57142857142857,58.56666666666667,2.0,-0.004626068388782191,3.871201010907891
2026-04-25,F008,Wool Scarf,Fashion,CozyLayer,12.0,39.0,38.1,63,2400.3,1644.3,68.5,44.08,85,1,5,4,Easter,0.0286,-2.5,35.34428571428571,0.976923076923077,0.8643375680580763,48.0,73.0,58.7,2.0,-0.023347363996991062,4.143134726391533
2026-04-26,F008,Wool Scarf,Fashion,CozyLayer,12.0,39.0,41.42,53,2195.26,1559.26,71.03,40.73,113,1,6,4,Easter,0.0214,-2.5,36.651428571428575,1.0620512820512822,1.0169408298551437,63.0,66.28571428571429,58.93333333333333,2.0,0.0602022098377918,3.970291913552122
2026-04-27,F008,Wool Scarf,Fashion,CozyLayer,12.0,39.0,41.85,43,1799.55,1283.55,71.33,39.2,99,0,0,4,Easter,0.0143,-2.5,37.62285714285714,1.073076923076923,1.0676020408163265,53.0,60.714285714285715,58.96666666666667,2.0,0.07053015080583787,3.7612001156935624
2026-04-28,F008,Wool Scarf,Fashion,CozyLayer,12.0,39.0,41.18,44,1811.92,1283.92,70.86,40.08,111,0,1,4,Easter,0.0071,-2.5,38.541428571428575,1.0558974358974358,1.0274451097804391,43.0,57.42857142857143,58.833333333333336,2.0,0.05439105546999686,3.784189633918261
2026-04-29,F008,Wool Scarf,Fashion,CozyLayer,12.0,39.0,43.3,35,1515.5,1095.5,72.29,44.27,125,0,2,4,Mothers Day,0.0129,-2.5,39.951428571428565,1.11025641025641,0.9780889993223401,44.0,52.0,58.766666666666666,2.0,0.10459098887879759,3.5553480614894135
2026-04-30,F008,Wool Scarf,Fashion,CozyLayer,12.0,39.0,46.02,32,1472.64,1088.64,73.92,40.21,128,0,3,4,Mothers Day,0.0257,-2.5,41.527142857142856,1.1800000000000002,1.1444914200447651,35.0,45.42857142857143,58.666666666666664,2.0,0.16551443847757352,3.4657359027997265
2026-05-01,F008,Wool Scarf,Fashion,CozyLayer,12.0,39.0,42.95,44,1889.8,1361.8,72.06,44.45,97,0,4,5,Mothers Day,0.0386,-2.5,42.117142857142866,1.1012820512820514,0.9662542182227222,32.0,44.857142857142854,58.53333333333333,2.0,0.09647500230061802,3.784189633918261
2026-05-02,F008,Wool Scarf,Fashion,CozyLayer,12.0,39.0,44.52,48,2136.96,1560.96,73.05,35.74,115,1,5,5,Mothers Day,0.0514,-2.5,43.034285714285716,1.1415384615384616,1.2456631225517627,44.0,42.714285714285715,59.0,2.0,0.13237688027769773,3.871201010907891
2026-05-03,F008,Wool Scarf,Fashion,CozyLayer,12.0,39.0,44.5,49,2180.5,1592.5,73.03,34.14,114,1,6,5,Mothers Day,0.0643,-2.5,43.47428571428571,1.141025641025641,1.3034563561804335,48.0,42.142857142857146,59.7,2.0,0.13192754304254806,3.8918202981106265
2026-05-04,F008,Wool Scarf,Fashion,CozyLayer,12.0,39.0,44.74,43,1923.82,1407.82,73.18,43.15,121,0,0,5,Mothers Day,0.0771,-2.5,43.88714285714286,1.1471794871794871,1.036848203939745,49.0,42.142857142857146,59.833333333333336,2.0,0.13730630993233708,3.7612001156935624
2026-05-05,F008,Wool Scarf,Fashion,CozyLayer,12.0,39.0,44.53,45,2003.85,1463.85,73.05,39.1,99,0,1,5,Mothers Day,0.09,-2.5,44.36571428571428,1.1417948717948718,1.1388746803069054,43.0,42.285714285714285,59.9,2.0,0.13260147320396462,3.8066624897703196
2026-05-06,F008,Wool Scarf,Fashion,CozyLayer,12.0,39.0,43.91,49,2151.59,1563.59,72.67,44.62,88,0,2,5,Mothers Day,0.1029,-2.5,44.45285714285715,1.1258974358974358,0.9840878529807261,45.0,44.285714285714285,60.03333333333333,2.0,0.11858043844397961,3.8918202981106265
2026-05-07,F008,Wool Scarf,Fashion,CozyLayer,12.0,39.0,41.63,50,2081.5,1481.5,71.17,42.42,87,0,3,5,Mothers Day,0.1157,-2.5,43.82571428571429,1.0674358974358975,0.9813767090994814,49.0,46.857142857142854,60.56666666666667,2.0,0.0652594150772377,3.912023005428146
2026-05-08,F008,Wool Scarf,Fashion,CozyLayer,12.0,39.0,42.59,49,2086.91,1498.91,71.82,39.64,118,0,4,5,Mothers Day,0.1286,-2.5,43.77428571428572,1.0920512820512822,1.0744197780020182,50.0,47.57142857142857,60.93333333333333,2.0,0.08805783780547584,3.8918202981106265
2026-05-09,F008,Wool Scarf,Fashion,CozyLayer,12.0,39.0,40.07,70,2804.9,1964.9,70.05,40.98,76,1,5,5,Mothers Day,0.18,-2.5,43.13857142857143,1.0274358974358975,0.9777940458760371,49.0,50.714285714285715,61.6,1.0,0.027066278518406796,4.248495242049359
2026-05-10,F008,Wool Scarf,Fashion,CozyLayer,12.0,39.0,41.66,60,2499.6,1779.6,71.2,35.36,92,1,6,5,Mothers Day,0.18,-2.5,42.73285714285714,1.0682051282051281,1.1781674208144797,70.0,52.285714285714285,61.53333333333333,2.0,0.06597978970317944,4.0943445622221
