backend/data/features.csv
date,product_id,product_name,category,brand,cost,base_price,price,demand,revenue,profit,margin,competitor_price,stock,is_weekend,day_of_week,month,holiday_name,holiday_boost,elasticity,price_lag_7d,price_to_base,price_to_competitor,demand_lag_1d,demand_lag_7d,demand_lag_30d,stock_level,log_price_ratio,log_demand
2026-02-09,H001,Scented Candle Set,Home & Living,GlowHaus,6.0,24.99,24.34,66,1606.44,1210.44,75.35,25.43,68,0,0,2,Valentines Day,0.1286,-3.0,24.34,0.9739895958383354,0.957137239480928,66.0,66.0,66.0,1.0,-0.02635465728747979,4.189654742026425
2026-02-10,H001,Scented Candle Set,Home & Living,GlowHaus,6.0,24.99,24.07,63,1516.41,1138.41,75.07,23.75,75,0,1,2,Valentines Day,0.1429,-3.0,24.205,0.9631852741096439,1.0134736842105263,66.0,64.5,64.5,1.0,-0.037509493051880345,4.143134726391533
2026-02-11,H001,Scented Candle Set,Home & Living,GlowHaus,6.0,24.99,23.4,79,1848.6,1374.6,74.36,26.95,51,0,2,2,Valentines Day,0.2,-3.0,23.936666666666667,0.936374549819928,0.8682745825602968,63.0,69.33333333333333,69.33333333333333,1.0,-0.06573972248320528,4.3694478524670215
2026-02-12,H001,Scented Candle Set,Home & Living,GlowHaus,6.0,24.99,22.41,89,1994.49,1460.49,73.23,26.9,40,0,3,2,Valentines Day,0.2,-3.0,23.555,0.8967587034813926,0.8330855018587361,79.0,74.25,74.25,1.0,-0.10896845703402529,4.48863636973214
2026-02-13,H001,Scented Candle Set,Home & Living,GlowHaus,6.0,24.99,21.63,91,1968.33,1422.33,72.26,22.62,21,0,4,2,Valentines Day,0.2,-3.0,23.169999999999998,0.865546218487395,0.9562334217506631,89.0,77.6,77.6,1.0,-0.14439450488189357,4.51085950651685
2026-02-14,H001,Scented Candle Set,Home & Living,GlowHaus,6.0,24.99,21.43,109,2335.87,1681.87,72.0,26.47,5,1,5,2,Valentines Day,0.2,-3.0,22.88,0.8575430172068828,0.8095957687948622,91.0,82.83333333333333,82.83333333333333,0.0,-0.15368393536137537,4.6913478822291435
2026-02-15,H001,Scented Candle Set,Home & Living,GlowHaus,6.0,24.99,20.45,116,2372.2,1676.2,70.66,25.46,5,1,6,2,Valentines Day,0.2,-3.0,22.532857142857143,0.818327330932373,0.8032207384131971,109.0,87.57142857142857,87.57142857142857,0.0,-0.20049286235805022,4.7535901911063645
2026-02-16,H001,Scented Candle Set,Home & Living,GlowHaus,6.0,24.99,21.43,99,2121.57,1527.57,72.0,28.14,5,0,0,2,Valentines Day,0.2,-3.0,22.117142857142856,0.8575430172068828,0.761549395877754,116.0,92.28571428571429,89.0,0.0,-0.15368393536137537,4.59511985013459
2026-02-17,H001,Scented Candle Set,Home & Living,GlowHaus,6.0,24.99,22.04,80,1763.2,1283.2,72.78,27.85,58,0,1,2,Valentines Day,0.2,-3.0,21.827142857142857,0.881952781112445,0.7913824057450628,99.0,94.71428571428571,88.0,1.0,-0.12561676056214724,4.382026634673881
2026-02-18,H001,Scented Candle Set,Home & Living,GlowHaus,6.0,24.99,21.15,104,2199.6,1575.6,71.63,26.26,5,0,2,2,Valentines Day,0.1429,-3.0,21.505714285714284,0.8463385354141657,0.8054074638233053,80.0,98.28571428571429,89.6,0.0,-0.166835839354574,4.6443908991413725
2026-02-19,H001,Scented Candle Set,Home & Living,GlowHaus,6.0,24.99,21.27,99,2105.73,1511.73,71.79,22.67,14,0,3,2,Valentines Day,0.1286,-3.0,21.342857142857145,0.851140456182473,0.9382443758270842,104.0,99.71428571428571,90.45454545454545,0.0,-0.16117811563471515,4.59511985013459
2026-02-20,H001,Scented Candle Set,Home & Living,GlowHaus,6.0,24.99,20.82,100,2082.0,1482.0,71.18,24.12,14,0,4,2,Valentines Day,0.1143,-3.0,21.22714285714286,0.8331332533013206,0.8631840796019901,99.0,101.0,91.25,0.0,-0.1825616816600381,4.605170185988092
2026-02-21,H001,Scented Candle Set,Home & Living,GlowHaus,6.0,24.99,22.15,105,2325.75,1695.75,72.91,22.12,5,1,5,2,Valentines Day,0.1,-3.0,21.330000000000002,0.8863545418167267,1.0013562386980108,100.0,100.42857142857143,92.3076923076923,0.0,-0.12063824835571638,4.653960350157523
2026-02-22,H001,Scented Candle Set,Home & Living,GlowHaus,6.0,24.99,23.58,85,2004.3,1494.3,74.55,25.24,34,1,6,2,Valentines Day,0.0857,-3.0,21.777142857142856,0.943577430972389,0.9342313787638669,105.0,96.0,91.78571428571429,1.0,-0.0580768497376361,4.442651256490317
2026-02-23,H001,Scented Candle Set,Home & Living,GlowHaus,6.0,24.99,25.08,55,1379.4,1049.4,76.08,25.16,75,0,0,2,Valentines Day,0.0714,-3.0,22.298571428571428,1.0036014405762306,0.9968203497615261,85.0,89.71428571428571,89.33333333333333,1.0,0.0035949709178590143,4.007333185232471
2026-02-24,H001,Scented Candle Set,Home & Living,GlowHaus,6.0,24.99,25.07,52,1303.64,991.64,76.07,28.26,88,0,1,2,Valentines Day,0.0571,-3.0,22.731428571428573,1.003201280512205,0.8871196036801132,55.0,85.71428571428571,87.0,2.0,0.003196167323341156,3.9512437185814275
2026-02-25,H001,Scented Candle Set,Home & Living,GlowHaus,6.0,24.99,26.04,52,1354.08,1042.08,76.96,23.1,77,0,2,2,Valentines Day,0.0429,-3.0,23.43,1.0420168067226891,1.1272727272727272,52.0,78.28571428571429,84.94117647058823,1.0,0.04115807249350755,3.9512437185814275
2026-02-26,H001,Scented Candle Set,Home & Living,GlowHaus,6.0,24.99,26.73,44,1176.12,912.12,77.55,22.74,107,0,3,2,Valentines Day,0.0286,-3.0,24.209999999999997,1.0696278511404562,1.1754617414248023,52.0,70.42857142857143,82.66666666666667,2.0,0.06731078530396666,3.784189633918261
2026-02-27,H001,Scented Candle Set,Home & Living,GlowHaus,6.0,24.99,28.53,37,1055.61,833.61,78.97,22.09,122,0,4,2,Valentines Day,0.0143,-3.0,25.31142857142857,1.1416566626650662,1.291534631054776,44.0,61.42857142857143,80.26315789473684,2.0,0.13248042037854774,3.6109179126442243
2026-02-28,H001,Scented Candle Set,Home & Living,GlowHaus,6.0,24.99,29.98,33,989.34,791.34,79.99,27.38,121,1,5,2,Valentines Day,0.0,-3.0,26.43,1.1996798719487796,1.0949598246895544,37.0,51.142857142857146,77.9,2.0,0.18205474782759068,3.4965075614664802
2026-03-01,H001,Scented Candle Set,Home & Living,GlowHaus,6.0,24.99,28.69,44,1262.36,998.36,79.09,25.41,120,1,6,3,Valentines Day,0.0,-3.0,27.16,1.148059223689476,1.1290830381739474,33.0,45.285714285714285,76.28571428571429,2.0,0.13807288514641258,3.784189633918261
2026-03-02,H001,Scented Candle Set,Home & Living,GlowHaus,6.0,24.99,27.76,39,1082.64,848.64,78.39,26.23,123,0,0,3,Valentines Day,0.0,-3.0,27.54285714285714,1.1108443377350943,1.0583301563095693,44.0,43.0,74.5909090909091,2.0,0.10512039079174296,3.6635616461296463
2026-03-03,H001,Scented Candle Set,Home & Living,GlowHaus,6.0,24.99,27.67,44,1217.48,953.48,78.32,28.04,115,0,1,3,Valentines Day,0.0,-3.0,27.914285714285715,1.1072428971588637,0.9868045649072754,39.0,41.857142857142854,73.26086956521739,2.0,0.10187304895197366,3.784189633918261
2026-03-04,H001,Scented Candle Set,Home & Living,GlowHaus,6.0,24.99,28.64,33,945.12,747.12,79.05,26.91,146,0,2,3,Valentines Day,0.0,-3.0,28.285714285714285,1.1460584233693478,1.0642883686361948,44.0,39.142857142857146,71.58333333333333,2.0,0.13632859724558394,3.4965075614664802
2026-03-05,H001,Scented Candle Set,Home & Living,GlowHaus,6.0,24.99,29.28,34,995.52,791.52,79.51,23.25,128,0,3,3,Valentines Day,0.0,-3.0,28.65,1.171668667466987,1.2593548387096776,33.0,37.714285714285715,70.08,2.0,0.15842894424624993,3.5263605246161616
2026-03-06,H001,Scented Candle Set,Home & Living,GlowHaus,6.0,24.99,28.85,36,1038.6,822.6,79.2,21.91,143,0,4,3,Valentines Day,0.0,-3.0,28.695714285714285,1.1544617847138856,1.3167503423094478,34.0,37.57142857142857,68.76923076923077,2.0,0.1436342481072476,3.58351893845611
2026-03-07,H001,Scented Candle Set,Home & Living,GlowHaus,6.0,24.99,27.05,47,1271.35,989.35,77.82,23.04,103,1,5,3,Valentines Day,0.0,-3.0,28.277142857142856,1.082432973189276,1.174045138888889,36.0,39.57142857142857,67.96296296296296,2.0,0.07921126044562968,3.8501476017100584
2026-03-08,H001,Scented Candle Set,Home & Living,GlowHaus,6.0,24.99,26.58,47,1249.26,967.26,77.43,22.25,98,1,6,3,Valentines Day,0.0,-3.0,27.975714285714286,1.063625450180072,1.1946067415730337,47.0,40.0,67.21428571428571,2.0,0.06168330843823816,3.8501476017100584
2026-03-09,H001,Scented Candle Set,Home & Living,GlowHaus,6.0,24.99,25.29,61,1542.69,1176.69,76.28,23.84,88,0,0,3,Valentines Day,0.0,-3.0,27.622857142857146,1.0120048019207684,1.0608221476510067,47.0,43.142857142857146,67.0,2.0,0.011933315835012817,4.110873864173311
2026-03-10,H001,Scented Candle Set,Home & Living,GlowHaus,6.0,24.99,25.97,50,1298.5,998.5,76.9,23.73,110,0,1,3,Valentines Day,0.0,-3.0,27.38,1.0392156862745099,1.0943952802359882,61.0,44.0,66.43333333333334,2.0,0.03846628082779614,3.912023005428146
2026-03-11,H001,Scented Candle Set,Home & Living,GlowHaus,6.0,24.99,25.81,47,1213.07,931.07,76.75,23.09,89,0,2,3,Valentines Day,0.0,-3.0,26.975714285714286,1.0328131252501,1.1177999133824166,50.0,46.0,65.8,2.0,0.03228626888366149,3.8501476017100584
2026-03-12,H001,Scented Candle Set,Home & Living,GlowHaus,6.0,24.99,23.21,71,1647.91,1221.91,74.15,25.4,59,0,3,3,Valentines Day,0.0,-3.0,26.10857142857143,0.9287715086034415,0.9137795275590552,47.0,51.285714285714285,66.06666666666666,1.0,-0.07389252456051522,4.2626798770413155
2026-03-13,H001,Scented Candle Set,Home & Living,GlowHaus,6.0,24.99,22.57,77,1737.89,1275.89,73.42,27.72,38,0,4,3,Valentines Day,0.0,-3.0,25.21142857142857,0.9031612645058024,0.8142135642135643,71.0,57.142857142857146,66.0,1.0,-0.10185415401741664,4.343805421853684
2026-03-14,H001,Scented Candle Set,Home & Living,GlowHaus,6.0,24.99,21.68,85,1842.8,1332.8,72.32,25.32,13,1,5,3,Valentines Day,0.0,-3.0,24.444285714285716,0.867547018807523,0.8562401263823065,77.0,62.57142857142857,65.86666666666666,0.0,-0.1420855682754155,4.442651256490317
2026-03-15,H001,Scented Candle Set,Home & Living,GlowHaus,6.0,24.99,21.72,100,2172.0,1572.0,72.38,26.32,12,1,6,3,Valentines Day,0.0,-3.0,23.75,0.8691476590636255,0.8252279635258358,85.0,70.14285714285714,66.16666666666667,0.0,-0.14024224978112632,4.605170185988092
2026-03-16,H001,Scented Candle Set,Home & Living,GlowHaus,6.0,24.99,22.96,72,1653.12,1221.12,73.87,26.2,50,0,0,3,Valentines Day,0.0,-3.0,23.417142857142856,0.9187675070028012,0.8763358778625955,100.0,71.71428571428571,64.93333333333334,1.0,-0.08472217339549527,4.276666119016055
2026-03-17,H001,Scented Candle Set,Home & Living,GlowHaus,6.0,24.99,20.97,98,2055.06,1467.06,71.39,25.52,14,0,1,3,Easter,0.0,-3.0,22.70285714285714,0.8391356542617047,0.8217084639498432,72.0,78.57142857142857,64.33333333333333,0.0,-0.17538289993303247,4.584967478670572
2026-03-18,H001,Scented Candle Set,Home & Living,GlowHaus,6.0,24.99,20.14,96,1933.44,1357.44,70.21,24.69,21,0,2,3,Easter,0.0,-3.0,21.892857142857142,0.8059223689475791,0.8157148643175375,98.0,85.57142857142857,64.23333333333333,1.0,-0.21576785755644473,4.564348191467836
2026-03-19,H001,Scented Candle Set,Home & Living,GlowHaus,6.0,24.99,21.32,92,1961.44,1409.44,71.86,26.2,32,0,3,3,Easter,0.0,-3.0,21.62285714285714,0.8531412565026011,0.8137404580152672,96.0,88.57142857142857,64.63333333333334,1.0,-0.15883014554921718,4.5217885770490405
2026-03-20,H001,Scented Candle Set,Home & Living,GlowHaus,6.0,24.99,21.27,85,1807.95,1297.95,71.79,26.56,43,0,4,3,Easter,0.0,-3.0,21.437142857142856,0.851140456182473,0.8008283132530121,92.0,89.71428571428571,64.0,1.0,-0.16117811563471515,4.442651256490317
2026-03-21,H001,Scented Candle Set,Home & Living,GlowHaus,6.0,24.99,21.55,105,2262.75,1632.75,72.16,21.91,5,1,5,3,Easter,0.0,-3.0,21.418571428571425,0.8623449379751902,0.9835691465084436,85.0,92.57142857142857,64.2,0.0,-0.14809992829710408,4.653960350157523
2026-03-22,H001,Scented Candle Set,Home & Living,GlowHaus,6.0,24.99,21.64,88,1904.32,1376.32,72.27,27.03,7,1,6,3,Easter,0.0,-3.0,21.407142857142855,0.8659463785514206,0.8005919348871624,105.0,90.85714285714286,63.8,0.0,-0.14393229086858014,4.477336814478207
2026-03-23,H001,Scented Candle Set,Home & Living,GlowHaus,6.0,24.99,22.58,80,1806.4,1326.4,73.43,25.71,24,0,0,3,Easter,0.0,-3.0,21.352857142857143,0.9035614245698279,0.8782574873590042,88.0,92.0,62.96666666666667,1.0,-0.10141118612534508,4.382026634673881
2026-03-24,H001,Scented Candle Set,Home & Living,GlowHaus,6.0,24.99,22.97,68,1561.96,1153.96,73.88,28.45,76,0,1,3,Easter,0.0,-3.0,21.638571428571428,0.9191676670668267,0.8073813708260106,80.0,87.71428571428571,62.4,1.0,-0.08428672814585413,4.219507705176107
2026-03-25,H001,Scented Candle Set,Home & Living,GlowHaus,6.0,24.99,23.08,67,1546.36,1144.36,74.0,28.24,60,0,2,3,Easter,0.0,-3.0,22.05857142857143,0.9235694277711084,0.8172804532577903,68.0,83.57142857142857,62.8,1.0,-0.07950930320696226,4.204692619390966
2026-03-26,H001,Scented Candle Set,Home & Living,GlowHaus,6.0,24.99,25.16,48,1207.68,919.68,76.15,28.32,84,0,3,3,Easter,0.0,-3.0,22.607142857142858,1.0068027210884354,0.8884180790960452,67.0,77.28571428571429,62.666666666666664,2.0,0.006779686985378769,3.871201010907891
2026-03-27,H001,Scented Candle Set,Home & Living,GlowHaus,6.0,24.99,26.58,46,1222.68,946.68,77.43,24.82,128,0,4,3,Easter,0.0,-3.0,23.365714285714287,1.063625450180072,1.070910556003223,48.0,71.71428571428571,62.46666666666667,2.0,0.06168330843823816,3.828641396489095
2026-03-28,H001,Scented Candle Set,Home & Living,GlowHaus,6.0,24.99,26.13,55,1437.15,1107.15,77.04,28.68,86,1,5,3,Easter,0.0,-3.0,24.02,1.0456182472989195,0.9110878661087866,46.0,64.57142857142857,62.833333333333336,2.0,0.04460833468566004,4.007333185232471
2026-03-29,H001,Scented Candle Set,Home & Living,GlowHaus,6.0,24.99,27.55,40,1102.0,862.0,78.22,23.52,103,1,6,3,Easter,0.0,-3.0,24.864285714285717,1.1024409763905563,1.171343537414966,55.0,57.714285714285715,62.93333333333333,2.0,0.09752679075206253,3.6888794541139363
2026-03-30,H001,Scented Candle Set,Home & Living,GlowHaus,6.0,24.99,27.97,42,1174.74,922.74,78.55,28.73,107,0,0,3,Easter,0.0,-3.0,25.634285714285713,1.1192476990796318,0.9735468151757743,40.0,52.285714285714285,63.233333333333334,2.0,0.11265676236700733,3.7376696182833684
2026-03-31,H001,Scented Candle Set,Home & Living,GlowHaus,6.0,24.99,27.66,38,1051.08,823.08,78.31,22.47,115,0,1,3,Easter,0.0,-3.0,26.304285714285715,1.106842737094838,1.2309746328437918,42.0,48.0,63.03333333333333,2.0,0.10151158138975114,3.6375861597263857
2026-04-01,H001,Scented Candle Set,Home & Living,GlowHaus,6.0,24.99,28.29,40,1131.6,891.6,78.79,22.09,135,0,2,4,Easter,0.0,-3.0,27.048571428571428,1.1320528211284515,1.2806699864191942,38.0,44.142857142857146,63.06666666666667,2.0,0.12403264046661493,3.6888794541139363
